2018-01-19 12:45:39.421 7 DEBUG oslo_service.service [-] ml2_odl.sync_timeout           = 10 log_opt_values /usr/lib/python2.7/site-packages/oslo_config/cfg.py:2887
2018-01-19 12:45:39.421 7 DEBUG oslo_service.service [-] ml2_odl.timeout                = 10 log_opt_values /usr/lib/python2.7/site-packages/oslo_config/cfg.py:2887
2018-01-19 12:45:39.421 7 DEBUG oslo_service.service [-] ml2_odl.url                    = http://192.168.11.20:8087/controller/nb/v2/neutron log_opt_values /usr/lib/python2.7/site-packages/oslo_config/cfg.py:2887
2018-01-19 12:45:39.421 7 DEBUG oslo_service.service [-] ml2_odl.username               = admin log_opt_values /usr/lib/python2.7/site-packages/oslo_config/cfg.py:2887
2018-01-19 12:45:39.422 7 DEBUG oslo_service.service [-] ml2_type_flat.flat_networks    = ['physnet1'] log_opt_values /usr/lib/python2.7/site-packages/oslo_config/cfg.py:2887
2018-01-19 12:45:39.422 7 DEBUG oslo_service.service [-] keystone_authtoken.admin_password = **** log_opt_values /usr/lib/python2.7/site-packages/oslo_config/cfg.py:2887
2018-01-19 12:45:39.422 7 DEBUG oslo_service.service [-] keystone_authtoken.admin_tenant_name = admin log_opt_values /usr/lib/python2.7/site-packages/oslo_config/cfg.py:2887
2018-01-19 12:45:39.422 7 DEBUG oslo_service.service [-] keystone_authtoken.admin_token = **** log_opt_values /usr/lib/python2.7/site-packages/oslo_config/cfg.py:2887
2018-01-19 12:45:39.422 7 DEBUG oslo_service.service [-] keystone_authtoken.admin_user  = None log_opt_values /usr/lib/python2.7/site-packages/oslo_config/cfg.py:2887
2018-01-19 12:45:39.423 7 DEBUG oslo_service.service [-] keystone_authtoken.auth_admin_prefix =  log_opt_values /usr/lib/python2.7/site-packages/oslo_config/cfg.py:2887
2018-01-19 12:45:39.423 7 DEBUG oslo_service.service [-] keystone_authtoken.auth_host   = 127.0.0.1 log_opt_values /usr/lib/python2.7/site-packages/oslo_config/cfg.py:2887
2018-01-19 12:45:39.423 7 DEBUG oslo_service.service [-] keystone_authtoken.auth_port   = 35357 log_opt_values /usr/lib/python2.7/site-packages/oslo_config/cfg.py:2887
2018-01-19 12:45:39.423 7 DEBUG oslo_service.service [-] keystone_authtoken.auth_protocol = https log_opt_values /usr/lib/python2.7/site-packages/oslo_config/cfg.py:2887
2018-01-19 12:45:39.423 7 DEBUG oslo_service.service [-] keystone_authtoken.auth_section = None log_opt_values /usr/lib/python2.7/site-packages/oslo_config/cfg.py:2887
2018-01-19 12:45:39.424 7 DEBUG oslo_service.service [-] keystone_authtoken.auth_type   = password log_opt_values /usr/lib/python2.7/site-packages/oslo_config/cfg.py:2887
2018-01-19 12:45:39.424 7 DEBUG oslo_service.service [-] keystone_authtoken.auth_uri    = http://192.168.11.20:5000 log_opt_values /usr/lib/python2.7/site-packages/oslo_config/cfg.py:2887
2018-01-19 12:45:39.424 7 DEBUG oslo_service.service [-] keystone_authtoken.auth_url    = http://192.168.11.20:35357 log_opt_values /usr/lib/python2.7/site-packages/oslo_config/cfg.py:2887
2018-01-19 12:45:39.424 7 DEBUG oslo_service.service [-] keystone_authtoken.auth_version = None log_opt_values /usr/lib/python2.7/site-packages/oslo_config/cfg.py:2887
2018-01-19 12:45:39.424 7 DEBUG oslo_service.service [-] keystone_authtoken.cache       = None log_opt_values /usr/lib/python2.7/site-packages/oslo_config/cfg.py:2887
2018-01-19 12:45:39.425 7 DEBUG oslo_service.service [-] keystone_authtoken.cafile      = None log_opt_values /usr/lib/python2.7/site-packages/oslo_config/cfg.py:2887
2018-01-19 12:45:39.425 7 DEBUG oslo_service.service [-] keystone_authtoken.certfile    = None log_opt_values /usr/lib/python2.7/site-packages/oslo_config/cfg.py:2887
2018-01-19 12:45:39.425 7 DEBUG oslo_service.service [-] keystone_authtoken.check_revocations_for_cached = False log_opt_values /usr/lib/python2.7/site-packages/oslo_config/cfg.py:2887
2018-01-19 12:45:39.425 7 DEBUG oslo_service.service [-] keystone_authtoken.default_domain_id = None log_opt_values /usr/lib/python2.7/site-packages/oslo_config/cfg.py:2887
2018-01-19 12:45:39.425 7 DEBUG oslo_service.service [-] keystone_authtoken.default_domain_name = None log_opt_values /usr/lib/python2.7/site-packages/oslo_config/cfg.py:2887
2018-01-19 12:45:39.426 7 DEBUG oslo_service.service [-] keystone_authtoken.delay_auth_decision = False log_opt_values /usr/lib/python2.7/site-packages/oslo_config/cfg.py:2887
2018-01-19 12:45:39.426 7 DEBUG oslo_service.service [-] keystone_authtoken.domain_id   = None log_opt_values /usr/lib/python2.7/site-packages/oslo_config/cfg.py:2887
2018-01-19 12:45:39.426 7 DEBUG oslo_service.service [-] keystone_authtoken.domain_name = None log_opt_values /usr/lib/python2.7/site-packages/oslo_config/cfg.py:2887
2018-01-19 12:45:39.426 7 DEBUG oslo_service.service [-] keystone_authtoken.enforce_token_bind = permissive log_opt_values /usr/lib/python2.7/site-packages/oslo_config/cfg.py:2887
2018-01-19 12:45:39.426 7 DEBUG oslo_service.service [-] keystone_authtoken.hash_algorithms = ['md5'] log_opt_values /usr/lib/python2.7/site-packages/oslo_config/cfg.py:2887
2018-01-19 12:45:39.427 7 DEBUG oslo_service.service [-] keystone_authtoken.http_connect_timeout = None log_opt_values /usr/lib/python2.7/site-packages/oslo_config/cfg.py:2887
2018-01-19 12:45:39.427 7 DEBUG oslo_service.service [-] keystone_authtoken.http_request_max_retries = 3 log_opt_values /usr/lib/python2.7/site-packages/oslo_config/cfg.py:2887
2018-01-19 12:45:39.427 7 DEBUG oslo_service.service [-] keystone_authtoken.identity_uri = None log_opt_values /usr/lib/python2.7/site-packages/oslo_config/cfg.py:2887
2018-01-19 12:45:39.427 7 DEBUG oslo_service.service [-] keystone_authtoken.include_service_catalog = True log_opt_values /usr/lib/python2.7/site-packages/oslo_config/cfg.py:2887
2018-01-19 12:45:39.427 7 DEBUG oslo_service.service [-] keystone_authtoken.insecure    = False log_opt_values /usr/lib/python2.7/site-packages/oslo_config/cfg.py:2887
2018-01-19 12:45:39.428 7 DEBUG oslo_service.service [-] keystone_authtoken.keyfile     = None log_opt_values /usr/lib/python2.7/site-packages/oslo_config/cfg.py:2887
2018-01-19 12:45:39.428 7 DEBUG oslo_service.service [-] keystone_authtoken.memcache_pool_conn_get_timeout = 10 log_opt_values /usr/lib/python2.7/site-packages/oslo_config/cfg.py:2887
2018-01-19 12:45:39.428 7 DEBUG oslo_service.service [-] keystone_authtoken.memcache_pool_dead_retry = 300 log_opt_values /usr/lib/python2.7/site-packages/oslo_config/cfg.py:2887
2018-01-19 12:45:39.428 7 DEBUG oslo_service.service [-] keystone_authtoken.memcache_pool_maxsize = 10 log_opt_values /usr/lib/python2.7/site-packages/oslo_config/cfg.py:2887
2018-01-19 12:45:39.428 7 DEBUG oslo_service.service [-] keystone_authtoken.memcache_pool_socket_timeout = 3 log_opt_values /usr/lib/python2.7/site-packages/oslo_config/cfg.py:2887
2018-01-19 12:45:39.428 7 DEBUG oslo_service.service [-] keystone_authtoken.memcache_pool_unused_timeout = 60 log_opt_values /usr/lib/python2.7/site-packages/oslo_config/cfg.py:2887
2018-01-19 12:45:39.429 7 DEBUG oslo_service.service [-] keystone_authtoken.memcache_secret_key = **** log_opt_values /usr/lib/python2.7/site-packages/oslo_config/cfg.py:2887
2018-01-19 12:45:39.429 7 DEBUG oslo_service.service [-] keystone_authtoken.memcache_security_strategy = ENCRYPT log_opt_values /usr/lib/python2.7/site-packages/oslo_config/cfg.py:2887
2018-01-19 12:45:39.429 7 DEBUG oslo_service.service [-] keystone_authtoken.memcache_use_advanced_pool = False log_opt_values /usr/lib/python2.7/site-packages/oslo_config/cfg.py:2887
2018-01-19 12:45:39.429 7 DEBUG oslo_service.service [-] keystone_authtoken.memcached_servers = ['192.168.11.10:11211', '192.168.11.12:11211', '192.168.11.14:11211'] log_opt_values /usr/lib/python2.7/site-packages/oslo_config/cfg.py:2887
2018-01-19 12:45:39.429 7 DEBUG oslo_service.service [-] keystone_authtoken.password    = **** log_opt_values /usr/lib/python2.7/site-packages/oslo_config/cfg.py:2887
2018-01-19 12:45:39.430 7 DEBUG oslo_service.service [-] keystone_authtoken.project_domain_id = default log_opt_values /usr/lib/python2.7/site-packages/oslo_config/cfg.py:2887
2018-01-19 12:45:39.430 7 DEBUG oslo_service.service [-] keystone_authtoken.project_domain_name = None log_opt_values /usr/lib/python2.7/site-packages/oslo_config/cfg.py:2887
2018-01-19 12:45:39.430 7 DEBUG oslo_service.service [-] keystone_authtoken.project_id  = None log_opt_values /usr/lib/python2.7/site-packages/oslo_config/cfg.py:2887
2018-01-19 12:45:39.430 7 DEBUG oslo_service.service [-] keystone_authtoken.project_name = service log_opt_values /usr/lib/python2.7/site-packages/oslo_config/cfg.py:2887
2018-01-19 12:45:39.430 7 DEBUG oslo_service.service [-] keystone_authtoken.region_name = None log_opt_values /usr/lib/python2.7/site-packages/oslo_config/cfg.py:2887
2018-01-19 12:45:39.431 7 DEBUG oslo_service.service [-] keystone_authtoken.revocation_cache_time = 10 log_opt_values /usr/lib/python2.7/site-packages/oslo_config/cfg.py:2887
2018-01-19 12:45:39.431 7 DEBUG oslo_service.service [-] keystone_authtoken.service_token_roles = ['service'] log_opt_values /usr/lib/python2.7/site-packages/oslo_config/cfg.py:2887
2018-01-19 12:45:39.431 7 DEBUG oslo_service.service [-] keystone_authtoken.service_token_roles_required = False log_opt_values /usr/lib/python2.7/site-packages/oslo_config/cfg.py:2887
2018-01-19 12:45:39.431 7 DEBUG oslo_service.service [-] keystone_authtoken.signing_dir = None log_opt_values /usr/lib/python2.7/site-packages/oslo_config/cfg.py:2887
2018-01-19 12:45:39.431 7 DEBUG oslo_service.service [-] keystone_authtoken.token_cache_time = 300 log_opt_values /usr/lib/python2.7/site-packages/oslo_config/cfg.py:2887
2018-01-19 12:45:39.432 7 DEBUG oslo_service.service [-] keystone_authtoken.trust_id    = None log_opt_values /usr/lib/python2.7/site-packages/oslo_config/cfg.py:2887
2018-01-19 12:45:39.432 7 DEBUG oslo_service.service [-] keystone_authtoken.user_domain_id = default log_opt_values /usr/lib/python2.7/site-packages/oslo_config/cfg.py:2887
2018-01-19 12:45:39.432 7 DEBUG oslo_service.service [-] keystone_authtoken.user_domain_name = None log_opt_values /usr/lib/python2.7/site-packages/oslo_config/cfg.py:2887
2018-01-19 12:45:39.432 7 DEBUG oslo_service.service [-] keystone_authtoken.user_id     = None log_opt_values /usr/lib/python2.7/site-packages/oslo_config/cfg.py:2887
2018-01-19 12:45:39.432 7 DEBUG oslo_service.service [-] keystone_authtoken.username    = neutron log_opt_values /usr/lib/python2.7/site-packages/oslo_config/cfg.py:2887
2018-01-19 12:45:39.433 7 DEBUG oslo_service.service [-] oslo_versionedobjects.fatal_exception_format_errors = False log_opt_values /usr/lib/python2.7/site-packages/oslo_config/cfg.py:2887
2018-01-19 12:45:39.433 7 DEBUG oslo_service.service [-] xenapi.connection_password     = **** log_opt_values /usr/lib/python2.7/site-packages/oslo_config/cfg.py:2887
2018-01-19 12:45:39.433 7 DEBUG oslo_service.service [-] xenapi.connection_url          = None log_opt_values /usr/lib/python2.7/site-packages/oslo_config/cfg.py:2887
2018-01-19 12:45:39.433 7 DEBUG oslo_service.service [-] xenapi.connection_username     = None log_opt_values /usr/lib/python2.7/site-packages/oslo_config/cfg.py:2887
2018-01-19 12:45:39.433 7 DEBUG oslo_service.service [-] ******************************************************************************** log_opt_values /usr/lib/python2.7/site-packages/oslo_config/cfg.py:2889
2018-01-19 12:45:49.279 35 DEBUG networking_odl.journal.journal [req-cc77b816-e3c9-4e22-8380-c5186abb048b - - - - -] Start processing journal entries sync_pending_entries /usr/lib/python2.7/site-packages/networking_odl/journal/journal.py:212
2018-01-19 12:45:49.303 35 DEBUG networking_odl.journal.journal [req-cc77b816-e3c9-4e22-8380-c5186abb048b - - - - -] No journal entries to process sync_pending_entries /usr/lib/python2.7/site-packages/networking_odl/journal/journal.py:216
2018-01-19 12:45:59.284 35 DEBUG networking_odl.journal.journal [req-cc77b816-e3c9-4e22-8380-c5186abb048b - - - - -] Start processing journal entries sync_pending_entries /usr/lib/python2.7/site-packages/networking_odl/journal/journal.py:212
2018-01-19 12:45:59.298 35 DEBUG networking_odl.journal.journal [req-cc77b816-e3c9-4e22-8380-c5186abb048b - - - - -] No journal entries to process sync_pending_entries /usr/lib/python2.7/site-packages/networking_odl/journal/journal.py:216
2018-01-19 12:46:08.654 7 INFO networking_odl.journal.periodic_task [req-ca9ac908-400f-4cdf-9ba2-c7728ada9027 - - - - -] Starting maintenance periodic task.
2018-01-19 12:46:08.680 7 INFO networking_odl.journal.periodic_task [req-ca9ac908-400f-4cdf-9ba2-c7728ada9027 - - - - -] Periodic maintenance task executed after periodic interval Skipping execution.
2018-01-19 12:46:09.286 35 DEBUG networking_odl.journal.journal [req-cc77b816-e3c9-4e22-8380-c5186abb048b - - - - -] Start processing journal entries sync_pending_entries /usr/lib/python2.7/site-packages/networking_odl/journal/journal.py:212
2018-01-19 12:46:09.295 36 INFO networking_odl.journal.periodic_task [req-628b33e2-f6b3-48b9-b16a-64dfb06722c7 - - - - -] Starting hostconfig periodic task.
2018-01-19 12:46:09.307 36 INFO networking_odl.journal.periodic_task [req-628b33e2-f6b3-48b9-b16a-64dfb06722c7 - - - - -] Periodic hostconfig task executed after periodic interval Skipping execution.
2018-01-19 12:46:09.309 35 DEBUG networking_odl.journal.journal [req-cc77b816-e3c9-4e22-8380-c5186abb048b - - - - -] No journal entries to process sync_pending_entries /usr/lib/python2.7/site-packages/networking_odl/journal/journal.py:216
2018-01-19 12:46:09.381 34 DEBUG networking_odl.common.client [-] Sending METHOD (post) URL (http://192.168.11.20:8087/restconf/operations/sal-remote:create-data-change-event-subscription) JSON ({
  "input": {
    "path": "/neutron:neutron/neutron:ports", 
    "sal-remote-augment:notification-output-type": "JSON", 
    "sal-remote-augment:datastore": "OPERATIONAL", 
    "sal-remote-augment:scope": "SUBTREE"
  }
}) request /usr/lib/python2.7/site-packages/networking_odl/common/client.py:89
2018-01-19 12:46:09.402 34 DEBUG networking_odl.common.client [-] Got response:
({"output":{"stream-name":"data-change-event-subscription/neutron:neutron/neutron:ports/datastore=OPERATIONAL/scope=SUBTREE"}}) _check_response /usr/lib/python2.7/site-packages/networking_odl/common/client.py:143
2018-01-19 12:46:09.402 34 DEBUG networking_odl.common.client [-] Sending METHOD (get) URL (http://192.168.11.20:8087/restconf/streams/stream/data-change-event-subscription/neutron:neutron/neutron:ports/datastore=OPERATIONAL/scope=SUBTREE?odl-leaf-nodes-only=true) JSON (None) request /usr/lib/python2.7/site-packages/networking_odl/common/client.py:89
2018-01-19 12:46:09.409 34 DEBUG networking_odl.common.websocket_client [-] websocket stream URL: ws://192.168.11.20:8185/data-change-event-subscription/neutron:neutron/neutron:ports/datastore=OPERATIONAL/scope=SUBTREE _subscribe_websocket /usr/lib/python2.7/site-packages/networking_odl/common/websocket_client.py:210
2018-01-19 12:46:09.412 34 ERROR networking_odl.common.websocket_client [-] webSocket bad status exception: WebSocketBadStatusException: Handshake status 500
2018-01-19 12:46:09.412 34 ERROR networking_odl.common.websocket_client Traceback (most recent call last):
2018-01-19 12:46:09.412 34 ERROR networking_odl.common.websocket_client   File "/usr/lib/python2.7/site-packages/networking_odl/common/websocket_client.py", line 238, in _socket_create_connection
2018-01-19 12:46:09.412 34 ERROR networking_odl.common.websocket_client     timeout=self.timeout)
2018-01-19 12:46:09.412 34 ERROR networking_odl.common.websocket_client   File "/usr/lib/python2.7/site-packages/websocket/_core.py", line 104, in create_connection
2018-01-19 12:46:09.412 34 ERROR networking_odl.common.websocket_client     websock.connect(url, **options)
2018-01-19 12:46:09.412 34 ERROR networking_odl.common.websocket_client   File "/usr/lib/python2.7/site-packages/websocket/_core.py", line 269, in connect
2018-01-19 12:46:09.412 34 ERROR networking_odl.common.websocket_client     self.handshake_response = handshake(self.sock, *addrs, **options)
2018-01-19 12:46:09.412 34 ERROR networking_odl.common.websocket_client   File "/usr/lib/python2.7/site-packages/websocket/_handshake.py", line 67, in handshake
2018-01-19 12:46:09.412 34 ERROR networking_odl.common.websocket_client     status, resp = _get_resp_headers(sock)
2018-01-19 12:46:09.412 34 ERROR networking_odl.common.websocket_client   File "/usr/lib/python2.7/site-packages/websocket/_handshake.py", line 123, in _get_resp_headers
2018-01-19 12:46:09.412 34 ERROR networking_odl.common.websocket_client     raise WebSocketBadStatusException("Handshake status %d", status)
2018-01-19 12:46:09.412 34 ERROR networking_odl.common.websocket_client WebSocketBadStatusException: Handshake status 500
2018-01-19 12:46:09.412 34 ERROR networking_odl.common.websocket_client 
2018-01-19 12:46:18.327 37 DEBUG neutron.db.agents_db [req-450c3084-a711-46fb-aa18-1951d04e82eb - - - - -] Agent healthcheck: found 11 active agents agent_health_check /usr/lib/python2.7/site-packages/neutron/db/agents_db.py:281
2018-01-19 12:46:19.296 35 DEBUG networking_odl.journal.journal [req-cc77b816-e3c9-4e22-8380-c5186abb048b - - - - -] Start processing journal entries sync_pending_entries /usr/lib/python2.7/site-packages/networking_odl/journal/journal.py:212
2018-01-19 12:46:19.313 35 DEBUG networking_odl.journal.journal [req-cc77b816-e3c9-4e22-8380-c5186abb048b - - - - -] No journal entries to process sync_pending_entries /usr/lib/python2.7/site-packages/networking_odl/journal/journal.py:216
2018-01-19 12:46:29.306 35 DEBUG networking_odl.journal.journal [req-cc77b816-e3c9-4e22-8380-c5186abb048b - - - - -] Start processing journal entries sync_pending_entries /usr/lib/python2.7/site-packages/networking_odl/journal/journal.py:212
2018-01-19 12:46:29.319 35 DEBUG networking_odl.journal.journal [req-cc77b816-e3c9-4e22-8380-c5186abb048b - - - - -] No journal entries to process sync_pending_entries /usr/lib/python2.7/site-packages/networking_odl/journal/journal.py:216
2018-01-19 12:46:38.651 7 INFO networking_odl.journal.periodic_task [req-ca9ac908-400f-4cdf-9ba2-c7728ada9027 - - - - -] Starting maintenance periodic task.
2018-01-19 12:46:38.663 7 INFO networking_odl.journal.periodic_task [req-ca9ac908-400f-4cdf-9ba2-c7728ada9027 - - - - -] Periodic maintenance task executed after periodic interval Skipping execution.
2018-01-19 12:46:39.309 35 DEBUG networking_odl.journal.journal [req-cc77b816-e3c9-4e22-8380-c5186abb048b - - - - -] Start processing journal entries sync_pending_entries /usr/lib/python2.7/site-packages/networking_odl/journal/journal.py:212
2018-01-19 12:46:39.321 35 DEBUG networking_odl.journal.journal [req-cc77b816-e3c9-4e22-8380-c5186abb048b - - - - -] No journal entries to process sync_pending_entries /usr/lib/python2.7/site-packages/networking_odl/journal/journal.py:216
2018-01-19 12:46:39.327 36 INFO networking_odl.journal.periodic_task [req-628b33e2-f6b3-48b9-b16a-64dfb06722c7 - - - - -] Starting hostconfig periodic task.
2018-01-19 12:46:39.334 36 INFO networking_odl.journal.periodic_task [req-628b33e2-f6b3-48b9-b16a-64dfb06722c7 - - - - -] Periodic hostconfig task executed after periodic interval Skipping execution.
2018-01-19 12:46:39.425 34 DEBUG networking_odl.common.client [-] Sending METHOD (post) URL (http://192.168.11.20:8087/restconf/operations/sal-remote:create-data-change-event-subscription) JSON ({
  "input": {
    "path": "/neutron:neutron/neutron:ports", 
    "sal-remote-augment:notification-output-type": "JSON", 
    "sal-remote-augment:datastore": "OPERATIONAL", 
    "sal-remote-augment:scope": "SUBTREE"
  }
}) request /usr/lib/python2.7/site-packages/networking_odl/common/client.py:89
2018-01-19 12:46:39.448 34 DEBUG networking_odl.common.client [-] Got response:
({"output":{"stream-name":"data-change-event-subscription/neutron:neutron/neutron:ports/datastore=OPERATIONAL/scope=SUBTREE"}}) _check_response /usr/lib/python2.7/site-packages/networking_odl/common/client.py:143
2018-01-19 12:46:39.449 34 DEBUG networking_odl.common.client [-] Sending METHOD (get) URL (http://192.168.11.20:8087/restconf/streams/stream/data-change-event-subscription/neutron:neutron/neutron:ports/datastore=OPERATIONAL/scope=SUBTREE?odl-leaf-nodes-only=true) JSON (None) request /usr/lib/python2.7/site-packages/networking_odl/common/client.py:89
2018-01-19 12:46:39.459 34 DEBUG networking_odl.common.websocket_client [-] websocket stream URL: ws://192.168.11.20:8185/data-change-event-subscription/neutron:neutron/neutron:ports/datastore=OPERATIONAL/scope=SUBTREE _subscribe_websocket /usr/lib/python2.7/site-packages/networking_odl/common/websocket_client.py:210
2018-01-19 12:46:39.492 34 ERROR networking_odl.common.websocket_client [-] webSocket bad status exception: WebSocketBadStatusException: Handshake status 500
2018-01-19 12:46:39.492 34 ERROR networking_odl.common.websocket_client Traceback (most recent call last):
2018-01-19 12:46:39.492 34 ERROR networking_odl.common.websocket_client   File "/usr/lib/python2.7/site-packages/networking_odl/common/websocket_client.py", line 238, in _socket_create_connection
2018-01-19 12:46:39.492 34 ERROR networking_odl.common.websocket_client     timeout=self.timeout)
2018-01-19 12:46:39.492 34 ERROR networking_odl.common.websocket_client   File "/usr/lib/python2.7/site-packages/websocket/_core.py", line 104, in create_connection
2018-01-19 12:46:39.492 34 ERROR networking_odl.common.websocket_client     websock.connect(url, **options)
2018-01-19 12:46:39.492 34 ERROR networking_odl.common.websocket_client   File "/usr/lib/python2.7/site-packages/websocket/_core.py", line 269, in connect
2018-01-19 12:46:39.492 34 ERROR networking_odl.common.websocket_client     self.handshake_response = handshake(self.sock, *addrs, **options)
2018-01-19 12:46:39.492 34 ERROR networking_odl.common.websocket_client   File "/usr/lib/python2.7/site-packages/websocket/_handshake.py", line 67, in handshake
2018-01-19 12:46:39.492 34 ERROR networking_odl.common.websocket_client     status, resp = _get_resp_headers(sock)
2018-01-19 12:46:39.492 34 ERROR networking_odl.common.websocket_client   File "/usr/lib/python2.7/site-packages/websocket/_handshake.py", line 123, in _get_resp_headers
2018-01-19 12:46:39.492 34 ERROR networking_odl.common.websocket_client     raise WebSocketBadStatusException("Handshake status %d", status)
2018-01-19 12:46:39.492 34 ERROR networking_odl.common.websocket_client WebSocketBadStatusException: Handshake status 500
2018-01-19 12:46:39.492 34 ERROR networking_odl.common.websocket_client 
2018-01-19 12:46:41.213 32 DEBUG neutron_lib.callbacks.manager [req-c4fddd61-bcfd-4181-b1fb-3092fcddb97f - - - - -] Notify callbacks ['neutron.services.segments.db._update_segment_host_mapping_for_agent--9223372036848914405'] for agent, after_update _notify_loop /usr/lib/python2.7/site-packages/neutron_lib/callbacks/manager.py:167
2018-01-19 12:46:41.597 33 DEBUG neutron_lib.callbacks.manager [req-3fd455ba-fc1d-418f-9cb6-a5b712ed0345 - - - - -] Notify callbacks ['neutron.services.segments.db._update_segment_host_mapping_for_agent--9223372036848914405'] for agent, after_update _notify_loop /usr/lib/python2.7/site-packages/neutron_lib/callbacks/manager.py:167
2018-01-19 12:46:42.105 31 DEBUG neutron_lib.callbacks.manager [req-de62ecae-3b51-41c4-9be2-7638b917c0b0 - - - - -] Notify callbacks ['neutron.services.segments.db._update_segment_host_mapping_for_agent--9223372036848914405'] for agent, after_update _notify_loop /usr/lib/python2.7/site-packages/neutron_lib/callbacks/manager.py:167
2018-01-19 12:46:45.438 28 DEBUG neutron_lib.callbacks.manager [req-b7b23549-7e03-4758-ab7b-33147a9d2991 - - - - -] Notify callbacks ['neutron.services.segments.db._update_segment_host_mapping_for_agent--9223372036848914405'] for agent, after_update _notify_loop /usr/lib/python2.7/site-packages/neutron_lib/callbacks/manager.py:167
2018-01-19 12:46:45.971 30 DEBUG neutron_lib.callbacks.manager [req-7ec4d5a6-04d9-4430-999e-52726b00711c - - - - -] Notify callbacks ['neutron.services.segments.db._update_segment_host_mapping_for_agent--9223372036848914405'] for agent, after_update _notify_loop /usr/lib/python2.7/site-packages/neutron_lib/callbacks/manager.py:167
2018-01-19 12:46:46.319 29 DEBUG neutron_lib.callbacks.manager [req-5f7a02ef-b520-4ae3-8fcf-0e11e8af659d - - - - -] Notify callbacks ['neutron.services.segments.db._update_segment_host_mapping_for_agent--9223372036848914405'] for agent, after_update _notify_loop /usr/lib/python2.7/site-packages/neutron_lib/callbacks/manager.py:167
2018-01-19 12:46:49.319 35 DEBUG networking_odl.journal.journal [req-cc77b816-e3c9-4e22-8380-c5186abb048b - - - - -] Start processing journal entries sync_pending_entries /usr/lib/python2.7/site-packages/networking_odl/journal/journal.py:212
2018-01-19 12:46:49.343 35 DEBUG networking_odl.journal.journal [req-cc77b816-e3c9-4e22-8380-c5186abb048b - - - - -] No journal entries to process sync_pending_entries /usr/lib/python2.7/site-packages/networking_odl/journal/journal.py:216
2018-01-19 12:46:55.328 37 DEBUG neutron.db.agents_db [req-450c3084-a711-46fb-aa18-1951d04e82eb - - - - -] Agent healthcheck: found 11 active agents agent_health_check /usr/lib/python2.7/site-packages/neutron/db/agents_db.py:281
2018-01-19 12:46:59.320 35 DEBUG networking_odl.journal.journal [req-cc77b816-e3c9-4e22-8380-c5186abb048b - - - - -] Start processing journal entries sync_pending_entries /usr/lib/python2.7/site-packages/networking_odl/journal/journal.py:212
2018-01-19 12:46:59.341 35 DEBUG networking_odl.journal.journal [req-cc77b816-e3c9-4e22-8380-c5186abb048b - - - - -] No journal entries to process sync_pending_entries /usr/lib/python2.7/site-packages/networking_odl/journal/journal.py:216
2018-01-19 12:47:08.654 7 INFO networking_odl.journal.periodic_task [req-ca9ac908-400f-4cdf-9ba2-c7728ada9027 - - - - -] Starting maintenance periodic task.
2018-01-19 12:47:08.665 7 INFO networking_odl.journal.periodic_task [req-ca9ac908-400f-4cdf-9ba2-c7728ada9027 - - - - -] Periodic maintenance task executed after periodic interval Skipping execution.
2018-01-19 12:47:09.330 35 DEBUG networking_odl.journal.journal [req-cc77b816-e3c9-4e22-8380-c5186abb048b - - - - -] Start processing journal entries sync_pending_entries /usr/lib/python2.7/site-packages/networking_odl/journal/journal.py:212
2018-01-19 12:47:09.346 36 INFO networking_odl.journal.periodic_task [req-628b33e2-f6b3-48b9-b16a-64dfb06722c7 - - - - -] Starting hostconfig periodic task.
2018-01-19 12:47:09.348 35 DEBUG networking_odl.journal.journal [req-cc77b816-e3c9-4e22-8380-c5186abb048b - - - - -] No journal entries to process sync_pending_entries /usr/lib/python2.7/site-packages/networking_odl/journal/journal.py:216
2018-01-19 12:47:09.354 36 INFO networking_odl.journal.periodic_task [req-628b33e2-f6b3-48b9-b16a-64dfb06722c7 - - - - -] Periodic hostconfig task executed after periodic interval Skipping execution.
2018-01-19 12:47:09.513 34 DEBUG networking_odl.common.client [-] Sending METHOD (post) URL (http://192.168.11.20:8087/restconf/operations/sal-remote:create-data-change-event-subscription) JSON ({
  "input": {
    "path": "/neutron:neutron/neutron:ports", 
    "sal-remote-augment:notification-output-type": "JSON", 
    "sal-remote-augment:datastore": "OPERATIONAL", 
    "sal-remote-augment:scope": "SUBTREE"
  }
}) request /usr/lib/python2.7/site-packages/networking_odl/common/client.py:89
2018-01-19 12:47:09.536 34 DEBUG networking_odl.common.client [-] Got response:
({"output":{"stream-name":"data-change-event-subscription/neutron:neutron/neutron:ports/datastore=OPERATIONAL/scope=SUBTREE"}}) _check_response /usr/lib/python2.7/site-packages/networking_odl/common/client.py:143
2018-01-19 12:47:09.536 34 DEBUG networking_odl.common.client [-] Sending METHOD (get) URL (http://192.168.11.20:8087/restconf/streams/stream/data-change-event-subscription/neutron:neutron/neutron:ports/datastore=OPERATIONAL/scope=SUBTREE?odl-leaf-nodes-only=true) JSON (None) request /usr/lib/python2.7/site-packages/networking_odl/common/client.py:89
2018-01-19 12:47:09.547 34 DEBUG networking_odl.common.websocket_client [-] websocket stream URL: ws://192.168.11.20:8185/data-change-event-subscription/neutron:neutron/neutron:ports/datastore=OPERATIONAL/scope=SUBTREE _subscribe_websocket /usr/lib/python2.7/site-packages/networking_odl/common/websocket_client.py:210
2018-01-19 12:47:09.551 34 ERROR networking_odl.common.websocket_client [-] webSocket bad status exception: WebSocketBadStatusException: Handshake status 500
2018-01-19 12:47:09.551 34 ERROR networking_odl.common.websocket_client Traceback (most recent call last):
2018-01-19 12:47:09.551 34 ERROR networking_odl.common.websocket_client   File "/usr/lib/python2.7/site-packages/networking_odl/common/websocket_client.py", line 238, in _socket_create_connection
2018-01-19 12:47:09.551 34 ERROR networking_odl.common.websocket_client     timeout=self.timeout)
2018-01-19 12:47:09.551 34 ERROR networking_odl.common.websocket_client   File "/usr/lib/python2.7/site-packages/websocket/_core.py", line 104, in create_connection
2018-01-19 12:47:09.551 34 ERROR networking_odl.common.websocket_client     websock.connect(url, **options)
2018-01-19 12:47:09.551 34 ERROR networking_odl.common.websocket_client   File "/usr/lib/python2.7/site-packages/websocket/_core.py", line 269, in connect
2018-01-19 12:47:09.551 34 ERROR networking_odl.common.websocket_client     self.handshake_response = handshake(self.sock, *addrs, **options)
2018-01-19 12:47:09.551 34 ERROR networking_odl.common.websocket_client   File "/usr/lib/python2.7/site-packages/websocket/_handshake.py", line 67, in handshake
2018-01-19 12:47:09.551 34 ERROR networking_odl.common.websocket_client     status, resp = _get_resp_headers(sock)
2018-01-19 12:47:09.551 34 ERROR networking_odl.common.websocket_client   File "/usr/lib/python2.7/site-packages/websocket/_handshake.py", line 123, in _get_resp_headers
2018-01-19 12:47:09.551 34 ERROR networking_odl.common.websocket_client     raise WebSocketBadStatusException("Handshake status %d", status)
2018-01-19 12:47:09.551 34 ERROR networking_odl.common.websocket_client WebSocketBadStatusException: Handshake status 500
2018-01-19 12:47:09.551 34 ERROR networking_odl.common.websocket_client 
2018-01-19 12:47:19.339 35 DEBUG networking_odl.journal.journal [req-cc77b816-e3c9-4e22-8380-c5186abb048b - - - - -] Start processing journal entries sync_pending_entries /usr/lib/python2.7/site-packages/networking_odl/journal/journal.py:212
2018-01-19 12:47:19.352 35 DEBUG networking_odl.journal.journal [req-cc77b816-e3c9-4e22-8380-c5186abb048b - - - - -] No journal entries to process sync_pending_entries /usr/lib/python2.7/site-packages/networking_odl/journal/journal.py:216
2018-01-19 12:47:29.349 35 DEBUG networking_odl.journal.journal [req-cc77b816-e3c9-4e22-8380-c5186abb048b - - - - -] Start processing journal entries sync_pending_entries /usr/lib/python2.7/site-packages/networking_odl/journal/journal.py:212
2018-01-19 12:47:29.452 35 DEBUG networking_odl.journal.journal [req-cc77b816-e3c9-4e22-8380-c5186abb048b - - - - -] No journal entries to process sync_pending_entries /usr/lib/python2.7/site-packages/networking_odl/journal/journal.py:216
2018-01-19 12:47:32.363 37 DEBUG neutron.db.agents_db [req-450c3084-a711-46fb-aa18-1951d04e82eb - - - - -] Agent healthcheck: found 11 active agents agent_health_check /usr/lib/python2.7/site-packages/neutron/db/agents_db.py:281
2018-01-19 12:47:38.656 7 INFO networking_odl.journal.periodic_task [req-ca9ac908-400f-4cdf-9ba2-c7728ada9027 - - - - -] Starting maintenance periodic task.
2018-01-19 12:47:38.666 7 INFO networking_odl.journal.periodic_task [req-ca9ac908-400f-4cdf-9ba2-c7728ada9027 - - - - -] Periodic maintenance task executed after periodic interval Skipping execution.
2018-01-19 12:47:39.358 35 DEBUG networking_odl.journal.journal [req-cc77b816-e3c9-4e22-8380-c5186abb048b - - - - -] Start processing journal entries sync_pending_entries /usr/lib/python2.7/site-packages/networking_odl/journal/journal.py:212
2018-01-19 12:47:39.371 36 INFO networking_odl.journal.periodic_task [req-628b33e2-f6b3-48b9-b16a-64dfb06722c7 - - - - -] Starting hostconfig periodic task.
2018-01-19 12:47:39.493 36 INFO networking_odl.journal.periodic_task [req-628b33e2-f6b3-48b9-b16a-64dfb06722c7 - - - - -] Periodic hostconfig task executed after periodic interval Skipping execution.
2018-01-19 12:47:39.500 35 DEBUG networking_odl.journal.journal [req-cc77b816-e3c9-4e22-8380-c5186abb048b - - - - -] No journal entries to process sync_pending_entries /usr/lib/python2.7/site-packages/networking_odl/journal/journal.py:216
2018-01-19 12:47:39.571 34 DEBUG networking_odl.common.client [-] Sending METHOD (post) URL (http://192.168.11.20:8087/restconf/operations/sal-remote:create-data-change-event-subscription) JSON ({
  "input": {
    "path": "/neutron:neutron/neutron:ports", 
    "sal-remote-augment:notification-output-type": "JSON", 
    "sal-remote-augment:datastore": "OPERATIONAL", 
    "sal-remote-augment:scope": "SUBTREE"
  }
}) request /usr/lib/python2.7/site-packages/networking_odl/common/client.py:89
2018-01-19 12:47:39.668 34 DEBUG networking_odl.common.client [-] Got response:
({"output":{"stream-name":"data-change-event-subscription/neutron:neutron/neutron:ports/datastore=OPERATIONAL/scope=SUBTREE"}}) _check_response /usr/lib/python2.7/site-packages/networking_odl/common/client.py:143
2018-01-19 12:47:40.255 34 DEBUG networking_odl.common.client [-] Sending METHOD (get) URL (http://192.168.11.20:8087/restconf/streams/stream/data-change-event-subscription/neutron:neutron/neutron:ports/datastore=OPERATIONAL/scope=SUBTREE?odl-leaf-nodes-only=true) JSON (None) request /usr/lib/python2.7/site-packages/networking_odl/common/client.py:89
2018-01-19 12:47:40.267 34 DEBUG networking_odl.common.websocket_client [-] websocket stream URL: ws://192.168.11.20:8185/data-change-event-subscription/neutron:neutron/neutron:ports/datastore=OPERATIONAL/scope=SUBTREE _subscribe_websocket /usr/lib/python2.7/site-packages/networking_odl/common/websocket_client.py:210
2018-01-19 12:47:40.271 34 ERROR networking_odl.common.websocket_client [-] webSocket bad status exception: WebSocketBadStatusException: Handshake status 500
2018-01-19 12:47:40.271 34 ERROR networking_odl.common.websocket_client Traceback (most recent call last):
2018-01-19 12:47:40.271 34 ERROR networking_odl.common.websocket_client   File "/usr/lib/python2.7/site-packages/networking_odl/common/websocket_client.py", line 238, in _socket_create_connection
2018-01-19 12:47:40.271 34 ERROR networking_odl.common.websocket_client     timeout=self.timeout)
2018-01-19 12:47:40.271 34 ERROR networking_odl.common.websocket_client   File "/usr/lib/python2.7/site-packages/websocket/_core.py", line 104, in create_connection
2018-01-19 12:47:40.271 34 ERROR networking_odl.common.websocket_client     websock.connect(url, **options)
2018-01-19 12:47:40.271 34 ERROR networking_odl.common.websocket_client   File "/usr/lib/python2.7/site-packages/websocket/_core.py", line 269, in connect
2018-01-19 12:47:40.271 34 ERROR networking_odl.common.websocket_client     self.handshake_response = handshake(self.sock, *addrs, **options)
2018-01-19 12:47:40.271 34 ERROR networking_odl.common.websocket_client   File "/usr/lib/python2.7/site-packages/websocket/_handshake.py", line 67, in handshake
2018-01-19 12:47:40.271 34 ERROR networking_odl.common.websocket_client     status, resp = _get_resp_headers(sock)
2018-01-19 12:47:40.271 34 ERROR networking_odl.common.websocket_client   File "/usr/lib/python2.7/site-packages/websocket/_handshake.py", line 123, in _get_resp_headers
2018-01-19 12:47:40.271 34 ERROR networking_odl.common.websocket_client     raise WebSocketBadStatusException("Handshake status %d", status)
2018-01-19 12:47:40.271 34 ERROR networking_odl.common.websocket_client WebSocketBadStatusException: Handshake status 500
2018-01-19 12:47:40.271 34 ERROR networking_odl.common.websocket_client 
2018-01-19 12:47:49.368 35 DEBUG networking_odl.journal.journal [req-cc77b816-e3c9-4e22-8380-c5186abb048b - - - - -] Start processing journal entries sync_pending_entries /usr/lib/python2.7/site-packages/networking_odl/journal/journal.py:212
2018-01-19 12:47:49.391 35 DEBUG networking_odl.journal.journal [req-cc77b816-e3c9-4e22-8380-c5186abb048b - - - - -] No journal entries to process sync_pending_entries /usr/lib/python2.7/site-packages/networking_odl/journal/journal.py:216
2018-01-19 12:47:59.378 35 DEBUG networking_odl.journal.journal [req-cc77b816-e3c9-4e22-8380-c5186abb048b - - - - -] Start processing journal entries sync_pending_entries /usr/lib/python2.7/site-packages/networking_odl/journal/journal.py:212
2018-01-19 12:47:59.390 35 DEBUG networking_odl.journal.journal [req-cc77b816-e3c9-4e22-8380-c5186abb048b - - - - -] No journal entries to process sync_pending_entries /usr/lib/python2.7/site-packages/networking_odl/journal/journal.py:216
2018-01-19 12:48:08.654 7 INFO networking_odl.journal.periodic_task [req-ca9ac908-400f-4cdf-9ba2-c7728ada9027 - - - - -] Starting maintenance periodic task.
2018-01-19 12:48:08.663 7 INFO networking_odl.journal.periodic_task [req-ca9ac908-400f-4cdf-9ba2-c7728ada9027 - - - - -] Periodic maintenance task executed after periodic interval Skipping execution.
2018-01-19 12:48:09.369 37 DEBUG neutron.db.agents_db [req-450c3084-a711-46fb-aa18-1951d04e82eb - - - - -] Agent healthcheck: found 11 active agents agent_health_check /usr/lib/python2.7/site-packages/neutron/db/agents_db.py:281
2018-01-19 12:48:09.376 36 INFO networking_odl.journal.periodic_task [req-628b33e2-f6b3-48b9-b16a-64dfb06722c7 - - - - -] Starting hostconfig periodic task.
2018-01-19 12:48:09.387 36 INFO networking_odl.journal.periodic_task [req-628b33e2-f6b3-48b9-b16a-64dfb06722c7 - - - - -] Periodic hostconfig task executed after periodic interval Skipping execution.
2018-01-19 12:48:09.387 35 DEBUG networking_odl.journal.journal [req-cc77b816-e3c9-4e22-8380-c5186abb048b - - - - -] Start processing journal entries sync_pending_entries /usr/lib/python2.7/site-packages/networking_odl/journal/journal.py:212
2018-01-19 12:48:09.404 35 DEBUG networking_odl.journal.journal [req-cc77b816-e3c9-4e22-8380-c5186abb048b - - - - -] No journal entries to process sync_pending_entries /usr/lib/python2.7/site-packages/networking_odl/journal/journal.py:216
2018-01-19 12:48:10.273 34 DEBUG networking_odl.common.client [-] Sending METHOD (post) URL (http://192.168.11.20:8087/restconf/operations/sal-remote:create-data-change-event-subscription) JSON ({
  "input": {
    "path": "/neutron:neutron/neutron:ports", 
    "sal-remote-augment:notification-output-type": "JSON", 
    "sal-remote-augment:datastore": "OPERATIONAL", 
    "sal-remote-augment:scope": "SUBTREE"
  }
}) request /usr/lib/python2.7/site-packages/networking_odl/common/client.py:89
2018-01-19 12:48:10.294 34 DEBUG networking_odl.common.client [-] Got response:
({"output":{"stream-name":"data-change-event-subscription/neutron:neutron/neutron:ports/datastore=OPERATIONAL/scope=SUBTREE"}}) _check_response /usr/lib/python2.7/site-packages/networking_odl/common/client.py:143
2018-01-19 12:48:10.295 34 DEBUG networking_odl.common.client [-] Sending METHOD (get) URL (http://192.168.11.20:8087/restconf/streams/stream/data-change-event-subscription/neutron:neutron/neutron:ports/datastore=OPERATIONAL/scope=SUBTREE?odl-leaf-nodes-only=true) JSON (None) request /usr/lib/python2.7/site-packages/networking_odl/common/client.py:89
2018-01-19 12:48:10.306 34 DEBUG networking_odl.common.websocket_client [-] websocket stream URL: ws://192.168.11.20:8185/data-change-event-subscription/neutron:neutron/neutron:ports/datastore=OPERATIONAL/scope=SUBTREE _subscribe_websocket /usr/lib/python2.7/site-packages/networking_odl/common/websocket_client.py:210
2018-01-19 12:48:10.313 34 ERROR networking_odl.common.websocket_client [-] webSocket bad status exception: WebSocketBadStatusException: Handshake status 500
2018-01-19 12:48:10.313 34 ERROR networking_odl.common.websocket_client Traceback (most recent call last):
2018-01-19 12:48:10.313 34 ERROR networking_odl.common.websocket_client   File "/usr/lib/python2.7/site-packages/networking_odl/common/websocket_client.py", line 238, in _socket_create_connection
2018-01-19 12:48:10.313 34 ERROR networking_odl.common.websocket_client     timeout=self.timeout)
2018-01-19 12:48:10.313 34 ERROR networking_odl.common.websocket_client   File "/usr/lib/python2.7/site-packages/websocket/_core.py", line 104, in create_connection
2018-01-19 12:48:10.313 34 ERROR networking_odl.common.websocket_client     websock.connect(url, **options)
2018-01-19 12:48:10.313 34 ERROR networking_odl.common.websocket_client   File "/usr/lib/python2.7/site-packages/websocket/_core.py", line 269, in connect
2018-01-19 12:48:10.313 34 ERROR networking_odl.common.websocket_client     self.handshake_response = handshake(self.sock, *addrs, **options)
2018-01-19 12:48:10.313 34 ERROR networking_odl.common.websocket_client   File "/usr/lib/python2.7/site-packages/websocket/_handshake.py", line 67, in handshake
2018-01-19 12:48:10.313 34 ERROR networking_odl.common.websocket_client     status, resp = _get_resp_headers(sock)
2018-01-19 12:48:10.313 34 ERROR networking_odl.common.websocket_client   File "/usr/lib/python2.7/site-packages/websocket/_handshake.py", line 123, in _get_resp_headers
2018-01-19 12:48:10.313 34 ERROR networking_odl.common.websocket_client     raise WebSocketBadStatusException("Handshake status %d", status)
2018-01-19 12:48:10.313 34 ERROR networking_odl.common.websocket_client WebSocketBadStatusException: Handshake status 500
2018-01-19 12:48:10.313 34 ERROR networking_odl.common.websocket_client 
2018-01-19 12:48:11.041 32 DEBUG neutron_lib.callbacks.manager [req-02d3ad2a-b9d7-4947-a0ab-b5133911f6db - - - - -] Notify callbacks ['neutron.services.segments.db._update_segment_host_mapping_for_agent--9223372036848914405'] for agent, after_update _notify_loop /usr/lib/python2.7/site-packages/neutron_lib/callbacks/manager.py:167
2018-01-19 12:48:11.569 33 DEBUG neutron_lib.callbacks.manager [req-370c014b-df0e-44c3-a635-fb9b81e062c8 - - - - -] Notify callbacks ['neutron.services.segments.db._update_segment_host_mapping_for_agent--9223372036848914405'] for agent, after_update _notify_loop /usr/lib/python2.7/site-packages/neutron_lib/callbacks/manager.py:167
2018-01-19 12:48:12.073 31 DEBUG neutron_lib.callbacks.manager [req-9fc305f9-b8bd-489b-9262-b547d51998c4 - - - - -] Notify callbacks ['neutron.services.segments.db._update_segment_host_mapping_for_agent--9223372036848914405'] for agent, after_update _notify_loop /usr/lib/python2.7/site-packages/neutron_lib/callbacks/manager.py:167
2018-01-19 12:48:15.428 28 DEBUG neutron_lib.callbacks.manager [req-b7b23549-7e03-4758-ab7b-33147a9d2991 - - - - -] Notify callbacks ['neutron.services.segments.db._update_segment_host_mapping_for_agent--9223372036848914405'] for agent, after_update _notify_loop /usr/lib/python2.7/site-packages/neutron_lib/callbacks/manager.py:167
2018-01-19 12:48:15.875 30 DEBUG neutron_lib.callbacks.manager [req-7ec4d5a6-04d9-4430-999e-52726b00711c - - - - -] Notify callbacks ['neutron.services.segments.db._update_segment_host_mapping_for_agent--9223372036848914405'] for agent, after_update _notify_loop /usr/lib/python2.7/site-packages/neutron_lib/callbacks/manager.py:167
2018-01-19 12:48:16.296 29 DEBUG neutron_lib.callbacks.manager [req-5f7a02ef-b520-4ae3-8fcf-0e11e8af659d - - - - -] Notify callbacks ['neutron.services.segments.db._update_segment_host_mapping_for_agent--9223372036848914405'] for agent, after_update _notify_loop /usr/lib/python2.7/site-packages/neutron_lib/callbacks/manager.py:167
2018-01-19 12:48:19.393 35 DEBUG networking_odl.journal.journal [req-cc77b816-e3c9-4e22-8380-c5186abb048b - - - - -] Start processing journal entries sync_pending_entries /usr/lib/python2.7/site-packages/networking_odl/journal/journal.py:212
2018-01-19 12:48:19.406 35 DEBUG networking_odl.journal.journal [req-cc77b816-e3c9-4e22-8380-c5186abb048b - - - - -] No journal entries to process sync_pending_entries /usr/lib/python2.7/site-packages/networking_odl/journal/journal.py:216
2018-01-19 12:48:29.395 35 DEBUG networking_odl.journal.journal [req-cc77b816-e3c9-4e22-8380-c5186abb048b - - - - -] Start processing journal entries sync_pending_entries /usr/lib/python2.7/site-packages/networking_odl/journal/journal.py:212
2018-01-19 12:48:29.407 35 DEBUG networking_odl.journal.journal [req-cc77b816-e3c9-4e22-8380-c5186abb048b - - - - -] No journal entries to process sync_pending_entries /usr/lib/python2.7/site-packages/networking_odl/journal/journal.py:216
2018-01-19 12:48:38.654 7 INFO networking_odl.journal.periodic_task [req-ca9ac908-400f-4cdf-9ba2-c7728ada9027 - - - - -] Starting maintenance periodic task.
2018-01-19 12:48:38.661 7 INFO networking_odl.journal.periodic_task [req-ca9ac908-400f-4cdf-9ba2-c7728ada9027 - - - - -] Periodic maintenance task executed after periodic interval Skipping execution.
2018-01-19 12:48:39.405 35 DEBUG networking_odl.journal.journal [req-cc77b816-e3c9-4e22-8380-c5186abb048b - - - - -] Start processing journal entries sync_pending_entries /usr/lib/python2.7/site-packages/networking_odl/journal/journal.py:212
2018-01-19 12:48:39.407 36 INFO networking_odl.journal.periodic_task [req-628b33e2-f6b3-48b9-b16a-64dfb06722c7 - - - - -] Starting hostconfig periodic task.
2018-01-19 12:48:39.416 36 INFO networking_odl.journal.periodic_task [req-628b33e2-f6b3-48b9-b16a-64dfb06722c7 - - - - -] Periodic hostconfig task executed after periodic interval Skipping execution.
2018-01-19 12:48:39.419 35 DEBUG networking_odl.journal.journal [req-cc77b816-e3c9-4e22-8380-c5186abb048b - - - - -] No journal entries to process sync_pending_entries /usr/lib/python2.7/site-packages/networking_odl/journal/journal.py:216
2018-01-19 12:48:40.334 34 DEBUG networking_odl.common.client [-] Sending METHOD (post) URL (http://192.168.11.20:8087/restconf/operations/sal-remote:create-data-change-event-subscription) JSON ({
  "input": {
    "path": "/neutron:neutron/neutron:ports", 
    "sal-remote-augment:notification-output-type": "JSON", 
    "sal-remote-augment:datastore": "OPERATIONAL", 
    "sal-remote-augment:scope": "SUBTREE"
  }
}) request /usr/lib/python2.7/site-packages/networking_odl/common/client.py:89
2018-01-19 12:48:40.359 34 DEBUG networking_odl.common.client [-] Got response:
({"output":{"stream-name":"data-change-event-subscription/neutron:neutron/neutron:ports/datastore=OPERATIONAL/scope=SUBTREE"}}) _check_response /usr/lib/python2.7/site-packages/networking_odl/common/client.py:143
2018-01-19 12:48:40.685 34 DEBUG networking_odl.common.client [-] Sending METHOD (get) URL (http://192.168.11.20:8087/restconf/streams/stream/data-change-event-subscription/neutron:neutron/neutron:ports/datastore=OPERATIONAL/scope=SUBTREE?odl-leaf-nodes-only=true) JSON (None) request /usr/lib/python2.7/site-packages/networking_odl/common/client.py:89
2018-01-19 12:48:40.708 34 DEBUG networking_odl.common.websocket_client [-] websocket stream URL: ws://192.168.11.20:8185/data-change-event-subscription/neutron:neutron/neutron:ports/datastore=OPERATIONAL/scope=SUBTREE _subscribe_websocket /usr/lib/python2.7/site-packages/networking_odl/common/websocket_client.py:210
2018-01-19 12:48:40.822 34 ERROR networking_odl.common.websocket_client [-] webSocket bad status exception: WebSocketBadStatusException: Handshake status 500
2018-01-19 12:48:40.822 34 ERROR networking_odl.common.websocket_client Traceback (most recent call last):
2018-01-19 12:48:40.822 34 ERROR networking_odl.common.websocket_client   File "/usr/lib/python2.7/site-packages/networking_odl/common/websocket_client.py", line 238, in _socket_create_connection
2018-01-19 12:48:40.822 34 ERROR networking_odl.common.websocket_client     timeout=self.timeout)
2018-01-19 12:48:40.822 34 ERROR networking_odl.common.websocket_client   File "/usr/lib/python2.7/site-packages/websocket/_core.py", line 104, in create_connection
2018-01-19 12:48:40.822 34 ERROR networking_odl.common.websocket_client     websock.connect(url, **options)
2018-01-19 12:48:40.822 34 ERROR networking_odl.common.websocket_client   File "/usr/lib/python2.7/site-packages/websocket/_core.py", line 269, in connect
2018-01-19 12:48:40.822 34 ERROR networking_odl.common.websocket_client     self.handshake_response = handshake(self.sock, *addrs, **options)
2018-01-19 12:48:40.822 34 ERROR networking_odl.common.websocket_client   File "/usr/lib/python2.7/site-packages/websocket/_handshake.py", line 67, in handshake
2018-01-19 12:48:40.822 34 ERROR networking_odl.common.websocket_client     status, resp = _get_resp_headers(sock)
2018-01-19 12:48:40.822 34 ERROR networking_odl.common.websocket_client   File "/usr/lib/python2.7/site-packages/websocket/_handshake.py", line 123, in _get_resp_headers
2018-01-19 12:48:40.822 34 ERROR networking_odl.common.websocket_client     raise WebSocketBadStatusException("Handshake status %d", status)
2018-01-19 12:48:40.822 34 ERROR networking_odl.common.websocket_client WebSocketBadStatusException: Handshake status 500
2018-01-19 12:48:40.822 34 ERROR networking_odl.common.websocket_client 
2018-01-19 12:48:46.374 37 DEBUG neutron.db.agents_db [req-450c3084-a711-46fb-aa18-1951d04e82eb - - - - -] Agent healthcheck: found 11 active agents agent_health_check /usr/lib/python2.7/site-packages/neutron/db/agents_db.py:281
2018-01-19 12:48:49.411 35 DEBUG networking_odl.journal.journal [req-cc77b816-e3c9-4e22-8380-c5186abb048b - - - - -] Start processing journal entries sync_pending_entries /usr/lib/python2.7/site-packages/networking_odl/journal/journal.py:212
