2018-01-19 12:51:37.076 26 INFO neutron.wsgi [req-9d6f437d-aed7-4025-aa2b-776381e683bf 77bb33d65a5a47a986e87b8871e48683 41b3b94238dd4786b4eab03e982c1c07 - default default] 192.168.11.14,192.168.11.10 "GET /v2.0/security-groups?id=4ae14d65-fde9-4fd0-8cbf-9b1b234c77ec HTTP/1.1" status: 200  len: 3621 time: 0.0775449
2018-01-19 12:51:38.656 7 INFO networking_odl.journal.periodic_task [req-ca9ac908-400f-4cdf-9ba2-c7728ada9027 - - - - -] Starting maintenance periodic task.
2018-01-19 12:51:38.668 7 INFO networking_odl.journal.periodic_task [req-ca9ac908-400f-4cdf-9ba2-c7728ada9027 - - - - -] Periodic maintenance task executed after periodic interval Skipping execution.
2018-01-19 12:51:39.468 25 DEBUG neutron.wsgi [-] (25) accepted ('192.168.11.10', 15542) server /usr/lib/python2.7/site-packages/eventlet/wsgi.py:883
2018-01-19 12:51:39.530 35 DEBUG networking_odl.journal.journal [req-cc77b816-e3c9-4e22-8380-c5186abb048b - - - - -] Start processing journal entries sync_pending_entries /usr/lib/python2.7/site-packages/networking_odl/journal/journal.py:212
2018-01-19 12:51:39.538 25 INFO neutron.wsgi [req-8d76a056-dc25-4c3e-8162-ef49b35db389 77bb33d65a5a47a986e87b8871e48683 41b3b94238dd4786b4eab03e982c1c07 - default default] 192.168.11.12,192.168.11.10 "GET /v2.0/ports?device_id=a286d2a0-8dbb-404b-9332-0cc647a784e2 HTTP/1.1" status: 200  len: 1032 time: 0.0691152
2018-01-19 12:51:39.542 35 DEBUG networking_odl.journal.journal [req-cc77b816-e3c9-4e22-8380-c5186abb048b - - - - -] No journal entries to process sync_pending_entries /usr/lib/python2.7/site-packages/networking_odl/journal/journal.py:216
2018-01-19 12:51:39.573 36 INFO networking_odl.journal.periodic_task [req-628b33e2-f6b3-48b9-b16a-64dfb06722c7 - - - - -] Starting hostconfig periodic task.
2018-01-19 12:51:39.667 36 INFO networking_odl.journal.periodic_task [req-628b33e2-f6b3-48b9-b16a-64dfb06722c7 - - - - -] Periodic hostconfig task executed after periodic interval Skipping execution.
2018-01-19 12:51:40.833 26 DEBUG neutron.wsgi [-] (26) accepted ('192.168.11.10', 15628) server /usr/lib/python2.7/site-packages/eventlet/wsgi.py:883
2018-01-19 12:51:40.918 26 INFO neutron.wsgi [req-76dc1c15-d13a-4fd6-88e8-4f9c35b201df 77bb33d65a5a47a986e87b8871e48683 41b3b94238dd4786b4eab03e982c1c07 - default default] 192.168.11.14,192.168.11.10 "GET /v2.0/security-groups?id=4ae14d65-fde9-4fd0-8cbf-9b1b234c77ec HTTP/1.1" status: 200  len: 3621 time: 0.0845029
2018-01-19 12:51:41.100 34 DEBUG networking_odl.common.client [-] Sending METHOD (post) URL (http://192.168.11.20:8087/restconf/operations/sal-remote:create-data-change-event-subscription) JSON ({
  "input": {
    "path": "/neutron:neutron/neutron:ports", 
    "sal-remote-augment:notification-output-type": "JSON", 
    "sal-remote-augment:datastore": "OPERATIONAL", 
    "sal-remote-augment:scope": "SUBTREE"
  }
}) request /usr/lib/python2.7/site-packages/networking_odl/common/client.py:89
2018-01-19 12:51:41.128 34 DEBUG networking_odl.common.client [-] Got response:
({"output":{"stream-name":"data-change-event-subscription/neutron:neutron/neutron:ports/datastore=OPERATIONAL/scope=SUBTREE"}}) _check_response /usr/lib/python2.7/site-packages/networking_odl/common/client.py:143
2018-01-19 12:51:41.129 34 DEBUG networking_odl.common.client [-] Sending METHOD (get) URL (http://192.168.11.20:8087/restconf/streams/stream/data-change-event-subscription/neutron:neutron/neutron:ports/datastore=OPERATIONAL/scope=SUBTREE?odl-leaf-nodes-only=true) JSON (None) request /usr/lib/python2.7/site-packages/networking_odl/common/client.py:89
2018-01-19 12:51:41.136 34 DEBUG networking_odl.common.websocket_client [-] websocket stream URL: ws://192.168.11.20:8185/data-change-event-subscription/neutron:neutron/neutron:ports/datastore=OPERATIONAL/scope=SUBTREE _subscribe_websocket /usr/lib/python2.7/site-packages/networking_odl/common/websocket_client.py:210
2018-01-19 12:51:41.141 34 ERROR networking_odl.common.websocket_client [-] webSocket bad status exception: WebSocketBadStatusException: Handshake status 500
2018-01-19 12:51:41.141 34 ERROR networking_odl.common.websocket_client Traceback (most recent call last):
2018-01-19 12:51:41.141 34 ERROR networking_odl.common.websocket_client   File "/usr/lib/python2.7/site-packages/networking_odl/common/websocket_client.py", line 238, in _socket_create_connection
2018-01-19 12:51:41.141 34 ERROR networking_odl.common.websocket_client     timeout=self.timeout)
2018-01-19 12:51:41.141 34 ERROR networking_odl.common.websocket_client   File "/usr/lib/python2.7/site-packages/websocket/_core.py", line 104, in create_connection
2018-01-19 12:51:41.141 34 ERROR networking_odl.common.websocket_client     websock.connect(url, **options)
2018-01-19 12:51:41.141 34 ERROR networking_odl.common.websocket_client   File "/usr/lib/python2.7/site-packages/websocket/_core.py", line 269, in connect
2018-01-19 12:51:41.141 34 ERROR networking_odl.common.websocket_client     self.handshake_response = handshake(self.sock, *addrs, **options)
2018-01-19 12:51:41.141 34 ERROR networking_odl.common.websocket_client   File "/usr/lib/python2.7/site-packages/websocket/_handshake.py", line 67, in handshake
2018-01-19 12:51:41.141 34 ERROR networking_odl.common.websocket_client     status, resp = _get_resp_headers(sock)
2018-01-19 12:51:41.141 34 ERROR networking_odl.common.websocket_client   File "/usr/lib/python2.7/site-packages/websocket/_handshake.py", line 123, in _get_resp_headers
2018-01-19 12:51:41.141 34 ERROR networking_odl.common.websocket_client     raise WebSocketBadStatusException("Handshake status %d", status)
2018-01-19 12:51:41.141 34 ERROR networking_odl.common.websocket_client WebSocketBadStatusException: Handshake status 500
2018-01-19 12:51:41.141 34 ERROR networking_odl.common.websocket_client 
2018-01-19 12:51:43.326 23 DEBUG neutron.wsgi [-] (23) accepted ('192.168.11.10', 15784) server /usr/lib/python2.7/site-packages/eventlet/wsgi.py:883
2018-01-19 12:51:43.405 23 INFO neutron.wsgi [req-8ef82ab9-eb0e-43da-950f-8398e8ebbc69 77bb33d65a5a47a986e87b8871e48683 41b3b94238dd4786b4eab03e982c1c07 - default default] 192.168.11.12,192.168.11.10 "GET /v2.0/ports?device_id=a286d2a0-8dbb-404b-9332-0cc647a784e2 HTTP/1.1" status: 200  len: 1032 time: 0.0775390
2018-01-19 12:51:44.712 27 DEBUG neutron.wsgi [-] (27) accepted ('192.168.11.10', 15870) server /usr/lib/python2.7/site-packages/eventlet/wsgi.py:883
2018-01-19 12:51:44.935 27 INFO neutron.wsgi [req-24e9b814-15ef-4990-bd8f-9059d14c2376 77bb33d65a5a47a986e87b8871e48683 41b3b94238dd4786b4eab03e982c1c07 - default default] 192.168.11.14,192.168.11.10 "GET /v2.0/security-groups?id=4ae14d65-fde9-4fd0-8cbf-9b1b234c77ec HTTP/1.1" status: 200  len: 3621 time: 0.2217460
2018-01-19 12:51:47.332 23 DEBUG neutron.wsgi [-] (23) accepted ('192.168.11.10', 16034) server /usr/lib/python2.7/site-packages/eventlet/wsgi.py:883
2018-01-19 12:51:47.410 23 INFO neutron.wsgi [req-846e076f-76f2-4c1e-9953-d515a57ca948 77bb33d65a5a47a986e87b8871e48683 41b3b94238dd4786b4eab03e982c1c07 - default default] 192.168.11.12,192.168.11.10 "GET /v2.0/ports?device_id=a286d2a0-8dbb-404b-9332-0cc647a784e2 HTTP/1.1" status: 200  len: 1032 time: 0.0771270
2018-01-19 12:51:48.794 26 DEBUG neutron.wsgi [-] (26) accepted ('192.168.11.10', 16120) server /usr/lib/python2.7/site-packages/eventlet/wsgi.py:883
2018-01-19 12:51:48.874 26 INFO neutron.wsgi [req-298c674b-366d-4a77-813c-8a055703299d 77bb33d65a5a47a986e87b8871e48683 41b3b94238dd4786b4eab03e982c1c07 - default default] 192.168.11.14,192.168.11.10 "GET /v2.0/security-groups?id=4ae14d65-fde9-4fd0-8cbf-9b1b234c77ec HTTP/1.1" status: 200  len: 3621 time: 0.0787051
2018-01-19 12:51:49.537 35 DEBUG networking_odl.journal.journal [req-cc77b816-e3c9-4e22-8380-c5186abb048b - - - - -] Start processing journal entries sync_pending_entries /usr/lib/python2.7/site-packages/networking_odl/journal/journal.py:212
2018-01-19 12:51:49.558 35 DEBUG networking_odl.journal.journal [req-cc77b816-e3c9-4e22-8380-c5186abb048b - - - - -] No journal entries to process sync_pending_entries /usr/lib/python2.7/site-packages/networking_odl/journal/journal.py:216
2018-01-19 12:51:51.329 23 DEBUG neutron.wsgi [-] (23) accepted ('192.168.11.10', 16264) server /usr/lib/python2.7/site-packages/eventlet/wsgi.py:883
2018-01-19 12:51:51.410 23 INFO neutron.wsgi [req-3d43aadd-382e-40ad-bd84-a94c9506b7ab 77bb33d65a5a47a986e87b8871e48683 41b3b94238dd4786b4eab03e982c1c07 - default default] 192.168.11.12,192.168.11.10 "GET /v2.0/ports?device_id=a286d2a0-8dbb-404b-9332-0cc647a784e2 HTTP/1.1" status: 200  len: 1032 time: 0.0796499
2018-01-19 12:51:51.516 37 DEBUG neutron.db.agents_db [req-450c3084-a711-46fb-aa18-1951d04e82eb - - - - -] Agent healthcheck: found 11 active agents agent_health_check /usr/lib/python2.7/site-packages/neutron/db/agents_db.py:281
2018-01-19 12:51:52.827 26 DEBUG neutron.wsgi [-] (26) accepted ('192.168.11.10', 16352) server /usr/lib/python2.7/site-packages/eventlet/wsgi.py:883
2018-01-19 12:51:52.906 26 INFO neutron.wsgi [req-d4ab2f6a-a66b-4935-8537-e65b70a1bf80 77bb33d65a5a47a986e87b8871e48683 41b3b94238dd4786b4eab03e982c1c07 - default default] 192.168.11.14,192.168.11.10 "GET /v2.0/security-groups?id=4ae14d65-fde9-4fd0-8cbf-9b1b234c77ec HTTP/1.1" status: 200  len: 3621 time: 0.0780871
2018-01-19 12:51:56.251 27 DEBUG neutron.wsgi [-] (27) accepted ('192.168.11.10', 16558) server /usr/lib/python2.7/site-packages/eventlet/wsgi.py:883
2018-01-19 12:51:56.383 27 INFO neutron.wsgi [req-fceb3fb8-35ae-4fee-93a0-ff955e3d5a26 77bb33d65a5a47a986e87b8871e48683 41b3b94238dd4786b4eab03e982c1c07 - default default] 192.168.11.12,192.168.11.10 "GET /v2.0/ports?device_id=a286d2a0-8dbb-404b-9332-0cc647a784e2 HTTP/1.1" status: 200  len: 1032 time: 0.1311128
2018-01-19 12:51:57.738 27 DEBUG neutron.wsgi [-] (27) accepted ('192.168.11.10', 16646) server /usr/lib/python2.7/site-packages/eventlet/wsgi.py:883
2018-01-19 12:51:57.820 27 INFO neutron.wsgi [req-448b8e2b-fc8c-43ce-aa4e-d966acb8a86a 77bb33d65a5a47a986e87b8871e48683 41b3b94238dd4786b4eab03e982c1c07 - default default] 192.168.11.14,192.168.11.10 "GET /v2.0/security-groups?id=4ae14d65-fde9-4fd0-8cbf-9b1b234c77ec HTTP/1.1" status: 200  len: 3621 time: 0.0807350
2018-01-19 12:51:59.547 35 DEBUG networking_odl.journal.journal [req-cc77b816-e3c9-4e22-8380-c5186abb048b - - - - -] Start processing journal entries sync_pending_entries /usr/lib/python2.7/site-packages/networking_odl/journal/journal.py:212
2018-01-19 12:51:59.565 35 DEBUG networking_odl.journal.journal [req-cc77b816-e3c9-4e22-8380-c5186abb048b - - - - -] No journal entries to process sync_pending_entries /usr/lib/python2.7/site-packages/networking_odl/journal/journal.py:216
2018-01-19 12:52:00.553 27 DEBUG neutron.wsgi [-] (27) accepted ('192.168.11.10', 16810) server /usr/lib/python2.7/site-packages/eventlet/wsgi.py:883
2018-01-19 12:52:00.634 27 INFO neutron.wsgi [req-93f6cc45-566e-41ab-b91b-c527c281a004 77bb33d65a5a47a986e87b8871e48683 41b3b94238dd4786b4eab03e982c1c07 - default default] 192.168.11.12,192.168.11.10 "GET /v2.0/ports?device_id=a286d2a0-8dbb-404b-9332-0cc647a784e2 HTTP/1.1" status: 200  len: 1032 time: 0.0797541
2018-01-19 12:52:01.929 27 DEBUG neutron.wsgi [-] (27) accepted ('192.168.11.10', 16892) server /usr/lib/python2.7/site-packages/eventlet/wsgi.py:883
2018-01-19 12:52:02.013 27 INFO neutron.wsgi [req-b0af5e3c-5fce-4820-a11c-efa1cf02bd1b 77bb33d65a5a47a986e87b8871e48683 41b3b94238dd4786b4eab03e982c1c07 - default default] 192.168.11.14,192.168.11.10 "GET /v2.0/security-groups?id=4ae14d65-fde9-4fd0-8cbf-9b1b234c77ec HTTP/1.1" status: 200  len: 3621 time: 0.0826070
2018-01-19 12:52:08.660 7 INFO networking_odl.journal.periodic_task [req-ca9ac908-400f-4cdf-9ba2-c7728ada9027 - - - - -] Starting maintenance periodic task.
2018-01-19 12:52:08.671 7 INFO networking_odl.journal.periodic_task [req-ca9ac908-400f-4cdf-9ba2-c7728ada9027 - - - - -] Periodic maintenance task executed after periodic interval Skipping execution.
2018-01-19 12:52:09.548 35 DEBUG networking_odl.journal.journal [req-cc77b816-e3c9-4e22-8380-c5186abb048b - - - - -] Start processing journal entries sync_pending_entries /usr/lib/python2.7/site-packages/networking_odl/journal/journal.py:212
2018-01-19 12:52:09.569 35 DEBUG networking_odl.journal.journal [req-cc77b816-e3c9-4e22-8380-c5186abb048b - - - - -] No journal entries to process sync_pending_entries /usr/lib/python2.7/site-packages/networking_odl/journal/journal.py:216
2018-01-19 12:52:09.596 36 INFO networking_odl.journal.periodic_task [req-628b33e2-f6b3-48b9-b16a-64dfb06722c7 - - - - -] Starting hostconfig periodic task.
2018-01-19 12:52:09.606 36 INFO networking_odl.journal.periodic_task [req-628b33e2-f6b3-48b9-b16a-64dfb06722c7 - - - - -] Periodic hostconfig task executed after periodic interval Skipping execution.
2018-01-19 12:52:11.162 34 DEBUG networking_odl.common.client [-] Sending METHOD (post) URL (http://192.168.11.20:8087/restconf/operations/sal-remote:create-data-change-event-subscription) JSON ({
  "input": {
    "path": "/neutron:neutron/neutron:ports", 
    "sal-remote-augment:notification-output-type": "JSON", 
    "sal-remote-augment:datastore": "OPERATIONAL", 
    "sal-remote-augment:scope": "SUBTREE"
  }
}) request /usr/lib/python2.7/site-packages/networking_odl/common/client.py:89
2018-01-19 12:52:11.179 34 DEBUG networking_odl.common.client [-] Got response:
({"output":{"stream-name":"data-change-event-subscription/neutron:neutron/neutron:ports/datastore=OPERATIONAL/scope=SUBTREE"}}) _check_response /usr/lib/python2.7/site-packages/networking_odl/common/client.py:143
2018-01-19 12:52:11.179 34 DEBUG networking_odl.common.client [-] Sending METHOD (get) URL (http://192.168.11.20:8087/restconf/streams/stream/data-change-event-subscription/neutron:neutron/neutron:ports/datastore=OPERATIONAL/scope=SUBTREE?odl-leaf-nodes-only=true) JSON (None) request /usr/lib/python2.7/site-packages/networking_odl/common/client.py:89
2018-01-19 12:52:11.187 34 DEBUG networking_odl.common.websocket_client [-] websocket stream URL: ws://192.168.11.20:8185/data-change-event-subscription/neutron:neutron/neutron:ports/datastore=OPERATIONAL/scope=SUBTREE _subscribe_websocket /usr/lib/python2.7/site-packages/networking_odl/common/websocket_client.py:210
2018-01-19 12:52:11.197 34 ERROR networking_odl.common.websocket_client [-] webSocket bad status exception: WebSocketBadStatusException: Handshake status 500
2018-01-19 12:52:11.197 34 ERROR networking_odl.common.websocket_client Traceback (most recent call last):
2018-01-19 12:52:11.197 34 ERROR networking_odl.common.websocket_client   File "/usr/lib/python2.7/site-packages/networking_odl/common/websocket_client.py", line 238, in _socket_create_connection
2018-01-19 12:52:11.197 34 ERROR networking_odl.common.websocket_client     timeout=self.timeout)
2018-01-19 12:52:11.197 34 ERROR networking_odl.common.websocket_client   File "/usr/lib/python2.7/site-packages/websocket/_core.py", line 104, in create_connection
2018-01-19 12:52:11.197 34 ERROR networking_odl.common.websocket_client     websock.connect(url, **options)
2018-01-19 12:52:11.197 34 ERROR networking_odl.common.websocket_client   File "/usr/lib/python2.7/site-packages/websocket/_core.py", line 269, in connect
2018-01-19 12:52:11.197 34 ERROR networking_odl.common.websocket_client     self.handshake_response = handshake(self.sock, *addrs, **options)
2018-01-19 12:52:11.197 34 ERROR networking_odl.common.websocket_client   File "/usr/lib/python2.7/site-packages/websocket/_handshake.py", line 67, in handshake
2018-01-19 12:52:11.197 34 ERROR networking_odl.common.websocket_client     status, resp = _get_resp_headers(sock)
2018-01-19 12:52:11.197 34 ERROR networking_odl.common.websocket_client   File "/usr/lib/python2.7/site-packages/websocket/_handshake.py", line 123, in _get_resp_headers
2018-01-19 12:52:11.197 34 ERROR networking_odl.common.websocket_client     raise WebSocketBadStatusException("Handshake status %d", status)
2018-01-19 12:52:11.197 34 ERROR networking_odl.common.websocket_client WebSocketBadStatusException: Handshake status 500
2018-01-19 12:52:11.197 34 ERROR networking_odl.common.websocket_client 
2018-01-19 12:52:19.555 35 DEBUG networking_odl.journal.journal [req-cc77b816-e3c9-4e22-8380-c5186abb048b - - - - -] Start processing journal entries sync_pending_entries /usr/lib/python2.7/site-packages/networking_odl/journal/journal.py:212
2018-01-19 12:52:19.570 35 DEBUG networking_odl.journal.journal [req-cc77b816-e3c9-4e22-8380-c5186abb048b - - - - -] No journal entries to process sync_pending_entries /usr/lib/python2.7/site-packages/networking_odl/journal/journal.py:216
2018-01-19 12:52:28.544 37 DEBUG neutron.db.agents_db [req-450c3084-a711-46fb-aa18-1951d04e82eb - - - - -] Agent healthcheck: found 11 active agents agent_health_check /usr/lib/python2.7/site-packages/neutron/db/agents_db.py:281
2018-01-19 12:52:29.565 35 DEBUG networking_odl.journal.journal [req-cc77b816-e3c9-4e22-8380-c5186abb048b - - - - -] Start processing journal entries sync_pending_entries /usr/lib/python2.7/site-packages/networking_odl/journal/journal.py:212
2018-01-19 12:52:29.586 35 DEBUG networking_odl.journal.journal [req-cc77b816-e3c9-4e22-8380-c5186abb048b - - - - -] No journal entries to process sync_pending_entries /usr/lib/python2.7/site-packages/networking_odl/journal/journal.py:216
2018-01-19 12:52:38.663 7 INFO networking_odl.journal.periodic_task [req-ca9ac908-400f-4cdf-9ba2-c7728ada9027 - - - - -] Starting maintenance periodic task.
2018-01-19 12:52:38.673 7 INFO networking_odl.journal.periodic_task [req-ca9ac908-400f-4cdf-9ba2-c7728ada9027 - - - - -] Periodic maintenance task executed after periodic interval Skipping execution.
2018-01-19 12:52:39.570 35 DEBUG networking_odl.journal.journal [req-cc77b816-e3c9-4e22-8380-c5186abb048b - - - - -] Start processing journal entries sync_pending_entries /usr/lib/python2.7/site-packages/networking_odl/journal/journal.py:212
2018-01-19 12:52:39.586 35 DEBUG networking_odl.journal.journal [req-cc77b816-e3c9-4e22-8380-c5186abb048b - - - - -] No journal entries to process sync_pending_entries /usr/lib/python2.7/site-packages/networking_odl/journal/journal.py:216
2018-01-19 12:52:39.626 36 INFO networking_odl.journal.periodic_task [req-628b33e2-f6b3-48b9-b16a-64dfb06722c7 - - - - -] Starting hostconfig periodic task.
2018-01-19 12:52:39.645 36 INFO networking_odl.journal.periodic_task [req-628b33e2-f6b3-48b9-b16a-64dfb06722c7 - - - - -] Periodic hostconfig task executed after periodic interval Skipping execution.
2018-01-19 12:52:41.037 32 DEBUG neutron_lib.callbacks.manager [req-37dea49c-49f2-4048-b1ef-9c929f102ac9 - - - - -] Notify callbacks ['neutron.services.segments.db._update_segment_host_mapping_for_agent--9223372036848914405'] for agent, after_update _notify_loop /usr/lib/python2.7/site-packages/neutron_lib/callbacks/manager.py:167
2018-01-19 12:52:41.217 34 DEBUG networking_odl.common.client [-] Sending METHOD (post) URL (http://192.168.11.20:8087/restconf/operations/sal-remote:create-data-change-event-subscription) JSON ({
  "input": {
    "path": "/neutron:neutron/neutron:ports", 
    "sal-remote-augment:notification-output-type": "JSON", 
    "sal-remote-augment:datastore": "OPERATIONAL", 
    "sal-remote-augment:scope": "SUBTREE"
  }
}) request /usr/lib/python2.7/site-packages/networking_odl/common/client.py:89
2018-01-19 12:52:41.248 34 DEBUG networking_odl.common.client [-] Got response:
({"output":{"stream-name":"data-change-event-subscription/neutron:neutron/neutron:ports/datastore=OPERATIONAL/scope=SUBTREE"}}) _check_response /usr/lib/python2.7/site-packages/networking_odl/common/client.py:143
2018-01-19 12:52:41.248 34 DEBUG networking_odl.common.client [-] Sending METHOD (get) URL (http://192.168.11.20:8087/restconf/streams/stream/data-change-event-subscription/neutron:neutron/neutron:ports/datastore=OPERATIONAL/scope=SUBTREE?odl-leaf-nodes-only=true) JSON (None) request /usr/lib/python2.7/site-packages/networking_odl/common/client.py:89
2018-01-19 12:52:41.257 34 DEBUG networking_odl.common.websocket_client [-] websocket stream URL: ws://192.168.11.20:8185/data-change-event-subscription/neutron:neutron/neutron:ports/datastore=OPERATIONAL/scope=SUBTREE _subscribe_websocket /usr/lib/python2.7/site-packages/networking_odl/common/websocket_client.py:210
2018-01-19 12:52:41.262 34 ERROR networking_odl.common.websocket_client [-] webSocket bad status exception: WebSocketBadStatusException: Handshake status 500
2018-01-19 12:52:41.262 34 ERROR networking_odl.common.websocket_client Traceback (most recent call last):
2018-01-19 12:52:41.262 34 ERROR networking_odl.common.websocket_client   File "/usr/lib/python2.7/site-packages/networking_odl/common/websocket_client.py", line 238, in _socket_create_connection
2018-01-19 12:52:41.262 34 ERROR networking_odl.common.websocket_client     timeout=self.timeout)
2018-01-19 12:52:41.262 34 ERROR networking_odl.common.websocket_client   File "/usr/lib/python2.7/site-packages/websocket/_core.py", line 104, in create_connection
2018-01-19 12:52:41.262 34 ERROR networking_odl.common.websocket_client     websock.connect(url, **options)
2018-01-19 12:52:41.262 34 ERROR networking_odl.common.websocket_client   File "/usr/lib/python2.7/site-packages/websocket/_core.py", line 269, in connect
2018-01-19 12:52:41.262 34 ERROR networking_odl.common.websocket_client     self.handshake_response = handshake(self.sock, *addrs, **options)
2018-01-19 12:52:41.262 34 ERROR networking_odl.common.websocket_client   File "/usr/lib/python2.7/site-packages/websocket/_handshake.py", line 67, in handshake
2018-01-19 12:52:41.262 34 ERROR networking_odl.common.websocket_client     status, resp = _get_resp_headers(sock)
2018-01-19 12:52:41.262 34 ERROR networking_odl.common.websocket_client   File "/usr/lib/python2.7/site-packages/websocket/_handshake.py", line 123, in _get_resp_headers
2018-01-19 12:52:41.262 34 ERROR networking_odl.common.websocket_client     raise WebSocketBadStatusException("Handshake status %d", status)
2018-01-19 12:52:41.262 34 ERROR networking_odl.common.websocket_client WebSocketBadStatusException: Handshake status 500
2018-01-19 12:52:41.262 34 ERROR networking_odl.common.websocket_client 
2018-01-19 12:52:41.598 33 DEBUG neutron_lib.callbacks.manager [req-8022c23e-c8ba-4dba-9985-78775f86ae35 - - - - -] Notify callbacks ['neutron.services.segments.db._update_segment_host_mapping_for_agent--9223372036848914405'] for agent, after_update _notify_loop /usr/lib/python2.7/site-packages/neutron_lib/callbacks/manager.py:167
2018-01-19 12:52:42.079 31 DEBUG neutron_lib.callbacks.manager [req-109abd6e-be5d-4c0a-b3a6-8897deecc61e - - - - -] Notify callbacks ['neutron.services.segments.db._update_segment_host_mapping_for_agent--9223372036848914405'] for agent, after_update _notify_loop /usr/lib/python2.7/site-packages/neutron_lib/callbacks/manager.py:167
2018-01-19 12:52:45.429 28 DEBUG neutron_lib.callbacks.manager [req-b7b23549-7e03-4758-ab7b-33147a9d2991 - - - - -] Notify callbacks ['neutron.services.segments.db._update_segment_host_mapping_for_agent--9223372036848914405'] for agent, after_update _notify_loop /usr/lib/python2.7/site-packages/neutron_lib/callbacks/manager.py:167
2018-01-19 12:52:45.903 30 DEBUG neutron_lib.callbacks.manager [req-7ec4d5a6-04d9-4430-999e-52726b00711c - - - - -] Notify callbacks ['neutron.services.segments.db._update_segment_host_mapping_for_agent--9223372036848914405'] for agent, after_update _notify_loop /usr/lib/python2.7/site-packages/neutron_lib/callbacks/manager.py:167
2018-01-19 12:52:46.275 29 DEBUG neutron_lib.callbacks.manager [req-5f7a02ef-b520-4ae3-8fcf-0e11e8af659d - - - - -] Notify callbacks ['neutron.services.segments.db._update_segment_host_mapping_for_agent--9223372036848914405'] for agent, after_update _notify_loop /usr/lib/python2.7/site-packages/neutron_lib/callbacks/manager.py:167
2018-01-19 12:52:49.580 35 DEBUG networking_odl.journal.journal [req-cc77b816-e3c9-4e22-8380-c5186abb048b - - - - -] Start processing journal entries sync_pending_entries /usr/lib/python2.7/site-packages/networking_odl/journal/journal.py:212
2018-01-19 12:52:49.597 35 DEBUG networking_odl.journal.journal [req-cc77b816-e3c9-4e22-8380-c5186abb048b - - - - -] No journal entries to process sync_pending_entries /usr/lib/python2.7/site-packages/networking_odl/journal/journal.py:216
2018-01-19 12:52:59.590 35 DEBUG networking_odl.journal.journal [req-cc77b816-e3c9-4e22-8380-c5186abb048b - - - - -] Start processing journal entries sync_pending_entries /usr/lib/python2.7/site-packages/networking_odl/journal/journal.py:212
2018-01-19 12:52:59.605 35 DEBUG networking_odl.journal.journal [req-cc77b816-e3c9-4e22-8380-c5186abb048b - - - - -] No journal entries to process sync_pending_entries /usr/lib/python2.7/site-packages/networking_odl/journal/journal.py:216
2018-01-19 12:53:05.546 37 DEBUG neutron.db.agents_db [req-450c3084-a711-46fb-aa18-1951d04e82eb - - - - -] Agent healthcheck: found 11 active agents agent_health_check /usr/lib/python2.7/site-packages/neutron/db/agents_db.py:281
2018-01-19 12:53:08.665 7 INFO networking_odl.journal.periodic_task [req-ca9ac908-400f-4cdf-9ba2-c7728ada9027 - - - - -] Starting maintenance periodic task.
2018-01-19 12:53:08.675 7 INFO networking_odl.journal.periodic_task [req-ca9ac908-400f-4cdf-9ba2-c7728ada9027 - - - - -] Periodic maintenance task executed after periodic interval Skipping execution.
2018-01-19 12:53:09.600 35 DEBUG networking_odl.journal.journal [req-cc77b816-e3c9-4e22-8380-c5186abb048b - - - - -] Start processing journal entries sync_pending_entries /usr/lib/python2.7/site-packages/networking_odl/journal/journal.py:212
2018-01-19 12:53:09.617 35 DEBUG networking_odl.journal.journal [req-cc77b816-e3c9-4e22-8380-c5186abb048b - - - - -] No journal entries to process sync_pending_entries /usr/lib/python2.7/site-packages/networking_odl/journal/journal.py:216
2018-01-19 12:53:09.632 36 INFO networking_odl.journal.periodic_task [req-628b33e2-f6b3-48b9-b16a-64dfb06722c7 - - - - -] Starting hostconfig periodic task.
2018-01-19 12:53:09.640 36 INFO networking_odl.journal.periodic_task [req-628b33e2-f6b3-48b9-b16a-64dfb06722c7 - - - - -] Periodic hostconfig task executed after periodic interval Skipping execution.
2018-01-19 12:53:11.274 34 DEBUG networking_odl.common.client [-] Sending METHOD (post) URL (http://192.168.11.20:8087/restconf/operations/sal-remote:create-data-change-event-subscription) JSON ({
  "input": {
    "path": "/neutron:neutron/neutron:ports", 
    "sal-remote-augment:notification-output-type": "JSON", 
    "sal-remote-augment:datastore": "OPERATIONAL", 
    "sal-remote-augment:scope": "SUBTREE"
  }
}) request /usr/lib/python2.7/site-packages/networking_odl/common/client.py:89
2018-01-19 12:53:11.297 34 DEBUG networking_odl.common.client [-] Got response:
({"output":{"stream-name":"data-change-event-subscription/neutron:neutron/neutron:ports/datastore=OPERATIONAL/scope=SUBTREE"}}) _check_response /usr/lib/python2.7/site-packages/networking_odl/common/client.py:143
2018-01-19 12:53:11.298 34 DEBUG networking_odl.common.client [-] Sending METHOD (get) URL (http://192.168.11.20:8087/restconf/streams/stream/data-change-event-subscription/neutron:neutron/neutron:ports/datastore=OPERATIONAL/scope=SUBTREE?odl-leaf-nodes-only=true) JSON (None) request /usr/lib/python2.7/site-packages/networking_odl/common/client.py:89
2018-01-19 12:53:11.308 34 DEBUG networking_odl.common.websocket_client [-] websocket stream URL: ws://192.168.11.20:8185/data-change-event-subscription/neutron:neutron/neutron:ports/datastore=OPERATIONAL/scope=SUBTREE _subscribe_websocket /usr/lib/python2.7/site-packages/networking_odl/common/websocket_client.py:210
2018-01-19 12:53:11.313 34 ERROR networking_odl.common.websocket_client [-] webSocket bad status exception: WebSocketBadStatusException: Handshake status 500
2018-01-19 12:53:11.313 34 ERROR networking_odl.common.websocket_client Traceback (most recent call last):
2018-01-19 12:53:11.313 34 ERROR networking_odl.common.websocket_client   File "/usr/lib/python2.7/site-packages/networking_odl/common/websocket_client.py", line 238, in _socket_create_connection
2018-01-19 12:53:11.313 34 ERROR networking_odl.common.websocket_client     timeout=self.timeout)
2018-01-19 12:53:11.313 34 ERROR networking_odl.common.websocket_client   File "/usr/lib/python2.7/site-packages/websocket/_core.py", line 104, in create_connection
2018-01-19 12:53:11.313 34 ERROR networking_odl.common.websocket_client     websock.connect(url, **options)
2018-01-19 12:53:11.313 34 ERROR networking_odl.common.websocket_client   File "/usr/lib/python2.7/site-packages/websocket/_core.py", line 269, in connect
2018-01-19 12:53:11.313 34 ERROR networking_odl.common.websocket_client     self.handshake_response = handshake(self.sock, *addrs, **options)
2018-01-19 12:53:11.313 34 ERROR networking_odl.common.websocket_client   File "/usr/lib/python2.7/site-packages/websocket/_handshake.py", line 67, in handshake
2018-01-19 12:53:11.313 34 ERROR networking_odl.common.websocket_client     status, resp = _get_resp_headers(sock)
2018-01-19 12:53:11.313 34 ERROR networking_odl.common.websocket_client   File "/usr/lib/python2.7/site-packages/websocket/_handshake.py", line 123, in _get_resp_headers
2018-01-19 12:53:11.313 34 ERROR networking_odl.common.websocket_client     raise WebSocketBadStatusException("Handshake status %d", status)
2018-01-19 12:53:11.313 34 ERROR networking_odl.common.websocket_client WebSocketBadStatusException: Handshake status 500
2018-01-19 12:53:11.313 34 ERROR networking_odl.common.websocket_client 
2018-01-19 12:53:19.610 35 DEBUG networking_odl.journal.journal [req-cc77b816-e3c9-4e22-8380-c5186abb048b - - - - -] Start processing journal entries sync_pending_entries /usr/lib/python2.7/site-packages/networking_odl/journal/journal.py:212
2018-01-19 12:53:19.629 35 DEBUG networking_odl.journal.journal [req-cc77b816-e3c9-4e22-8380-c5186abb048b - - - - -] No journal entries to process sync_pending_entries /usr/lib/python2.7/site-packages/networking_odl/journal/journal.py:216
2018-01-19 12:53:29.620 35 DEBUG networking_odl.journal.journal [req-cc77b816-e3c9-4e22-8380-c5186abb048b - - - - -] Start processing journal entries sync_pending_entries /usr/lib/python2.7/site-packages/networking_odl/journal/journal.py:212
2018-01-19 12:53:29.639 35 DEBUG networking_odl.journal.journal [req-cc77b816-e3c9-4e22-8380-c5186abb048b - - - - -] No journal entries to process sync_pending_entries /usr/lib/python2.7/site-packages/networking_odl/journal/journal.py:216
2018-01-19 12:53:38.666 7 INFO networking_odl.journal.periodic_task [req-ca9ac908-400f-4cdf-9ba2-c7728ada9027 - - - - -] Starting maintenance periodic task.
2018-01-19 12:53:38.678 7 INFO networking_odl.journal.periodic_task [req-ca9ac908-400f-4cdf-9ba2-c7728ada9027 - - - - -] Periodic maintenance task executed after periodic interval Skipping execution.
2018-01-19 12:53:39.627 35 DEBUG networking_odl.journal.journal [req-cc77b816-e3c9-4e22-8380-c5186abb048b - - - - -] Start processing journal entries sync_pending_entries /usr/lib/python2.7/site-packages/networking_odl/journal/journal.py:212
2018-01-19 12:53:39.637 36 INFO networking_odl.journal.periodic_task [req-628b33e2-f6b3-48b9-b16a-64dfb06722c7 - - - - -] Starting hostconfig periodic task.
2018-01-19 12:53:39.642 35 DEBUG networking_odl.journal.journal [req-cc77b816-e3c9-4e22-8380-c5186abb048b - - - - -] No journal entries to process sync_pending_entries /usr/lib/python2.7/site-packages/networking_odl/journal/journal.py:216
2018-01-19 12:53:39.644 36 INFO networking_odl.journal.periodic_task [req-628b33e2-f6b3-48b9-b16a-64dfb06722c7 - - - - -] Periodic hostconfig task executed after periodic interval Skipping execution.
2018-01-19 12:53:41.334 34 DEBUG networking_odl.common.client [-] Sending METHOD (post) URL (http://192.168.11.20:8087/restconf/operations/sal-remote:create-data-change-event-subscription) JSON ({
  "input": {
    "path": "/neutron:neutron/neutron:ports", 
    "sal-remote-augment:notification-output-type": "JSON", 
    "sal-remote-augment:datastore": "OPERATIONAL", 
    "sal-remote-augment:scope": "SUBTREE"
  }
}) request /usr/lib/python2.7/site-packages/networking_odl/common/client.py:89
2018-01-19 12:53:41.359 34 DEBUG networking_odl.common.client [-] Got response:
({"output":{"stream-name":"data-change-event-subscription/neutron:neutron/neutron:ports/datastore=OPERATIONAL/scope=SUBTREE"}}) _check_response /usr/lib/python2.7/site-packages/networking_odl/common/client.py:143
2018-01-19 12:53:41.360 34 DEBUG networking_odl.common.client [-] Sending METHOD (get) URL (http://192.168.11.20:8087/restconf/streams/stream/data-change-event-subscription/neutron:neutron/neutron:ports/datastore=OPERATIONAL/scope=SUBTREE?odl-leaf-nodes-only=true) JSON (None) request /usr/lib/python2.7/site-packages/networking_odl/common/client.py:89
2018-01-19 12:53:41.371 34 DEBUG networking_odl.common.websocket_client [-] websocket stream URL: ws://192.168.11.20:8185/data-change-event-subscription/neutron:neutron/neutron:ports/datastore=OPERATIONAL/scope=SUBTREE _subscribe_websocket /usr/lib/python2.7/site-packages/networking_odl/common/websocket_client.py:210
2018-01-19 12:53:41.380 34 ERROR networking_odl.common.websocket_client [-] webSocket bad status exception: WebSocketBadStatusException: Handshake status 500
2018-01-19 12:53:41.380 34 ERROR networking_odl.common.websocket_client Traceback (most recent call last):
2018-01-19 12:53:41.380 34 ERROR networking_odl.common.websocket_client   File "/usr/lib/python2.7/site-packages/networking_odl/common/websocket_client.py", line 238, in _socket_create_connection
2018-01-19 12:53:41.380 34 ERROR networking_odl.common.websocket_client     timeout=self.timeout)
2018-01-19 12:53:41.380 34 ERROR networking_odl.common.websocket_client   File "/usr/lib/python2.7/site-packages/websocket/_core.py", line 104, in create_connection
2018-01-19 12:53:41.380 34 ERROR networking_odl.common.websocket_client     websock.connect(url, **options)
2018-01-19 12:53:41.380 34 ERROR networking_odl.common.websocket_client   File "/usr/lib/python2.7/site-packages/websocket/_core.py", line 269, in connect
2018-01-19 12:53:41.380 34 ERROR networking_odl.common.websocket_client     self.handshake_response = handshake(self.sock, *addrs, **options)
2018-01-19 12:53:41.380 34 ERROR networking_odl.common.websocket_client   File "/usr/lib/python2.7/site-packages/websocket/_handshake.py", line 67, in handshake
2018-01-19 12:53:41.380 34 ERROR networking_odl.common.websocket_client     status, resp = _get_resp_headers(sock)
2018-01-19 12:53:41.380 34 ERROR networking_odl.common.websocket_client   File "/usr/lib/python2.7/site-packages/websocket/_handshake.py", line 123, in _get_resp_headers
2018-01-19 12:53:41.380 34 ERROR networking_odl.common.websocket_client     raise WebSocketBadStatusException("Handshake status %d", status)
2018-01-19 12:53:41.380 34 ERROR networking_odl.common.websocket_client WebSocketBadStatusException: Handshake status 500
2018-01-19 12:53:41.380 34 ERROR networking_odl.common.websocket_client 
2018-01-19 12:53:42.576 37 DEBUG neutron.db.agents_db [req-450c3084-a711-46fb-aa18-1951d04e82eb - - - - -] Agent healthcheck: found 11 active agents agent_health_check /usr/lib/python2.7/site-packages/neutron/db/agents_db.py:281
2018-01-19 12:53:49.637 35 DEBUG networking_odl.journal.journal [req-cc77b816-e3c9-4e22-8380-c5186abb048b - - - - -] Start processing journal entries sync_pending_entries /usr/lib/python2.7/site-packages/networking_odl/journal/journal.py:212
2018-01-19 12:53:49.654 35 DEBUG networking_odl.journal.journal [req-cc77b816-e3c9-4e22-8380-c5186abb048b - - - - -] No journal entries to process sync_pending_entries /usr/lib/python2.7/site-packages/networking_odl/journal/journal.py:216
2018-01-19 12:53:59.646 35 DEBUG networking_odl.journal.journal [req-cc77b816-e3c9-4e22-8380-c5186abb048b - - - - -] Start processing journal entries sync_pending_entries /usr/lib/python2.7/site-packages/networking_odl/journal/journal.py:212
2018-01-19 12:53:59.671 35 DEBUG networking_odl.journal.journal [req-cc77b816-e3c9-4e22-8380-c5186abb048b - - - - -] No journal entries to process sync_pending_entries /usr/lib/python2.7/site-packages/networking_odl/journal/journal.py:216
2018-01-19 12:54:08.669 7 INFO networking_odl.journal.periodic_task [req-ca9ac908-400f-4cdf-9ba2-c7728ada9027 - - - - -] Starting maintenance periodic task.
2018-01-19 12:54:08.681 7 INFO networking_odl.journal.periodic_task [req-ca9ac908-400f-4cdf-9ba2-c7728ada9027 - - - - -] Periodic maintenance task executed after periodic interval Skipping execution.
2018-01-19 12:54:09.636 36 INFO networking_odl.journal.periodic_task [req-628b33e2-f6b3-48b9-b16a-64dfb06722c7 - - - - -] Starting hostconfig periodic task.
2018-01-19 12:54:09.647 36 INFO networking_odl.journal.periodic_task [req-628b33e2-f6b3-48b9-b16a-64dfb06722c7 - - - - -] Periodic hostconfig task executed after periodic interval Skipping execution.
2018-01-19 12:54:09.656 35 DEBUG networking_odl.journal.journal [req-cc77b816-e3c9-4e22-8380-c5186abb048b - - - - -] Start processing journal entries sync_pending_entries /usr/lib/python2.7/site-packages/networking_odl/journal/journal.py:212
2018-01-19 12:54:09.675 35 DEBUG networking_odl.journal.journal [req-cc77b816-e3c9-4e22-8380-c5186abb048b - - - - -] No journal entries to process sync_pending_entries /usr/lib/python2.7/site-packages/networking_odl/journal/journal.py:216
2018-01-19 12:54:11.034 32 DEBUG neutron_lib.callbacks.manager [req-2ef10e45-1e61-4ba7-993a-329fded7f02c - - - - -] Notify callbacks ['neutron.services.segments.db._update_segment_host_mapping_for_agent--9223372036848914405'] for agent, after_update _notify_loop /usr/lib/python2.7/site-packages/neutron_lib/callbacks/manager.py:167
2018-01-19 12:54:11.400 34 DEBUG networking_odl.common.client [-] Sending METHOD (post) URL (http://192.168.11.20:8087/restconf/operations/sal-remote:create-data-change-event-subscription) JSON ({
  "input": {
    "path": "/neutron:neutron/neutron:ports", 
    "sal-remote-augment:notification-output-type": "JSON", 
    "sal-remote-augment:datastore": "OPERATIONAL", 
    "sal-remote-augment:scope": "SUBTREE"
  }
}) request /usr/lib/python2.7/site-packages/networking_odl/common/client.py:89
2018-01-19 12:54:11.415 34 DEBUG networking_odl.common.client [-] Got response:
({"output":{"stream-name":"data-change-event-subscription/neutron:neutron/neutron:ports/datastore=OPERATIONAL/scope=SUBTREE"}}) _check_response /usr/lib/python2.7/site-packages/networking_odl/common/client.py:143
2018-01-19 12:54:11.416 34 DEBUG networking_odl.common.client [-] Sending METHOD (get) URL (http://192.168.11.20:8087/restconf/streams/stream/data-change-event-subscription/neutron:neutron/neutron:ports/datastore=OPERATIONAL/scope=SUBTREE?odl-leaf-nodes-only=true) JSON (None) request /usr/lib/python2.7/site-packages/networking_odl/common/client.py:89
2018-01-19 12:54:11.422 34 DEBUG networking_odl.common.websocket_client [-] websocket stream URL: ws://192.168.11.20:8185/data-change-event-subscription/neutron:neutron/neutron:ports/datastore=OPERATIONAL/scope=SUBTREE _subscribe_websocket /usr/lib/python2.7/site-packages/networking_odl/common/websocket_client.py:210
2018-01-19 12:54:11.426 34 ERROR networking_odl.common.websocket_client [-] webSocket bad status exception: WebSocketBadStatusException: Handshake status 500
2018-01-19 12:54:11.426 34 ERROR networking_odl.common.websocket_client Traceback (most recent call last):
2018-01-19 12:54:11.426 34 ERROR networking_odl.common.websocket_client   File "/usr/lib/python2.7/site-packages/networking_odl/common/websocket_client.py", line 238, in _socket_create_connection
2018-01-19 12:54:11.426 34 ERROR networking_odl.common.websocket_client     timeout=self.timeout)
2018-01-19 12:54:11.426 34 ERROR networking_odl.common.websocket_client   File "/usr/lib/python2.7/site-packages/websocket/_core.py", line 104, in create_connection
2018-01-19 12:54:11.426 34 ERROR networking_odl.common.websocket_client     websock.connect(url, **options)
2018-01-19 12:54:11.426 34 ERROR networking_odl.common.websocket_client   File "/usr/lib/python2.7/site-packages/websocket/_core.py", line 269, in connect
2018-01-19 12:54:11.426 34 ERROR networking_odl.common.websocket_client     self.handshake_response = handshake(self.sock, *addrs, **options)
2018-01-19 12:54:11.426 34 ERROR networking_odl.common.websocket_client   File "/usr/lib/python2.7/site-packages/websocket/_handshake.py", line 67, in handshake
2018-01-19 12:54:11.426 34 ERROR networking_odl.common.websocket_client     status, resp = _get_resp_headers(sock)
2018-01-19 12:54:11.426 34 ERROR networking_odl.common.websocket_client   File "/usr/lib/python2.7/site-packages/websocket/_handshake.py", line 123, in _get_resp_headers
2018-01-19 12:54:11.426 34 ERROR networking_odl.common.websocket_client     raise WebSocketBadStatusException("Handshake status %d", status)
2018-01-19 12:54:11.426 34 ERROR networking_odl.common.websocket_client WebSocketBadStatusException: Handshake status 500
2018-01-19 12:54:11.426 34 ERROR networking_odl.common.websocket_client 
2018-01-19 12:54:11.624 33 DEBUG neutron_lib.callbacks.manager [req-7186f8f2-7875-4b0c-a9d6-5a904cbf33fa - - - - -] Notify callbacks ['neutron.services.segments.db._update_segment_host_mapping_for_agent--9223372036848914405'] for agent, after_update _notify_loop /usr/lib/python2.7/site-packages/neutron_lib/callbacks/manager.py:167
2018-01-19 12:54:12.083 31 DEBUG neutron_lib.callbacks.manager [req-e4cd47cd-8568-423e-a9a5-cb19c341c59b - - - - -] Notify callbacks ['neutron.services.segments.db._update_segment_host_mapping_for_agent--9223372036848914405'] for agent, after_update _notify_loop /usr/lib/python2.7/site-packages/neutron_lib/callbacks/manager.py:167
2018-01-19 12:54:15.432 28 DEBUG neutron_lib.callbacks.manager [req-b7b23549-7e03-4758-ab7b-33147a9d2991 - - - - -] Notify callbacks ['neutron.services.segments.db._update_segment_host_mapping_for_agent--9223372036848914405'] for agent, after_update _notify_loop /usr/lib/python2.7/site-packages/neutron_lib/callbacks/manager.py:167
2018-01-19 12:54:15.918 30 DEBUG neutron_lib.callbacks.manager [req-7ec4d5a6-04d9-4430-999e-52726b00711c - - - - -] Notify callbacks ['neutron.services.segments.db._update_segment_host_mapping_for_agent--9223372036848914405'] for agent, after_update _notify_loop /usr/lib/python2.7/site-packages/neutron_lib/callbacks/manager.py:167
2018-01-19 12:54:16.290 29 DEBUG neutron_lib.callbacks.manager [req-5f7a02ef-b520-4ae3-8fcf-0e11e8af659d - - - - -] Notify callbacks ['neutron.services.segments.db._update_segment_host_mapping_for_agent--9223372036848914405'] for agent, after_update _notify_loop /usr/lib/python2.7/site-packages/neutron_lib/callbacks/manager.py:167
2018-01-19 12:54:19.609 37 DEBUG neutron.db.agents_db [req-450c3084-a711-46fb-aa18-1951d04e82eb - - - - -] Agent healthcheck: found 11 active agents agent_health_check /usr/lib/python2.7/site-packages/neutron/db/agents_db.py:281
2018-01-19 12:54:19.660 35 DEBUG networking_odl.journal.journal [req-cc77b816-e3c9-4e22-8380-c5186abb048b - - - - -] Start processing journal entries sync_pending_entries /usr/lib/python2.7/site-packages/networking_odl/journal/journal.py:212
2018-01-19 12:54:19.676 35 DEBUG networking_odl.journal.journal [req-cc77b816-e3c9-4e22-8380-c5186abb048b - - - - -] No journal entries to process sync_pending_entries /usr/lib/python2.7/site-packages/networking_odl/journal/journal.py:216
2018-01-19 12:54:29.669 35 DEBUG networking_odl.journal.journal [req-cc77b816-e3c9-4e22-8380-c5186abb048b - - - - -] Start processing journal entries sync_pending_entries /usr/lib/python2.7/site-packages/networking_odl/journal/journal.py:212
2018-01-19 12:54:29.688 35 DEBUG networking_odl.journal.journal [req-cc77b816-e3c9-4e22-8380-c5186abb048b - - - - -] No journal entries to process sync_pending_entries /usr/lib/python2.7/site-packages/networking_odl/journal/journal.py:216
2018-01-19 12:54:38.672 7 INFO networking_odl.journal.periodic_task [req-ca9ac908-400f-4cdf-9ba2-c7728ada9027 - - - - -] Starting maintenance periodic task.
2018-01-19 12:54:38.684 7 INFO networking_odl.journal.periodic_task [req-ca9ac908-400f-4cdf-9ba2-c7728ada9027 - - - - -] Periodic maintenance task executed after periodic interval Skipping execution.
2018-01-19 12:54:39.668 36 INFO networking_odl.journal.periodic_task [req-628b33e2-f6b3-48b9-b16a-64dfb06722c7 - - - - -] Starting hostconfig periodic task.
2018-01-19 12:54:39.670 35 DEBUG networking_odl.journal.journal [req-cc77b816-e3c9-4e22-8380-c5186abb048b - - - - -] Start processing journal entries sync_pending_entries /usr/lib/python2.7/site-packages/networking_odl/journal/journal.py:212
2018-01-19 12:54:39.677 36 INFO networking_odl.journal.periodic_task [req-628b33e2-f6b3-48b9-b16a-64dfb06722c7 - - - - -] Periodic hostconfig task executed after periodic interval Skipping execution.
2018-01-19 12:54:39.685 35 DEBUG networking_odl.journal.journal [req-cc77b816-e3c9-4e22-8380-c5186abb048b - - - - -] No journal entries to process sync_pending_entries /usr/lib/python2.7/site-packages/networking_odl/journal/journal.py:216
2018-01-19 12:54:41.446 34 DEBUG networking_odl.common.client [-] Sending METHOD (post) URL (http://192.168.11.20:8087/restconf/operations/sal-remote:create-data-change-event-subscription) JSON ({
  "input": {
    "path": "/neutron:neutron/neutron:ports", 
    "sal-remote-augment:notification-output-type": "JSON", 
    "sal-remote-augment:datastore": "OPERATIONAL", 
    "sal-remote-augment:scope": "SUBTREE"
  }
}) request /usr/lib/python2.7/site-packages/networking_odl/common/client.py:89
2018-01-19 12:54:41.462 34 DEBUG networking_odl.common.client [-] Got response:
({"output":{"stream-name":"data-change-event-subscription/neutron:neutron/neutron:ports/datastore=OPERATIONAL/scope=SUBTREE"}}) _check_response /usr/lib/python2.7/site-packages/networking_odl/common/client.py:143
2018-01-19 12:54:41.463 34 DEBUG networking_odl.common.client [-] Sending METHOD (get) URL (http://192.168.11.20:8087/restconf/streams/stream/data-change-event-subscription/neutron:neutron/neutron:ports/datastore=OPERATIONAL/scope=SUBTREE?odl-leaf-nodes-only=true) JSON (None) request /usr/lib/python2.7/site-packages/networking_odl/common/client.py:89
2018-01-19 12:54:41.474 34 DEBUG networking_odl.common.websocket_client [-] websocket stream URL: ws://192.168.11.20:8185/data-change-event-subscription/neutron:neutron/neutron:ports/datastore=OPERATIONAL/scope=SUBTREE _subscribe_websocket /usr/lib/python2.7/site-packages/networking_odl/common/websocket_client.py:210
2018-01-19 12:54:41.478 34 ERROR networking_odl.common.websocket_client [-] webSocket bad status exception: WebSocketBadStatusException: Handshake status 500
2018-01-19 12:54:41.478 34 ERROR networking_odl.common.websocket_client Traceback (most recent call last):
2018-01-19 12:54:41.478 34 ERROR networking_odl.common.websocket_client   File "/usr/lib/python2.7/site-packages/networking_odl/common/websocket_client.py", line 238, in _socket_create_connection
2018-01-19 12:54:41.478 34 ERROR networking_odl.common.websocket_client     timeout=self.timeout)
2018-01-19 12:54:41.478 34 ERROR networking_odl.common.websocket_client   File "/usr/lib/python2.7/site-packages/websocket/_core.py", line 104, in create_connection
2018-01-19 12:54:41.478 34 ERROR networking_odl.common.websocket_client     websock.connect(url, **options)
2018-01-19 12:54:41.478 34 ERROR networking_odl.common.websocket_client   File "/usr/lib/python2.7/site-packages/websocket/_core.py", line 269, in connect
2018-01-19 12:54:41.478 34 ERROR networking_odl.common.websocket_client     self.handshake_response = handshake(self.sock, *addrs, **options)
2018-01-19 12:54:41.478 34 ERROR networking_odl.common.websocket_client   File "/usr/lib/python2.7/site-packages/websocket/_handshake.py", line 67, in handshake
2018-01-19 12:54:41.478 34 ERROR networking_odl.common.websocket_client     status, resp = _get_resp_headers(sock)
2018-01-19 12:54:41.478 34 ERROR networking_odl.common.websocket_client   File "/usr/lib/python2.7/site-packages/websocket/_handshake.py", line 123, in _get_resp_headers
2018-01-19 12:54:41.478 34 ERROR networking_odl.common.websocket_client     raise WebSocketBadStatusException("Handshake status %d", status)
2018-01-19 12:54:41.478 34 ERROR networking_odl.common.websocket_client WebSocketBadStatusException: Handshake status 500
2018-01-19 12:54:41.478 34 ERROR networking_odl.common.websocket_client 
2018-01-19 12:54:49.680 35 DEBUG networking_odl.journal.journal [req-cc77b816-e3c9-4e22-8380-c5186abb048b - - - - -] Start processing journal entries sync_pending_entries /usr/lib/python2.7/site-packages/networking_odl/journal/journal.py:212
2018-01-19 12:54:49.714 35 DEBUG networking_odl.journal.journal [req-cc77b816-e3c9-4e22-8380-c5186abb048b - - - - -] No journal entries to process sync_pending_entries /usr/lib/python2.7/site-packages/networking_odl/journal/journal.py:216
2018-01-19 12:54:56.637 37 DEBUG neutron.db.agents_db [req-450c3084-a711-46fb-aa18-1951d04e82eb - - - - -] Agent healthcheck: found 11 active agents agent_health_check /usr/lib/python2.7/site-packages/neutron/db/agents_db.py:281
2018-01-19 12:54:59.690 35 DEBUG networking_odl.journal.journal [req-cc77b816-e3c9-4e22-8380-c5186abb048b - - - - -] Start processing journal entries sync_pending_entries /usr/lib/python2.7/site-packages/networking_odl/journal/journal.py:212
2018-01-19 12:54:59.706 35 DEBUG networking_odl.journal.journal [req-cc77b816-e3c9-4e22-8380-c5186abb048b - - - - -] No journal entries to process sync_pending_entries /usr/lib/python2.7/site-packages/networking_odl/journal/journal.py:216
