2018-01-19 12:45:11.312 7 DEBUG oslo_service.service [-] database.slave_connection      = **** log_opt_values /usr/lib/python2.7/site-packages/oslo_config/cfg.py:2887
2018-01-19 12:45:11.312 7 DEBUG oslo_service.service [-] database.sqlite_synchronous    = True log_opt_values /usr/lib/python2.7/site-packages/oslo_config/cfg.py:2887
2018-01-19 12:45:11.312 7 DEBUG oslo_service.service [-] database.use_db_reconnect      = False log_opt_values /usr/lib/python2.7/site-packages/oslo_config/cfg.py:2887
2018-01-19 12:45:11.313 7 DEBUG oslo_service.service [-] AGENT.root_helper              = sudo neutron-rootwrap /etc/neutron/rootwrap.conf log_opt_values /usr/lib/python2.7/site-packages/oslo_config/cfg.py:2887
2018-01-19 12:45:11.313 7 DEBUG oslo_service.service [-] AGENT.root_helper_daemon       = None log_opt_values /usr/lib/python2.7/site-packages/oslo_config/cfg.py:2887
2018-01-19 12:45:11.313 7 DEBUG oslo_service.service [-] AGENT.use_helper_for_ns_read   = True log_opt_values /usr/lib/python2.7/site-packages/oslo_config/cfg.py:2887
2018-01-19 12:45:11.313 7 DEBUG oslo_service.service [-] oslo_concurrency.disable_process_locking = False log_opt_values /usr/lib/python2.7/site-packages/oslo_config/cfg.py:2887
2018-01-19 12:45:11.314 7 DEBUG oslo_service.service [-] oslo_concurrency.lock_path     = /var/lib/neutron/tmp log_opt_values /usr/lib/python2.7/site-packages/oslo_config/cfg.py:2887
2018-01-19 12:45:11.314 7 DEBUG oslo_service.service [-] oslo_middleware.enable_proxy_headers_parsing = False log_opt_values /usr/lib/python2.7/site-packages/oslo_config/cfg.py:2887
2018-01-19 12:45:11.314 7 DEBUG oslo_service.service [-] ml2_odl.completed_rows_retention = 600 log_opt_values /usr/lib/python2.7/site-packages/oslo_config/cfg.py:2887
2018-01-19 12:45:11.314 7 DEBUG oslo_service.service [-] ml2_odl.enable_dhcp_service    = False log_opt_values /usr/lib/python2.7/site-packages/oslo_config/cfg.py:2887
2018-01-19 12:45:11.314 7 DEBUG oslo_service.service [-] ml2_odl.enable_lightweight_testing = False log_opt_values /usr/lib/python2.7/site-packages/oslo_config/cfg.py:2887
2018-01-19 12:45:11.315 7 DEBUG oslo_service.service [-] ml2_odl.enable_websocket_pseudo_agentdb = False log_opt_values /usr/lib/python2.7/site-packages/oslo_config/cfg.py:2887
2018-01-19 12:45:11.315 7 DEBUG oslo_service.service [-] ml2_odl.maintenance_interval   = 300 log_opt_values /usr/lib/python2.7/site-packages/oslo_config/cfg.py:2887
2018-01-19 12:45:11.315 7 DEBUG oslo_service.service [-] ml2_odl.odl_features           = None log_opt_values /usr/lib/python2.7/site-packages/oslo_config/cfg.py:2887
2018-01-19 12:45:11.315 7 DEBUG oslo_service.service [-] ml2_odl.odl_features_retry_interval = 5 log_opt_values /usr/lib/python2.7/site-packages/oslo_config/cfg.py:2887
2018-01-19 12:45:11.315 7 DEBUG oslo_service.service [-] ml2_odl.odl_hostconf_uri       = /restconf/operational/neutron:neutron/hostconfigs log_opt_values /usr/lib/python2.7/site-packages/oslo_config/cfg.py:2887
2018-01-19 12:45:11.316 7 DEBUG oslo_service.service [-] ml2_odl.password               = **** log_opt_values /usr/lib/python2.7/site-packages/oslo_config/cfg.py:2887
2018-01-19 12:45:11.316 7 DEBUG oslo_service.service [-] ml2_odl.port_binding_controller = pseudo-agentdb-binding log_opt_values /usr/lib/python2.7/site-packages/oslo_config/cfg.py:2887
2018-01-19 12:45:11.316 7 DEBUG oslo_service.service [-] ml2_odl.processing_timeout     = 100 log_opt_values /usr/lib/python2.7/site-packages/oslo_config/cfg.py:2887
2018-01-19 12:45:11.316 7 DEBUG oslo_service.service [-] ml2_odl.restconf_poll_interval = 30 log_opt_values /usr/lib/python2.7/site-packages/oslo_config/cfg.py:2887
2018-01-19 12:45:11.316 7 DEBUG oslo_service.service [-] ml2_odl.retry_count            = 5 log_opt_values /usr/lib/python2.7/site-packages/oslo_config/cfg.py:2887
2018-01-19 12:45:11.317 7 DEBUG oslo_service.service [-] ml2_odl.session_timeout        = 30 log_opt_values /usr/lib/python2.7/site-packages/oslo_config/cfg.py:2887
2018-01-19 12:45:11.317 7 DEBUG oslo_service.service [-] ml2_odl.sync_timeout           = 10 log_opt_values /usr/lib/python2.7/site-packages/oslo_config/cfg.py:2887
2018-01-19 12:45:11.317 7 DEBUG oslo_service.service [-] ml2_odl.timeout                = 10 log_opt_values /usr/lib/python2.7/site-packages/oslo_config/cfg.py:2887
2018-01-19 12:45:11.317 7 DEBUG oslo_service.service [-] ml2_odl.url                    = http://192.168.11.20:8087/controller/nb/v2/neutron log_opt_values /usr/lib/python2.7/site-packages/oslo_config/cfg.py:2887
2018-01-19 12:45:11.317 7 DEBUG oslo_service.service [-] ml2_odl.username               = admin log_opt_values /usr/lib/python2.7/site-packages/oslo_config/cfg.py:2887
2018-01-19 12:45:11.318 7 DEBUG oslo_service.service [-] ml2_type_flat.flat_networks    = ['physnet1'] log_opt_values /usr/lib/python2.7/site-packages/oslo_config/cfg.py:2887
2018-01-19 12:45:11.318 7 DEBUG oslo_service.service [-] keystone_authtoken.admin_password = **** log_opt_values /usr/lib/python2.7/site-packages/oslo_config/cfg.py:2887
2018-01-19 12:45:11.318 7 DEBUG oslo_service.service [-] keystone_authtoken.admin_tenant_name = admin log_opt_values /usr/lib/python2.7/site-packages/oslo_config/cfg.py:2887
2018-01-19 12:45:11.318 7 DEBUG oslo_service.service [-] keystone_authtoken.admin_token = **** log_opt_values /usr/lib/python2.7/site-packages/oslo_config/cfg.py:2887
2018-01-19 12:45:11.318 7 DEBUG oslo_service.service [-] keystone_authtoken.admin_user  = None log_opt_values /usr/lib/python2.7/site-packages/oslo_config/cfg.py:2887
2018-01-19 12:45:11.319 7 DEBUG oslo_service.service [-] keystone_authtoken.auth_admin_prefix =  log_opt_values /usr/lib/python2.7/site-packages/oslo_config/cfg.py:2887
2018-01-19 12:45:11.319 7 DEBUG oslo_service.service [-] keystone_authtoken.auth_host   = 127.0.0.1 log_opt_values /usr/lib/python2.7/site-packages/oslo_config/cfg.py:2887
2018-01-19 12:45:11.319 7 DEBUG oslo_service.service [-] keystone_authtoken.auth_port   = 35357 log_opt_values /usr/lib/python2.7/site-packages/oslo_config/cfg.py:2887
2018-01-19 12:45:11.319 35 DEBUG neutron_lib.callbacks.manager [req-12b60d6d-f9c5-4b65-8ec4-ad084bdf4c77 - - - - -] Notify callbacks ['neutron.services.segments.db._update_segment_host_mapping_for_agent--9223372036849389797'] for agent, after_create _notify_loop /usr/lib/python2.7/site-packages/neutron_lib/callbacks/manager.py:167
2018-01-19 12:45:11.321 7 DEBUG oslo_service.service [-] keystone_authtoken.auth_protocol = https log_opt_values /usr/lib/python2.7/site-packages/oslo_config/cfg.py:2887
2018-01-19 12:45:11.321 7 DEBUG oslo_service.service [-] keystone_authtoken.auth_section = None log_opt_values /usr/lib/python2.7/site-packages/oslo_config/cfg.py:2887
2018-01-19 12:45:11.321 7 DEBUG oslo_service.service [-] keystone_authtoken.auth_type   = password log_opt_values /usr/lib/python2.7/site-packages/oslo_config/cfg.py:2887
2018-01-19 12:45:11.321 7 DEBUG oslo_service.service [-] keystone_authtoken.auth_uri    = http://192.168.11.20:5000 log_opt_values /usr/lib/python2.7/site-packages/oslo_config/cfg.py:2887
2018-01-19 12:45:11.321 7 DEBUG oslo_service.service [-] keystone_authtoken.auth_url    = http://192.168.11.20:35357 log_opt_values /usr/lib/python2.7/site-packages/oslo_config/cfg.py:2887
2018-01-19 12:45:11.322 7 DEBUG oslo_service.service [-] keystone_authtoken.auth_version = None log_opt_values /usr/lib/python2.7/site-packages/oslo_config/cfg.py:2887
2018-01-19 12:45:11.322 7 DEBUG oslo_service.service [-] keystone_authtoken.cache       = None log_opt_values /usr/lib/python2.7/site-packages/oslo_config/cfg.py:2887
2018-01-19 12:45:11.322 7 DEBUG oslo_service.service [-] keystone_authtoken.cafile      = None log_opt_values /usr/lib/python2.7/site-packages/oslo_config/cfg.py:2887
2018-01-19 12:45:11.322 7 DEBUG oslo_service.service [-] keystone_authtoken.certfile    = None log_opt_values /usr/lib/python2.7/site-packages/oslo_config/cfg.py:2887
2018-01-19 12:45:11.322 7 DEBUG oslo_service.service [-] keystone_authtoken.check_revocations_for_cached = False log_opt_values /usr/lib/python2.7/site-packages/oslo_config/cfg.py:2887
2018-01-19 12:45:11.323 7 DEBUG oslo_service.service [-] keystone_authtoken.default_domain_id = None log_opt_values /usr/lib/python2.7/site-packages/oslo_config/cfg.py:2887
2018-01-19 12:45:11.323 7 DEBUG oslo_service.service [-] keystone_authtoken.default_domain_name = None log_opt_values /usr/lib/python2.7/site-packages/oslo_config/cfg.py:2887
2018-01-19 12:45:11.323 7 DEBUG oslo_service.service [-] keystone_authtoken.delay_auth_decision = False log_opt_values /usr/lib/python2.7/site-packages/oslo_config/cfg.py:2887
2018-01-19 12:45:11.323 7 DEBUG oslo_service.service [-] keystone_authtoken.domain_id   = None log_opt_values /usr/lib/python2.7/site-packages/oslo_config/cfg.py:2887
2018-01-19 12:45:11.323 7 DEBUG oslo_service.service [-] keystone_authtoken.domain_name = None log_opt_values /usr/lib/python2.7/site-packages/oslo_config/cfg.py:2887
2018-01-19 12:45:11.324 7 DEBUG oslo_service.service [-] keystone_authtoken.enforce_token_bind = permissive log_opt_values /usr/lib/python2.7/site-packages/oslo_config/cfg.py:2887
2018-01-19 12:45:11.324 7 DEBUG oslo_service.service [-] keystone_authtoken.hash_algorithms = ['md5'] log_opt_values /usr/lib/python2.7/site-packages/oslo_config/cfg.py:2887
2018-01-19 12:45:11.324 7 DEBUG oslo_service.service [-] keystone_authtoken.http_connect_timeout = None log_opt_values /usr/lib/python2.7/site-packages/oslo_config/cfg.py:2887
2018-01-19 12:45:11.324 7 DEBUG oslo_service.service [-] keystone_authtoken.http_request_max_retries = 3 log_opt_values /usr/lib/python2.7/site-packages/oslo_config/cfg.py:2887
2018-01-19 12:45:11.324 7 DEBUG oslo_service.service [-] keystone_authtoken.identity_uri = None log_opt_values /usr/lib/python2.7/site-packages/oslo_config/cfg.py:2887
2018-01-19 12:45:11.325 7 DEBUG oslo_service.service [-] keystone_authtoken.include_service_catalog = True log_opt_values /usr/lib/python2.7/site-packages/oslo_config/cfg.py:2887
2018-01-19 12:45:11.325 7 DEBUG oslo_service.service [-] keystone_authtoken.insecure    = False log_opt_values /usr/lib/python2.7/site-packages/oslo_config/cfg.py:2887
2018-01-19 12:45:11.325 7 DEBUG oslo_service.service [-] keystone_authtoken.keyfile     = None log_opt_values /usr/lib/python2.7/site-packages/oslo_config/cfg.py:2887
2018-01-19 12:45:11.325 7 DEBUG oslo_service.service [-] keystone_authtoken.memcache_pool_conn_get_timeout = 10 log_opt_values /usr/lib/python2.7/site-packages/oslo_config/cfg.py:2887
2018-01-19 12:45:11.325 7 DEBUG oslo_service.service [-] keystone_authtoken.memcache_pool_dead_retry = 300 log_opt_values /usr/lib/python2.7/site-packages/oslo_config/cfg.py:2887
2018-01-19 12:45:11.326 7 DEBUG oslo_service.service [-] keystone_authtoken.memcache_pool_maxsize = 10 log_opt_values /usr/lib/python2.7/site-packages/oslo_config/cfg.py:2887
2018-01-19 12:45:11.326 7 DEBUG oslo_service.service [-] keystone_authtoken.memcache_pool_socket_timeout = 3 log_opt_values /usr/lib/python2.7/site-packages/oslo_config/cfg.py:2887
2018-01-19 12:45:11.326 7 DEBUG oslo_service.service [-] keystone_authtoken.memcache_pool_unused_timeout = 60 log_opt_values /usr/lib/python2.7/site-packages/oslo_config/cfg.py:2887
2018-01-19 12:45:11.326 7 DEBUG oslo_service.service [-] keystone_authtoken.memcache_secret_key = **** log_opt_values /usr/lib/python2.7/site-packages/oslo_config/cfg.py:2887
2018-01-19 12:45:11.326 7 DEBUG oslo_service.service [-] keystone_authtoken.memcache_security_strategy = ENCRYPT log_opt_values /usr/lib/python2.7/site-packages/oslo_config/cfg.py:2887
2018-01-19 12:45:11.326 7 DEBUG oslo_service.service [-] keystone_authtoken.memcache_use_advanced_pool = False log_opt_values /usr/lib/python2.7/site-packages/oslo_config/cfg.py:2887
2018-01-19 12:45:11.327 7 DEBUG oslo_service.service [-] keystone_authtoken.memcached_servers = ['192.168.11.10:11211', '192.168.11.12:11211', '192.168.11.14:11211'] log_opt_values /usr/lib/python2.7/site-packages/oslo_config/cfg.py:2887
2018-01-19 12:45:11.327 7 DEBUG oslo_service.service [-] keystone_authtoken.password    = **** log_opt_values /usr/lib/python2.7/site-packages/oslo_config/cfg.py:2887
2018-01-19 12:45:11.327 7 DEBUG oslo_service.service [-] keystone_authtoken.project_domain_id = default log_opt_values /usr/lib/python2.7/site-packages/oslo_config/cfg.py:2887
2018-01-19 12:45:11.327 7 DEBUG oslo_service.service [-] keystone_authtoken.project_domain_name = None log_opt_values /usr/lib/python2.7/site-packages/oslo_config/cfg.py:2887
2018-01-19 12:45:11.327 7 DEBUG oslo_service.service [-] keystone_authtoken.project_id  = None log_opt_values /usr/lib/python2.7/site-packages/oslo_config/cfg.py:2887
2018-01-19 12:45:11.328 7 DEBUG oslo_service.service [-] keystone_authtoken.project_name = service log_opt_values /usr/lib/python2.7/site-packages/oslo_config/cfg.py:2887
2018-01-19 12:45:11.328 7 DEBUG oslo_service.service [-] keystone_authtoken.region_name = None log_opt_values /usr/lib/python2.7/site-packages/oslo_config/cfg.py:2887
2018-01-19 12:45:11.328 7 DEBUG oslo_service.service [-] keystone_authtoken.revocation_cache_time = 10 log_opt_values /usr/lib/python2.7/site-packages/oslo_config/cfg.py:2887
2018-01-19 12:45:11.328 7 DEBUG oslo_service.service [-] keystone_authtoken.service_token_roles = ['service'] log_opt_values /usr/lib/python2.7/site-packages/oslo_config/cfg.py:2887
2018-01-19 12:45:11.328 7 DEBUG oslo_service.service [-] keystone_authtoken.service_token_roles_required = False log_opt_values /usr/lib/python2.7/site-packages/oslo_config/cfg.py:2887
2018-01-19 12:45:11.329 7 DEBUG oslo_service.service [-] keystone_authtoken.signing_dir = None log_opt_values /usr/lib/python2.7/site-packages/oslo_config/cfg.py:2887
2018-01-19 12:45:11.329 7 DEBUG oslo_service.service [-] keystone_authtoken.token_cache_time = 300 log_opt_values /usr/lib/python2.7/site-packages/oslo_config/cfg.py:2887
2018-01-19 12:45:11.329 7 DEBUG oslo_service.service [-] keystone_authtoken.trust_id    = None log_opt_values /usr/lib/python2.7/site-packages/oslo_config/cfg.py:2887
2018-01-19 12:45:11.329 7 DEBUG oslo_service.service [-] keystone_authtoken.user_domain_id = default log_opt_values /usr/lib/python2.7/site-packages/oslo_config/cfg.py:2887
2018-01-19 12:45:11.329 7 DEBUG oslo_service.service [-] keystone_authtoken.user_domain_name = None log_opt_values /usr/lib/python2.7/site-packages/oslo_config/cfg.py:2887
2018-01-19 12:45:11.330 7 DEBUG oslo_service.service [-] keystone_authtoken.user_id     = None log_opt_values /usr/lib/python2.7/site-packages/oslo_config/cfg.py:2887
2018-01-19 12:45:11.330 7 DEBUG oslo_service.service [-] keystone_authtoken.username    = neutron log_opt_values /usr/lib/python2.7/site-packages/oslo_config/cfg.py:2887
2018-01-19 12:45:11.330 7 DEBUG oslo_service.service [-] oslo_versionedobjects.fatal_exception_format_errors = False log_opt_values /usr/lib/python2.7/site-packages/oslo_config/cfg.py:2887
2018-01-19 12:45:11.330 7 DEBUG oslo_service.service [-] xenapi.connection_password     = **** log_opt_values /usr/lib/python2.7/site-packages/oslo_config/cfg.py:2887
2018-01-19 12:45:11.330 7 DEBUG oslo_service.service [-] xenapi.connection_url          = None log_opt_values /usr/lib/python2.7/site-packages/oslo_config/cfg.py:2887
2018-01-19 12:45:11.331 7 DEBUG oslo_service.service [-] xenapi.connection_username     = None log_opt_values /usr/lib/python2.7/site-packages/oslo_config/cfg.py:2887
2018-01-19 12:45:11.331 7 DEBUG oslo_service.service [-] ******************************************************************************** log_opt_values /usr/lib/python2.7/site-packages/oslo_config/cfg.py:2889
2018-01-19 12:45:11.334 7 DEBUG networking_odl.common.client [req-03dfef47-006d-4eed-ad3d-f01a8b71f9e7 - - - - -] Sending METHOD (get) URL (http://192.168.11.20:8087/controller/nb/v2/neutron/networks/bd8db3a8-2b30-4083-a8b3-b3fd46401142) JSON (None) request /usr/lib/python2.7/site-packages/networking_odl/common/client.py:89
2018-01-19 12:45:11.343 35 DEBUG neutron_lib.callbacks.manager [req-12b60d6d-f9c5-4b65-8ec4-ad084bdf4c77 - - - - -] Notify callbacks [] for segment_host_mapping, after_create _notify_loop /usr/lib/python2.7/site-packages/neutron_lib/callbacks/manager.py:167
2018-01-19 12:45:11.395 35 DEBUG neutron_lib.callbacks.manager [req-12b60d6d-f9c5-4b65-8ec4-ad084bdf4c77 - - - - -] Notify callbacks ['neutron.services.segments.db._update_segment_host_mapping_for_agent--9223372036849389797'] for agent, after_create _notify_loop /usr/lib/python2.7/site-packages/neutron_lib/callbacks/manager.py:167
2018-01-19 12:45:11.416 35 DEBUG neutron_lib.callbacks.manager [req-12b60d6d-f9c5-4b65-8ec4-ad084bdf4c77 - - - - -] Notify callbacks [] for segment_host_mapping, after_create _notify_loop /usr/lib/python2.7/site-packages/neutron_lib/callbacks/manager.py:167
2018-01-19 12:45:11.446 35 DEBUG neutron_lib.callbacks.manager [req-12b60d6d-f9c5-4b65-8ec4-ad084bdf4c77 - - - - -] Notify callbacks ['neutron.services.segments.db._update_segment_host_mapping_for_agent--9223372036849389797'] for agent, after_create _notify_loop /usr/lib/python2.7/site-packages/neutron_lib/callbacks/manager.py:167
2018-01-19 12:45:11.459 35 DEBUG neutron_lib.callbacks.manager [req-12b60d6d-f9c5-4b65-8ec4-ad084bdf4c77 - - - - -] Notify callbacks [] for segment_host_mapping, after_create _notify_loop /usr/lib/python2.7/site-packages/neutron_lib/callbacks/manager.py:167
2018-01-19 12:45:11.486 35 DEBUG neutron_lib.callbacks.manager [req-12b60d6d-f9c5-4b65-8ec4-ad084bdf4c77 - - - - -] Notify callbacks ['neutron.services.segments.db._update_segment_host_mapping_for_agent--9223372036849389797'] for agent, after_create _notify_loop /usr/lib/python2.7/site-packages/neutron_lib/callbacks/manager.py:167
2018-01-19 12:45:11.498 35 DEBUG neutron_lib.callbacks.manager [req-12b60d6d-f9c5-4b65-8ec4-ad084bdf4c77 - - - - -] Notify callbacks [] for segment_host_mapping, after_create _notify_loop /usr/lib/python2.7/site-packages/neutron_lib/callbacks/manager.py:167
2018-01-19 12:45:11.520 35 DEBUG neutron_lib.callbacks.manager [req-12b60d6d-f9c5-4b65-8ec4-ad084bdf4c77 - - - - -] Notify callbacks ['neutron.services.segments.db._update_segment_host_mapping_for_agent--9223372036849389797'] for agent, after_create _notify_loop /usr/lib/python2.7/site-packages/neutron_lib/callbacks/manager.py:167
2018-01-19 12:45:11.533 35 DEBUG neutron_lib.callbacks.manager [req-12b60d6d-f9c5-4b65-8ec4-ad084bdf4c77 - - - - -] Notify callbacks [] for segment_host_mapping, after_create _notify_loop /usr/lib/python2.7/site-packages/neutron_lib/callbacks/manager.py:167
2018-01-19 12:45:11.533 35 INFO networking_odl.journal.periodic_task [req-12b60d6d-f9c5-4b65-8ec4-ad084bdf4c77 - - - - -] Finished _get_and_update_hostconfigs phase of hostconfig task.
2018-01-19 12:45:11.578 35 INFO networking_odl.journal.periodic_task [req-12b60d6d-f9c5-4b65-8ec4-ad084bdf4c77 - - - - -] hostconfig task has been finished
2018-01-19 12:45:11.595 7 INFO networking_odl.journal.periodic_task [req-03dfef47-006d-4eed-ad3d-f01a8b71f9e7 - - - - -] Finished full_sync phase of maintenance task.
2018-01-19 12:45:11.595 7 INFO networking_odl.journal.periodic_task [req-03dfef47-006d-4eed-ad3d-f01a8b71f9e7 - - - - -] Starting journal_recovery phase of periodic task maintenance.
2018-01-19 12:45:11.621 7 INFO networking_odl.journal.periodic_task [req-03dfef47-006d-4eed-ad3d-f01a8b71f9e7 - - - - -] Finished journal_recovery phase of maintenance task.
2018-01-19 12:45:11.824 7 INFO networking_odl.journal.periodic_task [req-03dfef47-006d-4eed-ad3d-f01a8b71f9e7 - - - - -] maintenance task has been finished
2018-01-19 12:45:21.135 34 DEBUG networking_odl.journal.journal [req-84577915-aefd-4674-8d2a-2162e0a9016f - - - - -] Start processing journal entries sync_pending_entries /usr/lib/python2.7/site-packages/networking_odl/journal/journal.py:212
2018-01-19 12:45:21.181 34 INFO networking_odl.journal.journal [req-84577915-aefd-4674-8d2a-2162e0a9016f - - - - -] Processing - create network bd8db3a8-2b30-4083-a8b3-b3fd46401142
2018-01-19 12:45:21.182 34 DEBUG networking_odl.common.client [req-84577915-aefd-4674-8d2a-2162e0a9016f - - - - -] Sending METHOD (post) URL (http://192.168.11.20:8087/controller/nb/v2/neutron/networks) JSON ({
  "network": {
    "tenant_id": "bd8db3a8-2b30-4083-a8b3-b3fd46401142", 
    "project_id": "bd8db3a8-2b30-4083-a8b3-b3fd46401142", 
    "admin_state_up": false, 
    "id": "bd8db3a8-2b30-4083-a8b3-b3fd46401142", 
    "name": "Sync Canary Network"
  }
}) request /usr/lib/python2.7/site-packages/networking_odl/common/client.py:89
2018-01-19 12:45:21.329 34 DEBUG networking_odl.common.client [req-84577915-aefd-4674-8d2a-2162e0a9016f - - - - -] Got response:
({
   "network" : {
      "id" : "bd8db3a8-2b30-4083-a8b3-b3fd46401142",
      "tenant_id" : "bd8db3a8-2b30-4083-a8b3-b3fd46401142",
      "project_id" : "bd8db3a8-2b30-4083-a8b3-b3fd46401142",
      "name" : "Sync Canary Network",
      "admin_state_up" : false,
      "status" : "ACTIVE",
      "shared" : false,
      "router:external" : false,
      "provider:network_type" : "flat"
   }
}) _check_response /usr/lib/python2.7/site-packages/networking_odl/common/client.py:143
2018-01-19 12:45:21.330 34 DEBUG neutron_lib.callbacks.manager [req-84577915-aefd-4674-8d2a-2162e0a9016f - - - - -] Notify callbacks [] for network, before_complete _notify_loop /usr/lib/python2.7/site-packages/neutron_lib/callbacks/manager.py:167
2018-01-19 12:45:21.365 34 DEBUG networking_odl.journal.journal [req-84577915-aefd-4674-8d2a-2162e0a9016f - - - - -] Finished processing journal entries sync_pending_entries /usr/lib/python2.7/site-packages/networking_odl/journal/journal.py:225
2018-01-19 12:45:31.145 34 DEBUG networking_odl.journal.journal [req-84577915-aefd-4674-8d2a-2162e0a9016f - - - - -] Start processing journal entries sync_pending_entries /usr/lib/python2.7/site-packages/networking_odl/journal/journal.py:212
2018-01-19 12:45:31.156 34 DEBUG networking_odl.journal.journal [req-84577915-aefd-4674-8d2a-2162e0a9016f - - - - -] No journal entries to process sync_pending_entries /usr/lib/python2.7/site-packages/networking_odl/journal/journal.py:216
2018-01-19 12:45:40.505 7 INFO networking_odl.journal.periodic_task [req-03dfef47-006d-4eed-ad3d-f01a8b71f9e7 - - - - -] Starting maintenance periodic task.
2018-01-19 12:45:40.511 7 INFO networking_odl.journal.periodic_task [req-03dfef47-006d-4eed-ad3d-f01a8b71f9e7 - - - - -] Periodic maintenance task executed after periodic interval Skipping execution.
2018-01-19 12:45:41.087 27 DEBUG neutron.api.rpc.handlers.dhcp_rpc [req-30e2f509-6e88-4737-bc12-205f1c2636a5 - - - - -] get_active_networks_info from host-192-168-11-10 get_active_networks_info /usr/lib/python2.7/site-packages/neutron/api/rpc/handlers/dhcp_rpc.py:141
2018-01-19 12:45:41.148 35 INFO networking_odl.journal.periodic_task [req-12b60d6d-f9c5-4b65-8ec4-ad084bdf4c77 - - - - -] Starting hostconfig periodic task.
2018-01-19 12:45:41.154 27 DEBUG neutron.scheduler.dhcp_agent_scheduler [req-30e2f509-6e88-4737-bc12-205f1c2636a5 - - - - -] No non-hosted networks auto_schedule_networks /usr/lib/python2.7/site-packages/neutron/scheduler/dhcp_agent_scheduler.py:59
2018-01-19 12:45:41.155 34 DEBUG networking_odl.journal.journal [req-84577915-aefd-4674-8d2a-2162e0a9016f - - - - -] Start processing journal entries sync_pending_entries /usr/lib/python2.7/site-packages/networking_odl/journal/journal.py:212
2018-01-19 12:45:41.161 27 DEBUG neutron.db.agentschedulers_db [req-30e2f509-6e88-4737-bc12-205f1c2636a5 - - - - -] DHCP Agent not found on host host-192-168-11-10 list_active_networks_on_active_dhcp_agent /usr/lib/python2.7/site-packages/neutron/db/agentschedulers_db.py:477
2018-01-19 12:45:41.166 34 DEBUG networking_odl.journal.journal [req-84577915-aefd-4674-8d2a-2162e0a9016f - - - - -] No journal entries to process sync_pending_entries /usr/lib/python2.7/site-packages/networking_odl/journal/journal.py:216
2018-01-19 12:45:41.181 31 DEBUG neutron_lib.callbacks.manager [req-0ca2e960-7736-4a01-bb75-8334e08b56c0 - - - - -] Notify callbacks ['neutron.services.segments.db._update_segment_host_mapping_for_agent--9223372036849389797'] for agent, after_create _notify_loop /usr/lib/python2.7/site-packages/neutron_lib/callbacks/manager.py:167
2018-01-19 12:45:41.250 35 INFO networking_odl.journal.periodic_task [req-12b60d6d-f9c5-4b65-8ec4-ad084bdf4c77 - - - - -] Starting _get_and_update_hostconfigs phase of periodic task hostconfig.
2018-01-19 12:45:41.313 33 DEBUG networking_odl.common.client [-] Sending METHOD (post) URL (http://192.168.11.20:8087/restconf/operations/sal-remote:create-data-change-event-subscription) JSON ({
  "input": {
    "path": "/neutron:neutron/neutron:ports", 
    "sal-remote-augment:notification-output-type": "JSON", 
    "sal-remote-augment:datastore": "OPERATIONAL", 
    "sal-remote-augment:scope": "SUBTREE"
  }
}) request /usr/lib/python2.7/site-packages/networking_odl/common/client.py:89
2018-01-19 12:45:41.319 35 INFO networking_odl.ml2.pseudo_agentdb_binding [req-12b60d6d-f9c5-4b65-8ec4-ad084bdf4c77 - - - - -] REST/GET hostconfigs from ODL
2018-01-19 12:45:41.320 35 DEBUG networking_odl.common.client [req-12b60d6d-f9c5-4b65-8ec4-ad084bdf4c77 - - - - -] Sending METHOD (get) URL (http://192.168.11.20:8087/restconf/operational/neutron:neutron/hostconfigs/) JSON (None) request /usr/lib/python2.7/site-packages/networking_odl/common/client.py:89
2018-01-19 12:45:41.329 33 DEBUG networking_odl.common.client [-] Got response:
({"output":{"stream-name":"data-change-event-subscription/neutron:neutron/neutron:ports/datastore=OPERATIONAL/scope=SUBTREE"}}) _check_response /usr/lib/python2.7/site-packages/networking_odl/common/client.py:143
2018-01-19 12:45:41.330 33 DEBUG networking_odl.common.client [-] Sending METHOD (get) URL (http://192.168.11.20:8087/restconf/streams/stream/data-change-event-subscription/neutron:neutron/neutron:ports/datastore=OPERATIONAL/scope=SUBTREE?odl-leaf-nodes-only=true) JSON (None) request /usr/lib/python2.7/site-packages/networking_odl/common/client.py:89
2018-01-19 12:45:41.332 35 DEBUG networking_odl.ml2.pseudo_agentdb_binding [req-12b60d6d-f9c5-4b65-8ec4-ad084bdf4c77 - - - - -] ODLPORTBINDING hostconfigs:
[
    "{\"hostconfigs\":{\"hostconfig\":[{\"host-type\":\"ODL L2\",\"host-id\":\"host-192-168-11-13\",\"config\":\"{\\\"supported_vnic_types\\\": [{\\\"vnic",
    "_type\\\": \\\"normal\\\", \\\"vif_type\\\": \\\"ovs\\\", \\\"vif_details\\\": {} }], \\\"allowed_network_types\\\": [\\\"flat\\\", \\\"vlan\\\", \\\"vxlan\\\"], ",
    "\\\"datapath_types\\\": [\\\"netdev\\\", \\\"system\\\"], \\\"bridge_mappings\\\": {\\\"physnet1\\\":\\\"br-ex\\\"} }\"},{\"host-type\":\"ODL L2\",\"host-id\":",
    "\"host-192-168-11-14\",\"config\":\"{\\\"supported_vnic_types\\\": [{\\\"vnic_type\\\": \\\"normal\\\", \\\"vif_type\\\": \\\"ovs\\\", \\\"vif_details\\\": {",
    "} }], \\\"allowed_network_types\\\": [\\\"flat\\\", \\\"vlan\\\", \\\"vxlan\\\"], \\\"datapath_types\\\": [\\\"netdev\\\", \\\"system\\\"], \\\"bridge_mapping",
    "s\\\": {\\\"physnet1\\\":\\\"br-ex\\\"} }\"},{\"host-type\":\"ODL L2\",\"host-id\":\"host-192-168-11-10\",\"config\":\"{\\\"supported_vnic_types\\\": [{\\\"",
    "vnic_type\\\": \\\"normal\\\", \\\"vif_type\\\": \\\"ovs\\\", \\\"vif_details\\\": {} }], \\\"allowed_network_types\\\": [\\\"flat\\\", \\\"vlan\\\", \\\"vxlan\\",
    "\"], \\\"datapath_types\\\": [\\\"netdev\\\", \\\"system\\\"], \\\"bridge_mappings\\\": {\\\"physnet1\\\":\\\"br-ex\\\"} }\"},{\"host-type\":\"ODL L2\",\"host-",
    "id\":\"host-192-168-11-11\",\"config\":\"{\\\"supported_vnic_types\\\": [{\\\"vnic_type\\\": \\\"normal\\\", \\\"vif_type\\\": \\\"ovs\\\", \\\"vif_details\\",
    "\": {} }], \\\"allowed_network_types\\\": [\\\"flat\\\", \\\"vlan\\\", \\\"vxlan\\\"], \\\"datapath_types\\\": [\\\"netdev\\\", \\\"system\\\"], \\\"bridge_map",
    "pings\\\": {\\\"physnet1\\\":\\\"br-ex\\\"} }\"},{\"host-type\":\"ODL L2\",\"host-id\":\"host-192-168-11-12\",\"config\":\"{\\\"supported_vnic_types\\\": ",
    "[{\\\"vnic_type\\\": \\\"normal\\\", \\\"vif_type\\\": \\\"ovs\\\", \\\"vif_details\\\": {} }], \\\"allowed_network_types\\\": [\\\"flat\\\", \\\"vlan\\\", \\\"vx",
    "lan\\\"], \\\"datapath_types\\\": [\\\"netdev\\\", \\\"system\\\"], \\\"bridge_mappings\\\": {\\\"physnet1\\\":\\\"br-ex\\\"} }\"}]}}"
] _rest_get_hostconfigs /usr/lib/python2.7/site-packages/networking_odl/ml2/pseudo_agentdb_binding.py:87
2018-01-19 12:45:41.333 35 DEBUG networking_odl.ml2.pseudo_agentdb_binding [req-12b60d6d-f9c5-4b65-8ec4-ad084bdf4c77 - - - - -] ODLPORTBINDING Updating agents DB with ODL hostconfigs update_agents_db /usr/lib/python2.7/site-packages/networking_odl/ml2/pseudo_agentdb_binding.py:217
2018-01-19 12:45:41.338 33 DEBUG networking_odl.common.websocket_client [-] websocket stream URL: ws://192.168.11.20:8185/data-change-event-subscription/neutron:neutron/neutron:ports/datastore=OPERATIONAL/scope=SUBTREE _subscribe_websocket /usr/lib/python2.7/site-packages/networking_odl/common/websocket_client.py:210
2018-01-19 12:45:41.342 33 ERROR networking_odl.common.websocket_client [-] webSocket bad status exception: WebSocketBadStatusException: Handshake status 500
2018-01-19 12:45:41.342 33 ERROR networking_odl.common.websocket_client Traceback (most recent call last):
2018-01-19 12:45:41.342 33 ERROR networking_odl.common.websocket_client   File "/usr/lib/python2.7/site-packages/networking_odl/common/websocket_client.py", line 238, in _socket_create_connection
2018-01-19 12:45:41.342 33 ERROR networking_odl.common.websocket_client     timeout=self.timeout)
2018-01-19 12:45:41.342 33 ERROR networking_odl.common.websocket_client   File "/usr/lib/python2.7/site-packages/websocket/_core.py", line 104, in create_connection
2018-01-19 12:45:41.342 33 ERROR networking_odl.common.websocket_client     websock.connect(url, **options)
2018-01-19 12:45:41.342 33 ERROR networking_odl.common.websocket_client   File "/usr/lib/python2.7/site-packages/websocket/_core.py", line 269, in connect
2018-01-19 12:45:41.342 33 ERROR networking_odl.common.websocket_client     self.handshake_response = handshake(self.sock, *addrs, **options)
2018-01-19 12:45:41.342 33 ERROR networking_odl.common.websocket_client   File "/usr/lib/python2.7/site-packages/websocket/_handshake.py", line 67, in handshake
2018-01-19 12:45:41.342 33 ERROR networking_odl.common.websocket_client     status, resp = _get_resp_headers(sock)
2018-01-19 12:45:41.342 33 ERROR networking_odl.common.websocket_client   File "/usr/lib/python2.7/site-packages/websocket/_handshake.py", line 123, in _get_resp_headers
2018-01-19 12:45:41.342 33 ERROR networking_odl.common.websocket_client     raise WebSocketBadStatusException("Handshake status %d", status)
2018-01-19 12:45:41.342 33 ERROR networking_odl.common.websocket_client WebSocketBadStatusException: Handshake status 500
2018-01-19 12:45:41.342 33 ERROR networking_odl.common.websocket_client 
2018-01-19 12:45:41.481 35 DEBUG neutron_lib.callbacks.manager [req-12b60d6d-f9c5-4b65-8ec4-ad084bdf4c77 - - - - -] Notify callbacks ['neutron.services.segments.db._update_segment_host_mapping_for_agent--9223372036849389797'] for agent, after_update _notify_loop /usr/lib/python2.7/site-packages/neutron_lib/callbacks/manager.py:167
2018-01-19 12:45:41.556 35 DEBUG neutron_lib.callbacks.manager [req-12b60d6d-f9c5-4b65-8ec4-ad084bdf4c77 - - - - -] Notify callbacks ['neutron.services.segments.db._update_segment_host_mapping_for_agent--9223372036849389797'] for agent, after_update _notify_loop /usr/lib/python2.7/site-packages/neutron_lib/callbacks/manager.py:167
2018-01-19 12:45:41.605 28 DEBUG neutron.api.rpc.handlers.dhcp_rpc [req-f9f9c372-03e0-40dc-9733-d056e3a9c7fc - - - - -] get_active_networks_info from host-192-168-11-14 get_active_networks_info /usr/lib/python2.7/site-packages/neutron/api/rpc/handlers/dhcp_rpc.py:141
2018-01-19 12:45:41.625 35 DEBUG neutron_lib.callbacks.manager [req-12b60d6d-f9c5-4b65-8ec4-ad084bdf4c77 - - - - -] Notify callbacks ['neutron.services.segments.db._update_segment_host_mapping_for_agent--9223372036849389797'] for agent, after_update _notify_loop /usr/lib/python2.7/site-packages/neutron_lib/callbacks/manager.py:167
2018-01-19 12:45:41.660 35 DEBUG neutron_lib.callbacks.manager [req-12b60d6d-f9c5-4b65-8ec4-ad084bdf4c77 - - - - -] Notify callbacks ['neutron.services.segments.db._update_segment_host_mapping_for_agent--9223372036849389797'] for agent, after_update _notify_loop /usr/lib/python2.7/site-packages/neutron_lib/callbacks/manager.py:167
2018-01-19 12:45:41.664 28 DEBUG neutron.scheduler.dhcp_agent_scheduler [req-f9f9c372-03e0-40dc-9733-d056e3a9c7fc - - - - -] No non-hosted networks auto_schedule_networks /usr/lib/python2.7/site-packages/neutron/scheduler/dhcp_agent_scheduler.py:59
2018-01-19 12:45:41.707 30 DEBUG neutron_lib.callbacks.manager [req-abade7c0-663f-426b-b6b0-5db52292337f - - - - -] Notify callbacks ['neutron.services.segments.db._update_segment_host_mapping_for_agent--9223372036849389797'] for agent, after_create _notify_loop /usr/lib/python2.7/site-packages/neutron_lib/callbacks/manager.py:167
2018-01-19 12:45:41.805 35 DEBUG neutron_lib.callbacks.manager [req-12b60d6d-f9c5-4b65-8ec4-ad084bdf4c77 - - - - -] Notify callbacks ['neutron.services.segments.db._update_segment_host_mapping_for_agent--9223372036849389797'] for agent, after_update _notify_loop /usr/lib/python2.7/site-packages/neutron_lib/callbacks/manager.py:167
2018-01-19 12:45:41.806 35 INFO networking_odl.journal.periodic_task [req-12b60d6d-f9c5-4b65-8ec4-ad084bdf4c77 - - - - -] Finished _get_and_update_hostconfigs phase of hostconfig task.
2018-01-19 12:45:41.909 35 INFO networking_odl.journal.periodic_task [req-12b60d6d-f9c5-4b65-8ec4-ad084bdf4c77 - - - - -] hostconfig task has been finished
2018-01-19 12:45:42.109 29 DEBUG neutron.api.rpc.handlers.dhcp_rpc [req-05f2640f-c4ae-4e59-9995-402d148c11c8 - - - - -] get_active_networks_info from host-192-168-11-12 get_active_networks_info /usr/lib/python2.7/site-packages/neutron/api/rpc/handlers/dhcp_rpc.py:141
2018-01-19 12:45:42.164 32 DEBUG neutron_lib.callbacks.manager [req-e6e97297-16f6-4a47-8719-9f306a817265 - - - - -] Notify callbacks ['neutron.services.segments.db._update_segment_host_mapping_for_agent--9223372036849389797'] for agent, after_create _notify_loop /usr/lib/python2.7/site-packages/neutron_lib/callbacks/manager.py:167
2018-01-19 12:45:42.167 29 DEBUG neutron.scheduler.dhcp_agent_scheduler [req-05f2640f-c4ae-4e59-9995-402d148c11c8 - - - - -] No non-hosted networks auto_schedule_networks /usr/lib/python2.7/site-packages/neutron/scheduler/dhcp_agent_scheduler.py:59
2018-01-19 12:45:45.465 27 DEBUG neutron_lib.callbacks.manager [req-b7b23549-7e03-4758-ab7b-33147a9d2991 - - - - -] Notify callbacks ['neutron.services.segments.db._update_segment_host_mapping_for_agent--9223372036849389797'] for agent, after_create _notify_loop /usr/lib/python2.7/site-packages/neutron_lib/callbacks/manager.py:167
2018-01-19 12:45:46.008 29 DEBUG neutron_lib.callbacks.manager [req-7ec4d5a6-04d9-4430-999e-52726b00711c - - - - -] Notify callbacks ['neutron.services.segments.db._update_segment_host_mapping_for_agent--9223372036849389797'] for agent, after_create _notify_loop /usr/lib/python2.7/site-packages/neutron_lib/callbacks/manager.py:167
2018-01-19 12:45:46.289 28 DEBUG neutron_lib.callbacks.manager [req-5f7a02ef-b520-4ae3-8fcf-0e11e8af659d - - - - -] Notify callbacks ['neutron.services.segments.db._update_segment_host_mapping_for_agent--9223372036849389797'] for agent, after_create _notify_loop /usr/lib/python2.7/site-packages/neutron_lib/callbacks/manager.py:167
2018-01-19 12:45:51.164 34 DEBUG networking_odl.journal.journal [req-84577915-aefd-4674-8d2a-2162e0a9016f - - - - -] Start processing journal entries sync_pending_entries /usr/lib/python2.7/site-packages/networking_odl/journal/journal.py:212
2018-01-19 12:45:51.176 34 DEBUG networking_odl.journal.journal [req-84577915-aefd-4674-8d2a-2162e0a9016f - - - - -] No journal entries to process sync_pending_entries /usr/lib/python2.7/site-packages/networking_odl/journal/journal.py:216
2018-01-19 12:46:01.164 34 DEBUG networking_odl.journal.journal [req-84577915-aefd-4674-8d2a-2162e0a9016f - - - - -] Start processing journal entries sync_pending_entries /usr/lib/python2.7/site-packages/networking_odl/journal/journal.py:212
2018-01-19 12:46:01.176 34 DEBUG networking_odl.journal.journal [req-84577915-aefd-4674-8d2a-2162e0a9016f - - - - -] No journal entries to process sync_pending_entries /usr/lib/python2.7/site-packages/networking_odl/journal/journal.py:216
2018-01-19 12:46:10.502 7 INFO networking_odl.journal.periodic_task [req-03dfef47-006d-4eed-ad3d-f01a8b71f9e7 - - - - -] Starting maintenance periodic task.
2018-01-19 12:46:10.509 7 INFO networking_odl.journal.periodic_task [req-03dfef47-006d-4eed-ad3d-f01a8b71f9e7 - - - - -] Periodic maintenance task executed after periodic interval Skipping execution.
2018-01-19 12:46:11.169 35 INFO networking_odl.journal.periodic_task [req-12b60d6d-f9c5-4b65-8ec4-ad084bdf4c77 - - - - -] Starting hostconfig periodic task.
2018-01-19 12:46:11.174 34 DEBUG networking_odl.journal.journal [req-84577915-aefd-4674-8d2a-2162e0a9016f - - - - -] Start processing journal entries sync_pending_entries /usr/lib/python2.7/site-packages/networking_odl/journal/journal.py:212
2018-01-19 12:46:11.186 34 DEBUG networking_odl.journal.journal [req-84577915-aefd-4674-8d2a-2162e0a9016f - - - - -] No journal entries to process sync_pending_entries /usr/lib/python2.7/site-packages/networking_odl/journal/journal.py:216
2018-01-19 12:46:11.210 35 INFO networking_odl.journal.periodic_task [req-12b60d6d-f9c5-4b65-8ec4-ad084bdf4c77 - - - - -] Starting _get_and_update_hostconfigs phase of periodic task hostconfig.
2018-01-19 12:46:11.244 35 INFO networking_odl.ml2.pseudo_agentdb_binding [req-12b60d6d-f9c5-4b65-8ec4-ad084bdf4c77 - - - - -] REST/GET hostconfigs from ODL
2018-01-19 12:46:11.245 35 DEBUG networking_odl.common.client [req-12b60d6d-f9c5-4b65-8ec4-ad084bdf4c77 - - - - -] Sending METHOD (get) URL (http://192.168.11.20:8087/restconf/operational/neutron:neutron/hostconfigs/) JSON (None) request /usr/lib/python2.7/site-packages/networking_odl/common/client.py:89
2018-01-19 12:46:11.265 35 DEBUG networking_odl.ml2.pseudo_agentdb_binding [req-12b60d6d-f9c5-4b65-8ec4-ad084bdf4c77 - - - - -] ODLPORTBINDING hostconfigs:
[
    "{\"hostconfigs\":{\"hostconfig\":[{\"host-type\":\"ODL L2\",\"host-id\":\"host-192-168-11-13\",\"config\":\"{\\\"supported_vnic_types\\\": [{\\\"vnic",
    "_type\\\": \\\"normal\\\", \\\"vif_type\\\": \\\"ovs\\\", \\\"vif_details\\\": {} }], \\\"allowed_network_types\\\": [\\\"flat\\\", \\\"vlan\\\", \\\"vxlan\\\"], ",
    "\\\"datapath_types\\\": [\\\"netdev\\\", \\\"system\\\"], \\\"bridge_mappings\\\": {\\\"physnet1\\\":\\\"br-ex\\\"} }\"},{\"host-type\":\"ODL L2\",\"host-id\":",
    "\"host-192-168-11-14\",\"config\":\"{\\\"supported_vnic_types\\\": [{\\\"vnic_type\\\": \\\"normal\\\", \\\"vif_type\\\": \\\"ovs\\\", \\\"vif_details\\\": {",
    "} }], \\\"allowed_network_types\\\": [\\\"flat\\\", \\\"vlan\\\", \\\"vxlan\\\"], \\\"datapath_types\\\": [\\\"netdev\\\", \\\"system\\\"], \\\"bridge_mapping",
    "s\\\": {\\\"physnet1\\\":\\\"br-ex\\\"} }\"},{\"host-type\":\"ODL L2\",\"host-id\":\"host-192-168-11-10\",\"config\":\"{\\\"supported_vnic_types\\\": [{\\\"",
    "vnic_type\\\": \\\"normal\\\", \\\"vif_type\\\": \\\"ovs\\\", \\\"vif_details\\\": {} }], \\\"allowed_network_types\\\": [\\\"flat\\\", \\\"vlan\\\", \\\"vxlan\\",
    "\"], \\\"datapath_types\\\": [\\\"netdev\\\", \\\"system\\\"], \\\"bridge_mappings\\\": {\\\"physnet1\\\":\\\"br-ex\\\"} }\"},{\"host-type\":\"ODL L2\",\"host-",
    "id\":\"host-192-168-11-11\",\"config\":\"{\\\"supported_vnic_types\\\": [{\\\"vnic_type\\\": \\\"normal\\\", \\\"vif_type\\\": \\\"ovs\\\", \\\"vif_details\\",
    "\": {} }], \\\"allowed_network_types\\\": [\\\"flat\\\", \\\"vlan\\\", \\\"vxlan\\\"], \\\"datapath_types\\\": [\\\"netdev\\\", \\\"system\\\"], \\\"bridge_map",
    "pings\\\": {\\\"physnet1\\\":\\\"br-ex\\\"} }\"},{\"host-type\":\"ODL L2\",\"host-id\":\"host-192-168-11-12\",\"config\":\"{\\\"supported_vnic_types\\\": ",
    "[{\\\"vnic_type\\\": \\\"normal\\\", \\\"vif_type\\\": \\\"ovs\\\", \\\"vif_details\\\": {} }], \\\"allowed_network_types\\\": [\\\"flat\\\", \\\"vlan\\\", \\\"vx",
    "lan\\\"], \\\"datapath_types\\\": [\\\"netdev\\\", \\\"system\\\"], \\\"bridge_mappings\\\": {\\\"physnet1\\\":\\\"br-ex\\\"} }\"}]}}"
] _rest_get_hostconfigs /usr/lib/python2.7/site-packages/networking_odl/ml2/pseudo_agentdb_binding.py:87
2018-01-19 12:46:11.265 35 DEBUG networking_odl.ml2.pseudo_agentdb_binding [req-12b60d6d-f9c5-4b65-8ec4-ad084bdf4c77 - - - - -] ODLPORTBINDING Updating agents DB with ODL hostconfigs update_agents_db /usr/lib/python2.7/site-packages/networking_odl/ml2/pseudo_agentdb_binding.py:217
2018-01-19 12:46:11.302 35 DEBUG neutron_lib.callbacks.manager [req-12b60d6d-f9c5-4b65-8ec4-ad084bdf4c77 - - - - -] Notify callbacks ['neutron.services.segments.db._update_segment_host_mapping_for_agent--9223372036849389797'] for agent, after_update _notify_loop /usr/lib/python2.7/site-packages/neutron_lib/callbacks/manager.py:167
2018-01-19 12:46:11.336 35 DEBUG neutron_lib.callbacks.manager [req-12b60d6d-f9c5-4b65-8ec4-ad084bdf4c77 - - - - -] Notify callbacks ['neutron.services.segments.db._update_segment_host_mapping_for_agent--9223372036849389797'] for agent, after_update _notify_loop /usr/lib/python2.7/site-packages/neutron_lib/callbacks/manager.py:167
2018-01-19 12:46:11.362 33 DEBUG networking_odl.common.client [-] Sending METHOD (post) URL (http://192.168.11.20:8087/restconf/operations/sal-remote:create-data-change-event-subscription) JSON ({
  "input": {
    "path": "/neutron:neutron/neutron:ports", 
    "sal-remote-augment:notification-output-type": "JSON", 
    "sal-remote-augment:datastore": "OPERATIONAL", 
    "sal-remote-augment:scope": "SUBTREE"
  }
}) request /usr/lib/python2.7/site-packages/networking_odl/common/client.py:89
2018-01-19 12:46:11.365 35 DEBUG neutron_lib.callbacks.manager [req-12b60d6d-f9c5-4b65-8ec4-ad084bdf4c77 - - - - -] Notify callbacks ['neutron.services.segments.db._update_segment_host_mapping_for_agent--9223372036849389797'] for agent, after_update _notify_loop /usr/lib/python2.7/site-packages/neutron_lib/callbacks/manager.py:167
2018-01-19 12:46:11.374 33 DEBUG networking_odl.common.client [-] Got response:
({"output":{"stream-name":"data-change-event-subscription/neutron:neutron/neutron:ports/datastore=OPERATIONAL/scope=SUBTREE"}}) _check_response /usr/lib/python2.7/site-packages/networking_odl/common/client.py:143
2018-01-19 12:46:11.374 33 DEBUG networking_odl.common.client [-] Sending METHOD (get) URL (http://192.168.11.20:8087/restconf/streams/stream/data-change-event-subscription/neutron:neutron/neutron:ports/datastore=OPERATIONAL/scope=SUBTREE?odl-leaf-nodes-only=true) JSON (None) request /usr/lib/python2.7/site-packages/networking_odl/common/client.py:89
2018-01-19 12:46:11.381 33 DEBUG networking_odl.common.websocket_client [-] websocket stream URL: ws://192.168.11.20:8185/data-change-event-subscription/neutron:neutron/neutron:ports/datastore=OPERATIONAL/scope=SUBTREE _subscribe_websocket /usr/lib/python2.7/site-packages/networking_odl/common/websocket_client.py:210
2018-01-19 12:46:11.384 33 ERROR networking_odl.common.websocket_client [-] webSocket bad status exception: WebSocketBadStatusException: Handshake status 500
2018-01-19 12:46:11.384 33 ERROR networking_odl.common.websocket_client Traceback (most recent call last):
2018-01-19 12:46:11.384 33 ERROR networking_odl.common.websocket_client   File "/usr/lib/python2.7/site-packages/networking_odl/common/websocket_client.py", line 238, in _socket_create_connection
2018-01-19 12:46:11.384 33 ERROR networking_odl.common.websocket_client     timeout=self.timeout)
2018-01-19 12:46:11.384 33 ERROR networking_odl.common.websocket_client   File "/usr/lib/python2.7/site-packages/websocket/_core.py", line 104, in create_connection
2018-01-19 12:46:11.384 33 ERROR networking_odl.common.websocket_client     websock.connect(url, **options)
2018-01-19 12:46:11.384 33 ERROR networking_odl.common.websocket_client   File "/usr/lib/python2.7/site-packages/websocket/_core.py", line 269, in connect
2018-01-19 12:46:11.384 33 ERROR networking_odl.common.websocket_client     self.handshake_response = handshake(self.sock, *addrs, **options)
2018-01-19 12:46:11.384 33 ERROR networking_odl.common.websocket_client   File "/usr/lib/python2.7/site-packages/websocket/_handshake.py", line 67, in handshake
2018-01-19 12:46:11.384 33 ERROR networking_odl.common.websocket_client     status, resp = _get_resp_headers(sock)
2018-01-19 12:46:11.384 33 ERROR networking_odl.common.websocket_client   File "/usr/lib/python2.7/site-packages/websocket/_handshake.py", line 123, in _get_resp_headers
2018-01-19 12:46:11.384 33 ERROR networking_odl.common.websocket_client     raise WebSocketBadStatusException("Handshake status %d", status)
2018-01-19 12:46:11.384 33 ERROR networking_odl.common.websocket_client WebSocketBadStatusException: Handshake status 500
2018-01-19 12:46:11.384 33 ERROR networking_odl.common.websocket_client 
2018-01-19 12:46:11.417 35 DEBUG neutron_lib.callbacks.manager [req-12b60d6d-f9c5-4b65-8ec4-ad084bdf4c77 - - - - -] Notify callbacks ['neutron.services.segments.db._update_segment_host_mapping_for_agent--9223372036849389797'] for agent, after_update _notify_loop /usr/lib/python2.7/site-packages/neutron_lib/callbacks/manager.py:167
2018-01-19 12:46:11.451 35 DEBUG neutron_lib.callbacks.manager [req-12b60d6d-f9c5-4b65-8ec4-ad084bdf4c77 - - - - -] Notify callbacks ['neutron.services.segments.db._update_segment_host_mapping_for_agent--9223372036849389797'] for agent, after_update _notify_loop /usr/lib/python2.7/site-packages/neutron_lib/callbacks/manager.py:167
2018-01-19 12:46:11.452 35 INFO networking_odl.journal.periodic_task [req-12b60d6d-f9c5-4b65-8ec4-ad084bdf4c77 - - - - -] Finished _get_and_update_hostconfigs phase of hostconfig task.
2018-01-19 12:46:11.503 35 INFO networking_odl.journal.periodic_task [req-12b60d6d-f9c5-4b65-8ec4-ad084bdf4c77 - - - - -] hostconfig task has been finished
2018-01-19 12:46:12.196 36 DEBUG neutron.db.agents_db [req-f165cd2d-6d37-4937-86d7-53cb3405ebac - - - - -] Agent healthcheck: found 11 active agents agent_health_check /usr/lib/python2.7/site-packages/neutron/db/agents_db.py:281
2018-01-19 12:46:21.184 34 DEBUG networking_odl.journal.journal [req-84577915-aefd-4674-8d2a-2162e0a9016f - - - - -] Start processing journal entries sync_pending_entries /usr/lib/python2.7/site-packages/networking_odl/journal/journal.py:212
2018-01-19 12:46:21.196 34 DEBUG networking_odl.journal.journal [req-84577915-aefd-4674-8d2a-2162e0a9016f - - - - -] No journal entries to process sync_pending_entries /usr/lib/python2.7/site-packages/networking_odl/journal/journal.py:216
2018-01-19 12:46:31.193 34 DEBUG networking_odl.journal.journal [req-84577915-aefd-4674-8d2a-2162e0a9016f - - - - -] Start processing journal entries sync_pending_entries /usr/lib/python2.7/site-packages/networking_odl/journal/journal.py:212
2018-01-19 12:46:31.208 34 DEBUG networking_odl.journal.journal [req-84577915-aefd-4674-8d2a-2162e0a9016f - - - - -] No journal entries to process sync_pending_entries /usr/lib/python2.7/site-packages/networking_odl/journal/journal.py:216
2018-01-19 12:46:40.500 7 INFO networking_odl.journal.periodic_task [req-03dfef47-006d-4eed-ad3d-f01a8b71f9e7 - - - - -] Starting maintenance periodic task.
2018-01-19 12:46:40.507 7 INFO networking_odl.journal.periodic_task [req-03dfef47-006d-4eed-ad3d-f01a8b71f9e7 - - - - -] Periodic maintenance task executed after periodic interval Skipping execution.
2018-01-19 12:46:41.187 35 INFO networking_odl.journal.periodic_task [req-12b60d6d-f9c5-4b65-8ec4-ad084bdf4c77 - - - - -] Starting hostconfig periodic task.
2018-01-19 12:46:41.193 34 DEBUG networking_odl.journal.journal [req-84577915-aefd-4674-8d2a-2162e0a9016f - - - - -] Start processing journal entries sync_pending_entries /usr/lib/python2.7/site-packages/networking_odl/journal/journal.py:212
2018-01-19 12:46:41.204 34 DEBUG networking_odl.journal.journal [req-84577915-aefd-4674-8d2a-2162e0a9016f - - - - -] No journal entries to process sync_pending_entries /usr/lib/python2.7/site-packages/networking_odl/journal/journal.py:216
2018-01-19 12:46:41.268 35 INFO networking_odl.journal.periodic_task [req-12b60d6d-f9c5-4b65-8ec4-ad084bdf4c77 - - - - -] Starting _get_and_update_hostconfigs phase of periodic task hostconfig.
2018-01-19 12:46:41.304 35 INFO networking_odl.ml2.pseudo_agentdb_binding [req-12b60d6d-f9c5-4b65-8ec4-ad084bdf4c77 - - - - -] REST/GET hostconfigs from ODL
2018-01-19 12:46:41.304 35 DEBUG networking_odl.common.client [req-12b60d6d-f9c5-4b65-8ec4-ad084bdf4c77 - - - - -] Sending METHOD (get) URL (http://192.168.11.20:8087/restconf/operational/neutron:neutron/hostconfigs/) JSON (None) request /usr/lib/python2.7/site-packages/networking_odl/common/client.py:89
2018-01-19 12:46:41.324 35 DEBUG networking_odl.ml2.pseudo_agentdb_binding [req-12b60d6d-f9c5-4b65-8ec4-ad084bdf4c77 - - - - -] ODLPORTBINDING hostconfigs:
[
    "{\"hostconfigs\":{\"hostconfig\":[{\"host-type\":\"ODL L2\",\"host-id\":\"host-192-168-11-13\",\"config\":\"{\\\"supported_vnic_types\\\": [{\\\"vnic",
    "_type\\\": \\\"normal\\\", \\\"vif_type\\\": \\\"ovs\\\", \\\"vif_details\\\": {} }], \\\"allowed_network_types\\\": [\\\"flat\\\", \\\"vlan\\\", \\\"vxlan\\\"], ",
    "\\\"datapath_types\\\": [\\\"netdev\\\", \\\"system\\\"], \\\"bridge_mappings\\\": {\\\"physnet1\\\":\\\"br-ex\\\"} }\"},{\"host-type\":\"ODL L2\",\"host-id\":",
