    "\"host-192-168-11-14\",\"config\":\"{\\\"supported_vnic_types\\\": [{\\\"vnic_type\\\": \\\"normal\\\", \\\"vif_type\\\": \\\"ovs\\\", \\\"vif_details\\\": {",
    "} }], \\\"allowed_network_types\\\": [\\\"flat\\\", \\\"vlan\\\", \\\"vxlan\\\"], \\\"datapath_types\\\": [\\\"netdev\\\", \\\"system\\\"], \\\"bridge_mapping",
    "s\\\": {\\\"physnet1\\\":\\\"br-ex\\\"} }\"},{\"host-type\":\"ODL L2\",\"host-id\":\"host-192-168-11-10\",\"config\":\"{\\\"supported_vnic_types\\\": [{\\\"",
    "vnic_type\\\": \\\"normal\\\", \\\"vif_type\\\": \\\"ovs\\\", \\\"vif_details\\\": {} }], \\\"allowed_network_types\\\": [\\\"flat\\\", \\\"vlan\\\", \\\"vxlan\\",
    "\"], \\\"datapath_types\\\": [\\\"netdev\\\", \\\"system\\\"], \\\"bridge_mappings\\\": {\\\"physnet1\\\":\\\"br-ex\\\"} }\"},{\"host-type\":\"ODL L2\",\"host-",
    "id\":\"host-192-168-11-11\",\"config\":\"{\\\"supported_vnic_types\\\": [{\\\"vnic_type\\\": \\\"normal\\\", \\\"vif_type\\\": \\\"ovs\\\", \\\"vif_details\\",
    "\": {} }], \\\"allowed_network_types\\\": [\\\"flat\\\", \\\"vlan\\\", \\\"vxlan\\\"], \\\"datapath_types\\\": [\\\"netdev\\\", \\\"system\\\"], \\\"bridge_map",
    "pings\\\": {\\\"physnet1\\\":\\\"br-ex\\\"} }\"},{\"host-type\":\"ODL L2\",\"host-id\":\"host-192-168-11-12\",\"config\":\"{\\\"supported_vnic_types\\\": ",
    "[{\\\"vnic_type\\\": \\\"normal\\\", \\\"vif_type\\\": \\\"ovs\\\", \\\"vif_details\\\": {} }], \\\"allowed_network_types\\\": [\\\"flat\\\", \\\"vlan\\\", \\\"vx",
    "lan\\\"], \\\"datapath_types\\\": [\\\"netdev\\\", \\\"system\\\"], \\\"bridge_mappings\\\": {\\\"physnet1\\\":\\\"br-ex\\\"} }\"}]}}"
] _rest_get_hostconfigs /usr/lib/python2.7/site-packages/networking_odl/ml2/pseudo_agentdb_binding.py:87
2018-01-19 12:46:41.324 35 DEBUG networking_odl.ml2.pseudo_agentdb_binding [req-12b60d6d-f9c5-4b65-8ec4-ad084bdf4c77 - - - - -] ODLPORTBINDING Updating agents DB with ODL hostconfigs update_agents_db /usr/lib/python2.7/site-packages/networking_odl/ml2/pseudo_agentdb_binding.py:217
2018-01-19 12:46:41.379 35 DEBUG neutron_lib.callbacks.manager [req-12b60d6d-f9c5-4b65-8ec4-ad084bdf4c77 - - - - -] Notify callbacks ['neutron.services.segments.db._update_segment_host_mapping_for_agent--9223372036849389797'] for agent, after_update _notify_loop /usr/lib/python2.7/site-packages/neutron_lib/callbacks/manager.py:167
2018-01-19 12:46:41.385 33 DEBUG networking_odl.common.client [-] Sending METHOD (post) URL (http://192.168.11.20:8087/restconf/operations/sal-remote:create-data-change-event-subscription) JSON ({
  "input": {
    "path": "/neutron:neutron/neutron:ports", 
    "sal-remote-augment:notification-output-type": "JSON", 
    "sal-remote-augment:datastore": "OPERATIONAL", 
    "sal-remote-augment:scope": "SUBTREE"
  }
}) request /usr/lib/python2.7/site-packages/networking_odl/common/client.py:89
2018-01-19 12:46:41.396 33 DEBUG networking_odl.common.client [-] Got response:
({"output":{"stream-name":"data-change-event-subscription/neutron:neutron/neutron:ports/datastore=OPERATIONAL/scope=SUBTREE"}}) _check_response /usr/lib/python2.7/site-packages/networking_odl/common/client.py:143
2018-01-19 12:46:41.396 33 DEBUG networking_odl.common.client [-] Sending METHOD (get) URL (http://192.168.11.20:8087/restconf/streams/stream/data-change-event-subscription/neutron:neutron/neutron:ports/datastore=OPERATIONAL/scope=SUBTREE?odl-leaf-nodes-only=true) JSON (None) request /usr/lib/python2.7/site-packages/networking_odl/common/client.py:89
2018-01-19 12:46:41.404 33 DEBUG networking_odl.common.websocket_client [-] websocket stream URL: ws://192.168.11.20:8185/data-change-event-subscription/neutron:neutron/neutron:ports/datastore=OPERATIONAL/scope=SUBTREE _subscribe_websocket /usr/lib/python2.7/site-packages/networking_odl/common/websocket_client.py:210
2018-01-19 12:46:41.408 33 ERROR networking_odl.common.websocket_client [-] webSocket bad status exception: WebSocketBadStatusException: Handshake status 500
2018-01-19 12:46:41.408 33 ERROR networking_odl.common.websocket_client Traceback (most recent call last):
2018-01-19 12:46:41.408 33 ERROR networking_odl.common.websocket_client   File "/usr/lib/python2.7/site-packages/networking_odl/common/websocket_client.py", line 238, in _socket_create_connection
2018-01-19 12:46:41.408 33 ERROR networking_odl.common.websocket_client     timeout=self.timeout)
2018-01-19 12:46:41.408 33 ERROR networking_odl.common.websocket_client   File "/usr/lib/python2.7/site-packages/websocket/_core.py", line 104, in create_connection
2018-01-19 12:46:41.408 33 ERROR networking_odl.common.websocket_client     websock.connect(url, **options)
2018-01-19 12:46:41.408 33 ERROR networking_odl.common.websocket_client   File "/usr/lib/python2.7/site-packages/websocket/_core.py", line 269, in connect
2018-01-19 12:46:41.408 33 ERROR networking_odl.common.websocket_client     self.handshake_response = handshake(self.sock, *addrs, **options)
2018-01-19 12:46:41.408 33 ERROR networking_odl.common.websocket_client   File "/usr/lib/python2.7/site-packages/websocket/_handshake.py", line 67, in handshake
2018-01-19 12:46:41.408 33 ERROR networking_odl.common.websocket_client     status, resp = _get_resp_headers(sock)
2018-01-19 12:46:41.408 33 ERROR networking_odl.common.websocket_client   File "/usr/lib/python2.7/site-packages/websocket/_handshake.py", line 123, in _get_resp_headers
2018-01-19 12:46:41.408 33 ERROR networking_odl.common.websocket_client     raise WebSocketBadStatusException("Handshake status %d", status)
2018-01-19 12:46:41.408 33 ERROR networking_odl.common.websocket_client WebSocketBadStatusException: Handshake status 500
2018-01-19 12:46:41.408 33 ERROR networking_odl.common.websocket_client 
2018-01-19 12:46:41.420 35 DEBUG neutron_lib.callbacks.manager [req-12b60d6d-f9c5-4b65-8ec4-ad084bdf4c77 - - - - -] Notify callbacks ['neutron.services.segments.db._update_segment_host_mapping_for_agent--9223372036849389797'] for agent, after_update _notify_loop /usr/lib/python2.7/site-packages/neutron_lib/callbacks/manager.py:167
2018-01-19 12:46:41.455 35 DEBUG neutron_lib.callbacks.manager [req-12b60d6d-f9c5-4b65-8ec4-ad084bdf4c77 - - - - -] Notify callbacks ['neutron.services.segments.db._update_segment_host_mapping_for_agent--9223372036849389797'] for agent, after_update _notify_loop /usr/lib/python2.7/site-packages/neutron_lib/callbacks/manager.py:167
2018-01-19 12:46:41.483 35 DEBUG neutron_lib.callbacks.manager [req-12b60d6d-f9c5-4b65-8ec4-ad084bdf4c77 - - - - -] Notify callbacks ['neutron.services.segments.db._update_segment_host_mapping_for_agent--9223372036849389797'] for agent, after_update _notify_loop /usr/lib/python2.7/site-packages/neutron_lib/callbacks/manager.py:167
2018-01-19 12:46:41.506 35 DEBUG neutron_lib.callbacks.manager [req-12b60d6d-f9c5-4b65-8ec4-ad084bdf4c77 - - - - -] Notify callbacks ['neutron.services.segments.db._update_segment_host_mapping_for_agent--9223372036849389797'] for agent, after_update _notify_loop /usr/lib/python2.7/site-packages/neutron_lib/callbacks/manager.py:167
2018-01-19 12:46:41.507 35 INFO networking_odl.journal.periodic_task [req-12b60d6d-f9c5-4b65-8ec4-ad084bdf4c77 - - - - -] Finished _get_and_update_hostconfigs phase of hostconfig task.
2018-01-19 12:46:41.553 35 INFO networking_odl.journal.periodic_task [req-12b60d6d-f9c5-4b65-8ec4-ad084bdf4c77 - - - - -] hostconfig task has been finished
2018-01-19 12:46:49.183 36 DEBUG neutron.db.agents_db [req-f165cd2d-6d37-4937-86d7-53cb3405ebac - - - - -] Agent healthcheck: found 11 active agents agent_health_check /usr/lib/python2.7/site-packages/neutron/db/agents_db.py:281
2018-01-19 12:46:51.203 34 DEBUG networking_odl.journal.journal [req-84577915-aefd-4674-8d2a-2162e0a9016f - - - - -] Start processing journal entries sync_pending_entries /usr/lib/python2.7/site-packages/networking_odl/journal/journal.py:212
2018-01-19 12:46:51.817 34 DEBUG networking_odl.journal.journal [req-84577915-aefd-4674-8d2a-2162e0a9016f - - - - -] No journal entries to process sync_pending_entries /usr/lib/python2.7/site-packages/networking_odl/journal/journal.py:216
2018-01-19 12:47:01.212 34 DEBUG networking_odl.journal.journal [req-84577915-aefd-4674-8d2a-2162e0a9016f - - - - -] Start processing journal entries sync_pending_entries /usr/lib/python2.7/site-packages/networking_odl/journal/journal.py:212
2018-01-19 12:47:01.223 34 DEBUG networking_odl.journal.journal [req-84577915-aefd-4674-8d2a-2162e0a9016f - - - - -] No journal entries to process sync_pending_entries /usr/lib/python2.7/site-packages/networking_odl/journal/journal.py:216
2018-01-19 12:47:10.497 7 INFO networking_odl.journal.periodic_task [req-03dfef47-006d-4eed-ad3d-f01a8b71f9e7 - - - - -] Starting maintenance periodic task.
2018-01-19 12:47:10.504 7 INFO networking_odl.journal.periodic_task [req-03dfef47-006d-4eed-ad3d-f01a8b71f9e7 - - - - -] Periodic maintenance task executed after periodic interval Skipping execution.
2018-01-19 12:47:11.053 31 DEBUG neutron_lib.callbacks.manager [req-8ee4cb83-a3a1-475f-9a88-3445892ef97c - - - - -] Notify callbacks ['neutron.services.segments.db._update_segment_host_mapping_for_agent--9223372036849389797'] for agent, after_update _notify_loop /usr/lib/python2.7/site-packages/neutron_lib/callbacks/manager.py:167
2018-01-19 12:47:11.184 35 INFO networking_odl.journal.periodic_task [req-12b60d6d-f9c5-4b65-8ec4-ad084bdf4c77 - - - - -] Starting hostconfig periodic task.
2018-01-19 12:47:11.218 34 DEBUG networking_odl.journal.journal [req-84577915-aefd-4674-8d2a-2162e0a9016f - - - - -] Start processing journal entries sync_pending_entries /usr/lib/python2.7/site-packages/networking_odl/journal/journal.py:212
2018-01-19 12:47:11.229 34 DEBUG networking_odl.journal.journal [req-84577915-aefd-4674-8d2a-2162e0a9016f - - - - -] No journal entries to process sync_pending_entries /usr/lib/python2.7/site-packages/networking_odl/journal/journal.py:216
2018-01-19 12:47:11.230 35 INFO networking_odl.journal.periodic_task [req-12b60d6d-f9c5-4b65-8ec4-ad084bdf4c77 - - - - -] Starting _get_and_update_hostconfigs phase of periodic task hostconfig.
2018-01-19 12:47:11.265 35 INFO networking_odl.ml2.pseudo_agentdb_binding [req-12b60d6d-f9c5-4b65-8ec4-ad084bdf4c77 - - - - -] REST/GET hostconfigs from ODL
2018-01-19 12:47:11.265 35 DEBUG networking_odl.common.client [req-12b60d6d-f9c5-4b65-8ec4-ad084bdf4c77 - - - - -] Sending METHOD (get) URL (http://192.168.11.20:8087/restconf/operational/neutron:neutron/hostconfigs/) JSON (None) request /usr/lib/python2.7/site-packages/networking_odl/common/client.py:89
2018-01-19 12:47:11.278 35 DEBUG networking_odl.ml2.pseudo_agentdb_binding [req-12b60d6d-f9c5-4b65-8ec4-ad084bdf4c77 - - - - -] ODLPORTBINDING hostconfigs:
[
    "{\"hostconfigs\":{\"hostconfig\":[{\"host-type\":\"ODL L2\",\"host-id\":\"host-192-168-11-13\",\"config\":\"{\\\"supported_vnic_types\\\": [{\\\"vnic",
    "_type\\\": \\\"normal\\\", \\\"vif_type\\\": \\\"ovs\\\", \\\"vif_details\\\": {} }], \\\"allowed_network_types\\\": [\\\"flat\\\", \\\"vlan\\\", \\\"vxlan\\\"], ",
    "\\\"datapath_types\\\": [\\\"netdev\\\", \\\"system\\\"], \\\"bridge_mappings\\\": {\\\"physnet1\\\":\\\"br-ex\\\"} }\"},{\"host-type\":\"ODL L2\",\"host-id\":",
    "\"host-192-168-11-14\",\"config\":\"{\\\"supported_vnic_types\\\": [{\\\"vnic_type\\\": \\\"normal\\\", \\\"vif_type\\\": \\\"ovs\\\", \\\"vif_details\\\": {",
    "} }], \\\"allowed_network_types\\\": [\\\"flat\\\", \\\"vlan\\\", \\\"vxlan\\\"], \\\"datapath_types\\\": [\\\"netdev\\\", \\\"system\\\"], \\\"bridge_mapping",
    "s\\\": {\\\"physnet1\\\":\\\"br-ex\\\"} }\"},{\"host-type\":\"ODL L2\",\"host-id\":\"host-192-168-11-10\",\"config\":\"{\\\"supported_vnic_types\\\": [{\\\"",
    "vnic_type\\\": \\\"normal\\\", \\\"vif_type\\\": \\\"ovs\\\", \\\"vif_details\\\": {} }], \\\"allowed_network_types\\\": [\\\"flat\\\", \\\"vlan\\\", \\\"vxlan\\",
    "\"], \\\"datapath_types\\\": [\\\"netdev\\\", \\\"system\\\"], \\\"bridge_mappings\\\": {\\\"physnet1\\\":\\\"br-ex\\\"} }\"},{\"host-type\":\"ODL L2\",\"host-",
    "id\":\"host-192-168-11-11\",\"config\":\"{\\\"supported_vnic_types\\\": [{\\\"vnic_type\\\": \\\"normal\\\", \\\"vif_type\\\": \\\"ovs\\\", \\\"vif_details\\",
    "\": {} }], \\\"allowed_network_types\\\": [\\\"flat\\\", \\\"vlan\\\", \\\"vxlan\\\"], \\\"datapath_types\\\": [\\\"netdev\\\", \\\"system\\\"], \\\"bridge_map",
    "pings\\\": {\\\"physnet1\\\":\\\"br-ex\\\"} }\"},{\"host-type\":\"ODL L2\",\"host-id\":\"host-192-168-11-12\",\"config\":\"{\\\"supported_vnic_types\\\": ",
    "[{\\\"vnic_type\\\": \\\"normal\\\", \\\"vif_type\\\": \\\"ovs\\\", \\\"vif_details\\\": {} }], \\\"allowed_network_types\\\": [\\\"flat\\\", \\\"vlan\\\", \\\"vx",
    "lan\\\"], \\\"datapath_types\\\": [\\\"netdev\\\", \\\"system\\\"], \\\"bridge_mappings\\\": {\\\"physnet1\\\":\\\"br-ex\\\"} }\"}]}}"
] _rest_get_hostconfigs /usr/lib/python2.7/site-packages/networking_odl/ml2/pseudo_agentdb_binding.py:87
2018-01-19 12:47:11.279 35 DEBUG networking_odl.ml2.pseudo_agentdb_binding [req-12b60d6d-f9c5-4b65-8ec4-ad084bdf4c77 - - - - -] ODLPORTBINDING Updating agents DB with ODL hostconfigs update_agents_db /usr/lib/python2.7/site-packages/networking_odl/ml2/pseudo_agentdb_binding.py:217
2018-01-19 12:47:11.316 35 DEBUG neutron_lib.callbacks.manager [req-12b60d6d-f9c5-4b65-8ec4-ad084bdf4c77 - - - - -] Notify callbacks ['neutron.services.segments.db._update_segment_host_mapping_for_agent--9223372036849389797'] for agent, after_update _notify_loop /usr/lib/python2.7/site-packages/neutron_lib/callbacks/manager.py:167
2018-01-19 12:47:11.380 35 DEBUG neutron_lib.callbacks.manager [req-12b60d6d-f9c5-4b65-8ec4-ad084bdf4c77 - - - - -] Notify callbacks ['neutron.services.segments.db._update_segment_host_mapping_for_agent--9223372036849389797'] for agent, after_update _notify_loop /usr/lib/python2.7/site-packages/neutron_lib/callbacks/manager.py:167
2018-01-19 12:47:11.413 33 DEBUG networking_odl.common.client [-] Sending METHOD (post) URL (http://192.168.11.20:8087/restconf/operations/sal-remote:create-data-change-event-subscription) JSON ({
  "input": {
    "path": "/neutron:neutron/neutron:ports", 
    "sal-remote-augment:notification-output-type": "JSON", 
    "sal-remote-augment:datastore": "OPERATIONAL", 
    "sal-remote-augment:scope": "SUBTREE"
  }
}) request /usr/lib/python2.7/site-packages/networking_odl/common/client.py:89
2018-01-19 12:47:11.414 35 DEBUG neutron_lib.callbacks.manager [req-12b60d6d-f9c5-4b65-8ec4-ad084bdf4c77 - - - - -] Notify callbacks ['neutron.services.segments.db._update_segment_host_mapping_for_agent--9223372036849389797'] for agent, after_update _notify_loop /usr/lib/python2.7/site-packages/neutron_lib/callbacks/manager.py:167
2018-01-19 12:47:11.423 33 DEBUG networking_odl.common.client [-] Got response:
({"output":{"stream-name":"data-change-event-subscription/neutron:neutron/neutron:ports/datastore=OPERATIONAL/scope=SUBTREE"}}) _check_response /usr/lib/python2.7/site-packages/networking_odl/common/client.py:143
2018-01-19 12:47:11.433 33 DEBUG networking_odl.common.client [-] Sending METHOD (get) URL (http://192.168.11.20:8087/restconf/streams/stream/data-change-event-subscription/neutron:neutron/neutron:ports/datastore=OPERATIONAL/scope=SUBTREE?odl-leaf-nodes-only=true) JSON (None) request /usr/lib/python2.7/site-packages/networking_odl/common/client.py:89
2018-01-19 12:47:11.440 33 DEBUG networking_odl.common.websocket_client [-] websocket stream URL: ws://192.168.11.20:8185/data-change-event-subscription/neutron:neutron/neutron:ports/datastore=OPERATIONAL/scope=SUBTREE _subscribe_websocket /usr/lib/python2.7/site-packages/networking_odl/common/websocket_client.py:210
2018-01-19 12:47:11.443 35 DEBUG neutron_lib.callbacks.manager [req-12b60d6d-f9c5-4b65-8ec4-ad084bdf4c77 - - - - -] Notify callbacks ['neutron.services.segments.db._update_segment_host_mapping_for_agent--9223372036849389797'] for agent, after_update _notify_loop /usr/lib/python2.7/site-packages/neutron_lib/callbacks/manager.py:167
2018-01-19 12:47:11.443 33 ERROR networking_odl.common.websocket_client [-] webSocket bad status exception: WebSocketBadStatusException: Handshake status 500
2018-01-19 12:47:11.443 33 ERROR networking_odl.common.websocket_client Traceback (most recent call last):
2018-01-19 12:47:11.443 33 ERROR networking_odl.common.websocket_client   File "/usr/lib/python2.7/site-packages/networking_odl/common/websocket_client.py", line 238, in _socket_create_connection
2018-01-19 12:47:11.443 33 ERROR networking_odl.common.websocket_client     timeout=self.timeout)
2018-01-19 12:47:11.443 33 ERROR networking_odl.common.websocket_client   File "/usr/lib/python2.7/site-packages/websocket/_core.py", line 104, in create_connection
2018-01-19 12:47:11.443 33 ERROR networking_odl.common.websocket_client     websock.connect(url, **options)
2018-01-19 12:47:11.443 33 ERROR networking_odl.common.websocket_client   File "/usr/lib/python2.7/site-packages/websocket/_core.py", line 269, in connect
2018-01-19 12:47:11.443 33 ERROR networking_odl.common.websocket_client     self.handshake_response = handshake(self.sock, *addrs, **options)
2018-01-19 12:47:11.443 33 ERROR networking_odl.common.websocket_client   File "/usr/lib/python2.7/site-packages/websocket/_handshake.py", line 67, in handshake
2018-01-19 12:47:11.443 33 ERROR networking_odl.common.websocket_client     status, resp = _get_resp_headers(sock)
2018-01-19 12:47:11.443 33 ERROR networking_odl.common.websocket_client   File "/usr/lib/python2.7/site-packages/websocket/_handshake.py", line 123, in _get_resp_headers
2018-01-19 12:47:11.443 33 ERROR networking_odl.common.websocket_client     raise WebSocketBadStatusException("Handshake status %d", status)
2018-01-19 12:47:11.443 33 ERROR networking_odl.common.websocket_client WebSocketBadStatusException: Handshake status 500
2018-01-19 12:47:11.443 33 ERROR networking_odl.common.websocket_client 
2018-01-19 12:47:11.489 35 DEBUG neutron_lib.callbacks.manager [req-12b60d6d-f9c5-4b65-8ec4-ad084bdf4c77 - - - - -] Notify callbacks ['neutron.services.segments.db._update_segment_host_mapping_for_agent--9223372036849389797'] for agent, after_update _notify_loop /usr/lib/python2.7/site-packages/neutron_lib/callbacks/manager.py:167
2018-01-19 12:47:11.489 35 INFO networking_odl.journal.periodic_task [req-12b60d6d-f9c5-4b65-8ec4-ad084bdf4c77 - - - - -] Finished _get_and_update_hostconfigs phase of hostconfig task.
2018-01-19 12:47:11.552 35 INFO networking_odl.journal.periodic_task [req-12b60d6d-f9c5-4b65-8ec4-ad084bdf4c77 - - - - -] hostconfig task has been finished
2018-01-19 12:47:11.570 30 DEBUG neutron_lib.callbacks.manager [req-7ff5fa90-a54a-49d0-8a26-4df03d55d1cc - - - - -] Notify callbacks ['neutron.services.segments.db._update_segment_host_mapping_for_agent--9223372036849389797'] for agent, after_update _notify_loop /usr/lib/python2.7/site-packages/neutron_lib/callbacks/manager.py:167
2018-01-19 12:47:12.096 32 DEBUG neutron_lib.callbacks.manager [req-074c9fa1-6f9f-41d9-ae74-84149f9779cd - - - - -] Notify callbacks ['neutron.services.segments.db._update_segment_host_mapping_for_agent--9223372036849389797'] for agent, after_update _notify_loop /usr/lib/python2.7/site-packages/neutron_lib/callbacks/manager.py:167
2018-01-19 12:47:15.412 27 DEBUG neutron_lib.callbacks.manager [req-b7b23549-7e03-4758-ab7b-33147a9d2991 - - - - -] Notify callbacks ['neutron.services.segments.db._update_segment_host_mapping_for_agent--9223372036849389797'] for agent, after_update _notify_loop /usr/lib/python2.7/site-packages/neutron_lib/callbacks/manager.py:167
2018-01-19 12:47:16.539 29 DEBUG neutron_lib.callbacks.manager [req-7ec4d5a6-04d9-4430-999e-52726b00711c - - - - -] Notify callbacks ['neutron.services.segments.db._update_segment_host_mapping_for_agent--9223372036849389797'] for agent, after_update _notify_loop /usr/lib/python2.7/site-packages/neutron_lib/callbacks/manager.py:167
2018-01-19 12:47:16.562 28 DEBUG neutron_lib.callbacks.manager [req-5f7a02ef-b520-4ae3-8fcf-0e11e8af659d - - - - -] Notify callbacks ['neutron.services.segments.db._update_segment_host_mapping_for_agent--9223372036849389797'] for agent, after_update _notify_loop /usr/lib/python2.7/site-packages/neutron_lib/callbacks/manager.py:167
2018-01-19 12:47:21.226 34 DEBUG networking_odl.journal.journal [req-84577915-aefd-4674-8d2a-2162e0a9016f - - - - -] Start processing journal entries sync_pending_entries /usr/lib/python2.7/site-packages/networking_odl/journal/journal.py:212
2018-01-19 12:47:21.238 34 DEBUG networking_odl.journal.journal [req-84577915-aefd-4674-8d2a-2162e0a9016f - - - - -] No journal entries to process sync_pending_entries /usr/lib/python2.7/site-packages/networking_odl/journal/journal.py:216
2018-01-19 12:47:26.188 36 DEBUG neutron.db.agents_db [req-f165cd2d-6d37-4937-86d7-53cb3405ebac - - - - -] Agent healthcheck: found 11 active agents agent_health_check /usr/lib/python2.7/site-packages/neutron/db/agents_db.py:281
2018-01-19 12:47:31.235 34 DEBUG networking_odl.journal.journal [req-84577915-aefd-4674-8d2a-2162e0a9016f - - - - -] Start processing journal entries sync_pending_entries /usr/lib/python2.7/site-packages/networking_odl/journal/journal.py:212
2018-01-19 12:47:31.247 34 DEBUG networking_odl.journal.journal [req-84577915-aefd-4674-8d2a-2162e0a9016f - - - - -] No journal entries to process sync_pending_entries /usr/lib/python2.7/site-packages/networking_odl/journal/journal.py:216
2018-01-19 12:47:40.495 7 INFO networking_odl.journal.periodic_task [req-03dfef47-006d-4eed-ad3d-f01a8b71f9e7 - - - - -] Starting maintenance periodic task.
2018-01-19 12:47:40.505 7 INFO networking_odl.journal.periodic_task [req-03dfef47-006d-4eed-ad3d-f01a8b71f9e7 - - - - -] Periodic maintenance task executed after periodic interval Skipping execution.
2018-01-19 12:47:41.186 35 INFO networking_odl.journal.periodic_task [req-12b60d6d-f9c5-4b65-8ec4-ad084bdf4c77 - - - - -] Starting hostconfig periodic task.
2018-01-19 12:47:41.226 35 INFO networking_odl.journal.periodic_task [req-12b60d6d-f9c5-4b65-8ec4-ad084bdf4c77 - - - - -] Starting _get_and_update_hostconfigs phase of periodic task hostconfig.
2018-01-19 12:47:41.241 34 DEBUG networking_odl.journal.journal [req-84577915-aefd-4674-8d2a-2162e0a9016f - - - - -] Start processing journal entries sync_pending_entries /usr/lib/python2.7/site-packages/networking_odl/journal/journal.py:212
2018-01-19 12:47:41.253 34 DEBUG networking_odl.journal.journal [req-84577915-aefd-4674-8d2a-2162e0a9016f - - - - -] No journal entries to process sync_pending_entries /usr/lib/python2.7/site-packages/networking_odl/journal/journal.py:216
2018-01-19 12:47:41.260 35 INFO networking_odl.ml2.pseudo_agentdb_binding [req-12b60d6d-f9c5-4b65-8ec4-ad084bdf4c77 - - - - -] REST/GET hostconfigs from ODL
2018-01-19 12:47:41.268 35 DEBUG networking_odl.common.client [req-12b60d6d-f9c5-4b65-8ec4-ad084bdf4c77 - - - - -] Sending METHOD (get) URL (http://192.168.11.20:8087/restconf/operational/neutron:neutron/hostconfigs/) JSON (None) request /usr/lib/python2.7/site-packages/networking_odl/common/client.py:89
2018-01-19 12:47:41.283 35 DEBUG networking_odl.ml2.pseudo_agentdb_binding [req-12b60d6d-f9c5-4b65-8ec4-ad084bdf4c77 - - - - -] ODLPORTBINDING hostconfigs:
[
    "{\"hostconfigs\":{\"hostconfig\":[{\"host-type\":\"ODL L2\",\"host-id\":\"host-192-168-11-13\",\"config\":\"{\\\"supported_vnic_types\\\": [{\\\"vnic",
    "_type\\\": \\\"normal\\\", \\\"vif_type\\\": \\\"ovs\\\", \\\"vif_details\\\": {} }], \\\"allowed_network_types\\\": [\\\"flat\\\", \\\"vlan\\\", \\\"vxlan\\\"], ",
    "\\\"datapath_types\\\": [\\\"netdev\\\", \\\"system\\\"], \\\"bridge_mappings\\\": {\\\"physnet1\\\":\\\"br-ex\\\"} }\"},{\"host-type\":\"ODL L2\",\"host-id\":",
    "\"host-192-168-11-14\",\"config\":\"{\\\"supported_vnic_types\\\": [{\\\"vnic_type\\\": \\\"normal\\\", \\\"vif_type\\\": \\\"ovs\\\", \\\"vif_details\\\": {",
    "} }], \\\"allowed_network_types\\\": [\\\"flat\\\", \\\"vlan\\\", \\\"vxlan\\\"], \\\"datapath_types\\\": [\\\"netdev\\\", \\\"system\\\"], \\\"bridge_mapping",
    "s\\\": {\\\"physnet1\\\":\\\"br-ex\\\"} }\"},{\"host-type\":\"ODL L2\",\"host-id\":\"host-192-168-11-10\",\"config\":\"{\\\"supported_vnic_types\\\": [{\\\"",
    "vnic_type\\\": \\\"normal\\\", \\\"vif_type\\\": \\\"ovs\\\", \\\"vif_details\\\": {} }], \\\"allowed_network_types\\\": [\\\"flat\\\", \\\"vlan\\\", \\\"vxlan\\",
    "\"], \\\"datapath_types\\\": [\\\"netdev\\\", \\\"system\\\"], \\\"bridge_mappings\\\": {\\\"physnet1\\\":\\\"br-ex\\\"} }\"},{\"host-type\":\"ODL L2\",\"host-",
    "id\":\"host-192-168-11-11\",\"config\":\"{\\\"supported_vnic_types\\\": [{\\\"vnic_type\\\": \\\"normal\\\", \\\"vif_type\\\": \\\"ovs\\\", \\\"vif_details\\",
    "\": {} }], \\\"allowed_network_types\\\": [\\\"flat\\\", \\\"vlan\\\", \\\"vxlan\\\"], \\\"datapath_types\\\": [\\\"netdev\\\", \\\"system\\\"], \\\"bridge_map",
    "pings\\\": {\\\"physnet1\\\":\\\"br-ex\\\"} }\"},{\"host-type\":\"ODL L2\",\"host-id\":\"host-192-168-11-12\",\"config\":\"{\\\"supported_vnic_types\\\": ",
    "[{\\\"vnic_type\\\": \\\"normal\\\", \\\"vif_type\\\": \\\"ovs\\\", \\\"vif_details\\\": {} }], \\\"allowed_network_types\\\": [\\\"flat\\\", \\\"vlan\\\", \\\"vx",
    "lan\\\"], \\\"datapath_types\\\": [\\\"netdev\\\", \\\"system\\\"], \\\"bridge_mappings\\\": {\\\"physnet1\\\":\\\"br-ex\\\"} }\"}]}}"
] _rest_get_hostconfigs /usr/lib/python2.7/site-packages/networking_odl/ml2/pseudo_agentdb_binding.py:87
2018-01-19 12:47:41.285 35 DEBUG networking_odl.ml2.pseudo_agentdb_binding [req-12b60d6d-f9c5-4b65-8ec4-ad084bdf4c77 - - - - -] ODLPORTBINDING Updating agents DB with ODL hostconfigs update_agents_db /usr/lib/python2.7/site-packages/networking_odl/ml2/pseudo_agentdb_binding.py:217
2018-01-19 12:47:41.318 35 DEBUG neutron_lib.callbacks.manager [req-12b60d6d-f9c5-4b65-8ec4-ad084bdf4c77 - - - - -] Notify callbacks ['neutron.services.segments.db._update_segment_host_mapping_for_agent--9223372036849389797'] for agent, after_update _notify_loop /usr/lib/python2.7/site-packages/neutron_lib/callbacks/manager.py:167
2018-01-19 12:47:41.352 35 DEBUG neutron_lib.callbacks.manager [req-12b60d6d-f9c5-4b65-8ec4-ad084bdf4c77 - - - - -] Notify callbacks ['neutron.services.segments.db._update_segment_host_mapping_for_agent--9223372036849389797'] for agent, after_update _notify_loop /usr/lib/python2.7/site-packages/neutron_lib/callbacks/manager.py:167
2018-01-19 12:47:41.375 35 DEBUG neutron_lib.callbacks.manager [req-12b60d6d-f9c5-4b65-8ec4-ad084bdf4c77 - - - - -] Notify callbacks ['neutron.services.segments.db._update_segment_host_mapping_for_agent--9223372036849389797'] for agent, after_update _notify_loop /usr/lib/python2.7/site-packages/neutron_lib/callbacks/manager.py:167
2018-01-19 12:47:41.398 35 DEBUG neutron_lib.callbacks.manager [req-12b60d6d-f9c5-4b65-8ec4-ad084bdf4c77 - - - - -] Notify callbacks ['neutron.services.segments.db._update_segment_host_mapping_for_agent--9223372036849389797'] for agent, after_update _notify_loop /usr/lib/python2.7/site-packages/neutron_lib/callbacks/manager.py:167
2018-01-19 12:47:41.421 35 DEBUG neutron_lib.callbacks.manager [req-12b60d6d-f9c5-4b65-8ec4-ad084bdf4c77 - - - - -] Notify callbacks ['neutron.services.segments.db._update_segment_host_mapping_for_agent--9223372036849389797'] for agent, after_update _notify_loop /usr/lib/python2.7/site-packages/neutron_lib/callbacks/manager.py:167
2018-01-19 12:47:41.422 35 INFO networking_odl.journal.periodic_task [req-12b60d6d-f9c5-4b65-8ec4-ad084bdf4c77 - - - - -] Finished _get_and_update_hostconfigs phase of hostconfig task.
2018-01-19 12:47:41.455 33 DEBUG networking_odl.common.client [-] Sending METHOD (post) URL (http://192.168.11.20:8087/restconf/operations/sal-remote:create-data-change-event-subscription) JSON ({
  "input": {
    "path": "/neutron:neutron/neutron:ports", 
    "sal-remote-augment:notification-output-type": "JSON", 
    "sal-remote-augment:datastore": "OPERATIONAL", 
    "sal-remote-augment:scope": "SUBTREE"
  }
}) request /usr/lib/python2.7/site-packages/networking_odl/common/client.py:89
2018-01-19 12:47:41.466 33 DEBUG networking_odl.common.client [-] Got response:
({"output":{"stream-name":"data-change-event-subscription/neutron:neutron/neutron:ports/datastore=OPERATIONAL/scope=SUBTREE"}}) _check_response /usr/lib/python2.7/site-packages/networking_odl/common/client.py:143
2018-01-19 12:47:41.466 33 DEBUG networking_odl.common.client [-] Sending METHOD (get) URL (http://192.168.11.20:8087/restconf/streams/stream/data-change-event-subscription/neutron:neutron/neutron:ports/datastore=OPERATIONAL/scope=SUBTREE?odl-leaf-nodes-only=true) JSON (None) request /usr/lib/python2.7/site-packages/networking_odl/common/client.py:89
2018-01-19 12:47:41.467 35 INFO networking_odl.journal.periodic_task [req-12b60d6d-f9c5-4b65-8ec4-ad084bdf4c77 - - - - -] hostconfig task has been finished
2018-01-19 12:47:41.473 33 DEBUG networking_odl.common.websocket_client [-] websocket stream URL: ws://192.168.11.20:8185/data-change-event-subscription/neutron:neutron/neutron:ports/datastore=OPERATIONAL/scope=SUBTREE _subscribe_websocket /usr/lib/python2.7/site-packages/networking_odl/common/websocket_client.py:210
2018-01-19 12:47:41.477 33 ERROR networking_odl.common.websocket_client [-] webSocket bad status exception: WebSocketBadStatusException: Handshake status 500
2018-01-19 12:47:41.477 33 ERROR networking_odl.common.websocket_client Traceback (most recent call last):
2018-01-19 12:47:41.477 33 ERROR networking_odl.common.websocket_client   File "/usr/lib/python2.7/site-packages/networking_odl/common/websocket_client.py", line 238, in _socket_create_connection
2018-01-19 12:47:41.477 33 ERROR networking_odl.common.websocket_client     timeout=self.timeout)
2018-01-19 12:47:41.477 33 ERROR networking_odl.common.websocket_client   File "/usr/lib/python2.7/site-packages/websocket/_core.py", line 104, in create_connection
2018-01-19 12:47:41.477 33 ERROR networking_odl.common.websocket_client     websock.connect(url, **options)
2018-01-19 12:47:41.477 33 ERROR networking_odl.common.websocket_client   File "/usr/lib/python2.7/site-packages/websocket/_core.py", line 269, in connect
2018-01-19 12:47:41.477 33 ERROR networking_odl.common.websocket_client     self.handshake_response = handshake(self.sock, *addrs, **options)
2018-01-19 12:47:41.477 33 ERROR networking_odl.common.websocket_client   File "/usr/lib/python2.7/site-packages/websocket/_handshake.py", line 67, in handshake
2018-01-19 12:47:41.477 33 ERROR networking_odl.common.websocket_client     status, resp = _get_resp_headers(sock)
2018-01-19 12:47:41.477 33 ERROR networking_odl.common.websocket_client   File "/usr/lib/python2.7/site-packages/websocket/_handshake.py", line 123, in _get_resp_headers
2018-01-19 12:47:41.477 33 ERROR networking_odl.common.websocket_client     raise WebSocketBadStatusException("Handshake status %d", status)
2018-01-19 12:47:41.477 33 ERROR networking_odl.common.websocket_client WebSocketBadStatusException: Handshake status 500
2018-01-19 12:47:41.477 33 ERROR networking_odl.common.websocket_client 
2018-01-19 12:47:51.251 34 DEBUG networking_odl.journal.journal [req-84577915-aefd-4674-8d2a-2162e0a9016f - - - - -] Start processing journal entries sync_pending_entries /usr/lib/python2.7/site-packages/networking_odl/journal/journal.py:212
2018-01-19 12:47:51.262 34 DEBUG networking_odl.journal.journal [req-84577915-aefd-4674-8d2a-2162e0a9016f - - - - -] No journal entries to process sync_pending_entries /usr/lib/python2.7/site-packages/networking_odl/journal/journal.py:216
2018-01-19 12:48:01.258 34 DEBUG networking_odl.journal.journal [req-84577915-aefd-4674-8d2a-2162e0a9016f - - - - -] Start processing journal entries sync_pending_entries /usr/lib/python2.7/site-packages/networking_odl/journal/journal.py:212
2018-01-19 12:48:01.269 34 DEBUG networking_odl.journal.journal [req-84577915-aefd-4674-8d2a-2162e0a9016f - - - - -] No journal entries to process sync_pending_entries /usr/lib/python2.7/site-packages/networking_odl/journal/journal.py:216
2018-01-19 12:48:03.197 36 DEBUG neutron.db.agents_db [req-f165cd2d-6d37-4937-86d7-53cb3405ebac - - - - -] Agent healthcheck: found 11 active agents agent_health_check /usr/lib/python2.7/site-packages/neutron/db/agents_db.py:281
2018-01-19 12:48:10.496 7 INFO networking_odl.journal.periodic_task [req-03dfef47-006d-4eed-ad3d-f01a8b71f9e7 - - - - -] Starting maintenance periodic task.
2018-01-19 12:48:10.504 7 INFO networking_odl.journal.periodic_task [req-03dfef47-006d-4eed-ad3d-f01a8b71f9e7 - - - - -] Periodic maintenance task executed after periodic interval Skipping execution.
2018-01-19 12:48:11.193 35 INFO networking_odl.journal.periodic_task [req-12b60d6d-f9c5-4b65-8ec4-ad084bdf4c77 - - - - -] Starting hostconfig periodic task.
2018-01-19 12:48:11.228 35 INFO networking_odl.journal.periodic_task [req-12b60d6d-f9c5-4b65-8ec4-ad084bdf4c77 - - - - -] Starting _get_and_update_hostconfigs phase of periodic task hostconfig.
2018-01-19 12:48:11.251 35 INFO networking_odl.ml2.pseudo_agentdb_binding [req-12b60d6d-f9c5-4b65-8ec4-ad084bdf4c77 - - - - -] REST/GET hostconfigs from ODL
2018-01-19 12:48:11.251 35 DEBUG networking_odl.common.client [req-12b60d6d-f9c5-4b65-8ec4-ad084bdf4c77 - - - - -] Sending METHOD (get) URL (http://192.168.11.20:8087/restconf/operational/neutron:neutron/hostconfigs/) JSON (None) request /usr/lib/python2.7/site-packages/networking_odl/common/client.py:89
2018-01-19 12:48:11.260 34 DEBUG networking_odl.journal.journal [req-84577915-aefd-4674-8d2a-2162e0a9016f - - - - -] Start processing journal entries sync_pending_entries /usr/lib/python2.7/site-packages/networking_odl/journal/journal.py:212
2018-01-19 12:48:11.266 35 DEBUG networking_odl.ml2.pseudo_agentdb_binding [req-12b60d6d-f9c5-4b65-8ec4-ad084bdf4c77 - - - - -] ODLPORTBINDING hostconfigs:
[
    "{\"hostconfigs\":{\"hostconfig\":[{\"host-type\":\"ODL L2\",\"host-id\":\"host-192-168-11-13\",\"config\":\"{\\\"supported_vnic_types\\\": [{\\\"vnic",
    "_type\\\": \\\"normal\\\", \\\"vif_type\\\": \\\"ovs\\\", \\\"vif_details\\\": {} }], \\\"allowed_network_types\\\": [\\\"flat\\\", \\\"vlan\\\", \\\"vxlan\\\"], ",
    "\\\"datapath_types\\\": [\\\"netdev\\\", \\\"system\\\"], \\\"bridge_mappings\\\": {\\\"physnet1\\\":\\\"br-ex\\\"} }\"},{\"host-type\":\"ODL L2\",\"host-id\":",
    "\"host-192-168-11-14\",\"config\":\"{\\\"supported_vnic_types\\\": [{\\\"vnic_type\\\": \\\"normal\\\", \\\"vif_type\\\": \\\"ovs\\\", \\\"vif_details\\\": {",
    "} }], \\\"allowed_network_types\\\": [\\\"flat\\\", \\\"vlan\\\", \\\"vxlan\\\"], \\\"datapath_types\\\": [\\\"netdev\\\", \\\"system\\\"], \\\"bridge_mapping",
    "s\\\": {\\\"physnet1\\\":\\\"br-ex\\\"} }\"},{\"host-type\":\"ODL L2\",\"host-id\":\"host-192-168-11-10\",\"config\":\"{\\\"supported_vnic_types\\\": [{\\\"",
    "vnic_type\\\": \\\"normal\\\", \\\"vif_type\\\": \\\"ovs\\\", \\\"vif_details\\\": {} }], \\\"allowed_network_types\\\": [\\\"flat\\\", \\\"vlan\\\", \\\"vxlan\\",
    "\"], \\\"datapath_types\\\": [\\\"netdev\\\", \\\"system\\\"], \\\"bridge_mappings\\\": {\\\"physnet1\\\":\\\"br-ex\\\"} }\"},{\"host-type\":\"ODL L2\",\"host-",
    "id\":\"host-192-168-11-11\",\"config\":\"{\\\"supported_vnic_types\\\": [{\\\"vnic_type\\\": \\\"normal\\\", \\\"vif_type\\\": \\\"ovs\\\", \\\"vif_details\\",
    "\": {} }], \\\"allowed_network_types\\\": [\\\"flat\\\", \\\"vlan\\\", \\\"vxlan\\\"], \\\"datapath_types\\\": [\\\"netdev\\\", \\\"system\\\"], \\\"bridge_map",
    "pings\\\": {\\\"physnet1\\\":\\\"br-ex\\\"} }\"},{\"host-type\":\"ODL L2\",\"host-id\":\"host-192-168-11-12\",\"config\":\"{\\\"supported_vnic_types\\\": ",
    "[{\\\"vnic_type\\\": \\\"normal\\\", \\\"vif_type\\\": \\\"ovs\\\", \\\"vif_details\\\": {} }], \\\"allowed_network_types\\\": [\\\"flat\\\", \\\"vlan\\\", \\\"vx",
    "lan\\\"], \\\"datapath_types\\\": [\\\"netdev\\\", \\\"system\\\"], \\\"bridge_mappings\\\": {\\\"physnet1\\\":\\\"br-ex\\\"} }\"}]}}"
] _rest_get_hostconfigs /usr/lib/python2.7/site-packages/networking_odl/ml2/pseudo_agentdb_binding.py:87
2018-01-19 12:48:11.266 35 DEBUG networking_odl.ml2.pseudo_agentdb_binding [req-12b60d6d-f9c5-4b65-8ec4-ad084bdf4c77 - - - - -] ODLPORTBINDING Updating agents DB with ODL hostconfigs update_agents_db /usr/lib/python2.7/site-packages/networking_odl/ml2/pseudo_agentdb_binding.py:217
2018-01-19 12:48:11.272 34 DEBUG networking_odl.journal.journal [req-84577915-aefd-4674-8d2a-2162e0a9016f - - - - -] No journal entries to process sync_pending_entries /usr/lib/python2.7/site-packages/networking_odl/journal/journal.py:216
2018-01-19 12:48:11.291 35 DEBUG neutron_lib.callbacks.manager [req-12b60d6d-f9c5-4b65-8ec4-ad084bdf4c77 - - - - -] Notify callbacks ['neutron.services.segments.db._update_segment_host_mapping_for_agent--9223372036849389797'] for agent, after_update _notify_loop /usr/lib/python2.7/site-packages/neutron_lib/callbacks/manager.py:167
2018-01-19 12:48:11.320 35 DEBUG neutron_lib.callbacks.manager [req-12b60d6d-f9c5-4b65-8ec4-ad084bdf4c77 - - - - -] Notify callbacks ['neutron.services.segments.db._update_segment_host_mapping_for_agent--9223372036849389797'] for agent, after_update _notify_loop /usr/lib/python2.7/site-packages/neutron_lib/callbacks/manager.py:167
2018-01-19 12:48:11.349 35 DEBUG neutron_lib.callbacks.manager [req-12b60d6d-f9c5-4b65-8ec4-ad084bdf4c77 - - - - -] Notify callbacks ['neutron.services.segments.db._update_segment_host_mapping_for_agent--9223372036849389797'] for agent, after_update _notify_loop /usr/lib/python2.7/site-packages/neutron_lib/callbacks/manager.py:167
2018-01-19 12:48:11.401 35 DEBUG neutron_lib.callbacks.manager [req-12b60d6d-f9c5-4b65-8ec4-ad084bdf4c77 - - - - -] Notify callbacks ['neutron.services.segments.db._update_segment_host_mapping_for_agent--9223372036849389797'] for agent, after_update _notify_loop /usr/lib/python2.7/site-packages/neutron_lib/callbacks/manager.py:167
2018-01-19 12:48:11.429 35 DEBUG neutron_lib.callbacks.manager [req-12b60d6d-f9c5-4b65-8ec4-ad084bdf4c77 - - - - -] Notify callbacks ['neutron.services.segments.db._update_segment_host_mapping_for_agent--9223372036849389797'] for agent, after_update _notify_loop /usr/lib/python2.7/site-packages/neutron_lib/callbacks/manager.py:167
2018-01-19 12:48:11.430 35 INFO networking_odl.journal.periodic_task [req-12b60d6d-f9c5-4b65-8ec4-ad084bdf4c77 - - - - -] Finished _get_and_update_hostconfigs phase of hostconfig task.
2018-01-19 12:48:11.492 35 INFO networking_odl.journal.periodic_task [req-12b60d6d-f9c5-4b65-8ec4-ad084bdf4c77 - - - - -] hostconfig task has been finished
2018-01-19 12:48:11.497 33 DEBUG networking_odl.common.client [-] Sending METHOD (post) URL (http://192.168.11.20:8087/restconf/operations/sal-remote:create-data-change-event-subscription) JSON ({
  "input": {
    "path": "/neutron:neutron/neutron:ports", 
    "sal-remote-augment:notification-output-type": "JSON", 
    "sal-remote-augment:datastore": "OPERATIONAL", 
    "sal-remote-augment:scope": "SUBTREE"
  }
}) request /usr/lib/python2.7/site-packages/networking_odl/common/client.py:89
2018-01-19 12:48:11.509 33 DEBUG networking_odl.common.client [-] Got response:
({"output":{"stream-name":"data-change-event-subscription/neutron:neutron/neutron:ports/datastore=OPERATIONAL/scope=SUBTREE"}}) _check_response /usr/lib/python2.7/site-packages/networking_odl/common/client.py:143
2018-01-19 12:48:11.509 33 DEBUG networking_odl.common.client [-] Sending METHOD (get) URL (http://192.168.11.20:8087/restconf/streams/stream/data-change-event-subscription/neutron:neutron/neutron:ports/datastore=OPERATIONAL/scope=SUBTREE?odl-leaf-nodes-only=true) JSON (None) request /usr/lib/python2.7/site-packages/networking_odl/common/client.py:89
2018-01-19 12:48:11.517 33 DEBUG networking_odl.common.websocket_client [-] websocket stream URL: ws://192.168.11.20:8185/data-change-event-subscription/neutron:neutron/neutron:ports/datastore=OPERATIONAL/scope=SUBTREE _subscribe_websocket /usr/lib/python2.7/site-packages/networking_odl/common/websocket_client.py:210
2018-01-19 12:48:11.526 33 ERROR networking_odl.common.websocket_client [-] webSocket bad status exception: WebSocketBadStatusException: Handshake status 500
2018-01-19 12:48:11.526 33 ERROR networking_odl.common.websocket_client Traceback (most recent call last):
2018-01-19 12:48:11.526 33 ERROR networking_odl.common.websocket_client   File "/usr/lib/python2.7/site-packages/networking_odl/common/websocket_client.py", line 238, in _socket_create_connection
2018-01-19 12:48:11.526 33 ERROR networking_odl.common.websocket_client     timeout=self.timeout)
2018-01-19 12:48:11.526 33 ERROR networking_odl.common.websocket_client   File "/usr/lib/python2.7/site-packages/websocket/_core.py", line 104, in create_connection
2018-01-19 12:48:11.526 33 ERROR networking_odl.common.websocket_client     websock.connect(url, **options)
2018-01-19 12:48:11.526 33 ERROR networking_odl.common.websocket_client   File "/usr/lib/python2.7/site-packages/websocket/_core.py", line 269, in connect
2018-01-19 12:48:11.526 33 ERROR networking_odl.common.websocket_client     self.handshake_response = handshake(self.sock, *addrs, **options)
2018-01-19 12:48:11.526 33 ERROR networking_odl.common.websocket_client   File "/usr/lib/python2.7/site-packages/websocket/_handshake.py", line 67, in handshake
2018-01-19 12:48:11.526 33 ERROR networking_odl.common.websocket_client     status, resp = _get_resp_headers(sock)
2018-01-19 12:48:11.526 33 ERROR networking_odl.common.websocket_client   File "/usr/lib/python2.7/site-packages/websocket/_handshake.py", line 123, in _get_resp_headers
2018-01-19 12:48:11.526 33 ERROR networking_odl.common.websocket_client     raise WebSocketBadStatusException("Handshake status %d", status)
2018-01-19 12:48:11.526 33 ERROR networking_odl.common.websocket_client WebSocketBadStatusException: Handshake status 500
2018-01-19 12:48:11.526 33 ERROR networking_odl.common.websocket_client 
2018-01-19 12:48:21.261 34 DEBUG networking_odl.journal.journal [req-84577915-aefd-4674-8d2a-2162e0a9016f - - - - -] Start processing journal entries sync_pending_entries /usr/lib/python2.7/site-packages/networking_odl/journal/journal.py:212
2018-01-19 12:48:21.275 34 DEBUG networking_odl.journal.journal [req-84577915-aefd-4674-8d2a-2162e0a9016f - - - - -] No journal entries to process sync_pending_entries /usr/lib/python2.7/site-packages/networking_odl/journal/journal.py:216
2018-01-19 12:48:31.266 34 DEBUG networking_odl.journal.journal [req-84577915-aefd-4674-8d2a-2162e0a9016f - - - - -] Start processing journal entries sync_pending_entries /usr/lib/python2.7/site-packages/networking_odl/journal/journal.py:212
2018-01-19 12:48:31.751 34 DEBUG networking_odl.journal.journal [req-84577915-aefd-4674-8d2a-2162e0a9016f - - - - -] No journal entries to process sync_pending_entries /usr/lib/python2.7/site-packages/networking_odl/journal/journal.py:216
2018-01-19 12:48:40.221 36 DEBUG neutron.db.agents_db [req-f165cd2d-6d37-4937-86d7-53cb3405ebac - - - - -] Agent healthcheck: found 11 active agents agent_health_check /usr/lib/python2.7/site-packages/neutron/db/agents_db.py:281
2018-01-19 12:48:40.494 7 INFO networking_odl.journal.periodic_task [req-03dfef47-006d-4eed-ad3d-f01a8b71f9e7 - - - - -] Starting maintenance periodic task.
2018-01-19 12:48:40.501 7 INFO networking_odl.journal.periodic_task [req-03dfef47-006d-4eed-ad3d-f01a8b71f9e7 - - - - -] Periodic maintenance task executed after periodic interval Skipping execution.
2018-01-19 12:48:41.070 31 DEBUG neutron_lib.callbacks.manager [req-0c92dee9-1be1-4325-8686-d7a047b7a27c - - - - -] Notify callbacks ['neutron.services.segments.db._update_segment_host_mapping_for_agent--9223372036849389797'] for agent, after_update _notify_loop /usr/lib/python2.7/site-packages/neutron_lib/callbacks/manager.py:167
2018-01-19 12:48:41.208 35 INFO networking_odl.journal.periodic_task [req-12b60d6d-f9c5-4b65-8ec4-ad084bdf4c77 - - - - -] Starting hostconfig periodic task.
2018-01-19 12:48:41.255 35 INFO networking_odl.journal.periodic_task [req-12b60d6d-f9c5-4b65-8ec4-ad084bdf4c77 - - - - -] Starting _get_and_update_hostconfigs phase of periodic task hostconfig.
2018-01-19 12:48:41.275 34 DEBUG networking_odl.journal.journal [req-84577915-aefd-4674-8d2a-2162e0a9016f - - - - -] Start processing journal entries sync_pending_entries /usr/lib/python2.7/site-packages/networking_odl/journal/journal.py:212
2018-01-19 12:48:41.287 34 DEBUG networking_odl.journal.journal [req-84577915-aefd-4674-8d2a-2162e0a9016f - - - - -] No journal entries to process sync_pending_entries /usr/lib/python2.7/site-packages/networking_odl/journal/journal.py:216
2018-01-19 12:48:41.319 35 INFO networking_odl.ml2.pseudo_agentdb_binding [req-12b60d6d-f9c5-4b65-8ec4-ad084bdf4c77 - - - - -] REST/GET hostconfigs from ODL
2018-01-19 12:48:41.319 35 DEBUG networking_odl.common.client [req-12b60d6d-f9c5-4b65-8ec4-ad084bdf4c77 - - - - -] Sending METHOD (get) URL (http://192.168.11.20:8087/restconf/operational/neutron:neutron/hostconfigs/) JSON (None) request /usr/lib/python2.7/site-packages/networking_odl/common/client.py:89
2018-01-19 12:48:41.331 35 DEBUG networking_odl.ml2.pseudo_agentdb_binding [req-12b60d6d-f9c5-4b65-8ec4-ad084bdf4c77 - - - - -] ODLPORTBINDING hostconfigs:
[
    "{\"hostconfigs\":{\"hostconfig\":[{\"host-type\":\"ODL L2\",\"host-id\":\"host-192-168-11-13\",\"config\":\"{\\\"supported_vnic_types\\\": [{\\\"vnic",
    "_type\\\": \\\"normal\\\", \\\"vif_type\\\": \\\"ovs\\\", \\\"vif_details\\\": {} }], \\\"allowed_network_types\\\": [\\\"flat\\\", \\\"vlan\\\", \\\"vxlan\\\"], ",
    "\\\"datapath_types\\\": [\\\"netdev\\\", \\\"system\\\"], \\\"bridge_mappings\\\": {\\\"physnet1\\\":\\\"br-ex\\\"} }\"},{\"host-type\":\"ODL L2\",\"host-id\":",
    "\"host-192-168-11-14\",\"config\":\"{\\\"supported_vnic_types\\\": [{\\\"vnic_type\\\": \\\"normal\\\", \\\"vif_type\\\": \\\"ovs\\\", \\\"vif_details\\\": {",
    "} }], \\\"allowed_network_types\\\": [\\\"flat\\\", \\\"vlan\\\", \\\"vxlan\\\"], \\\"datapath_types\\\": [\\\"netdev\\\", \\\"system\\\"], \\\"bridge_mapping",
    "s\\\": {\\\"physnet1\\\":\\\"br-ex\\\"} }\"},{\"host-type\":\"ODL L2\",\"host-id\":\"host-192-168-11-10\",\"config\":\"{\\\"supported_vnic_types\\\": [{\\\"",
    "vnic_type\\\": \\\"normal\\\", \\\"vif_type\\\": \\\"ovs\\\", \\\"vif_details\\\": {} }], \\\"allowed_network_types\\\": [\\\"flat\\\", \\\"vlan\\\", \\\"vxlan\\",
    "\"], \\\"datapath_types\\\": [\\\"netdev\\\", \\\"system\\\"], \\\"bridge_mappings\\\": {\\\"physnet1\\\":\\\"br-ex\\\"} }\"},{\"host-type\":\"ODL L2\",\"host-",
    "id\":\"host-192-168-11-11\",\"config\":\"{\\\"supported_vnic_types\\\": [{\\\"vnic_type\\\": \\\"normal\\\", \\\"vif_type\\\": \\\"ovs\\\", \\\"vif_details\\",
    "\": {} }], \\\"allowed_network_types\\\": [\\\"flat\\\", \\\"vlan\\\", \\\"vxlan\\\"], \\\"datapath_types\\\": [\\\"netdev\\\", \\\"system\\\"], \\\"bridge_map",
    "pings\\\": {\\\"physnet1\\\":\\\"br-ex\\\"} }\"},{\"host-type\":\"ODL L2\",\"host-id\":\"host-192-168-11-12\",\"config\":\"{\\\"supported_vnic_types\\\": ",
    "[{\\\"vnic_type\\\": \\\"normal\\\", \\\"vif_type\\\": \\\"ovs\\\", \\\"vif_details\\\": {} }], \\\"allowed_network_types\\\": [\\\"flat\\\", \\\"vlan\\\", \\\"vx",
    "lan\\\"], \\\"datapath_types\\\": [\\\"netdev\\\", \\\"system\\\"], \\\"bridge_mappings\\\": {\\\"physnet1\\\":\\\"br-ex\\\"} }\"}]}}"
] _rest_get_hostconfigs /usr/lib/python2.7/site-packages/networking_odl/ml2/pseudo_agentdb_binding.py:87
2018-01-19 12:48:41.342 35 DEBUG networking_odl.ml2.pseudo_agentdb_binding [req-12b60d6d-f9c5-4b65-8ec4-ad084bdf4c77 - - - - -] ODLPORTBINDING Updating agents DB with ODL hostconfigs update_agents_db /usr/lib/python2.7/site-packages/networking_odl/ml2/pseudo_agentdb_binding.py:217
2018-01-19 12:48:41.424 35 DEBUG neutron_lib.callbacks.manager [req-12b60d6d-f9c5-4b65-8ec4-ad084bdf4c77 - - - - -] Notify callbacks ['neutron.services.segments.db._update_segment_host_mapping_for_agent--9223372036849389797'] for agent, after_update _notify_loop /usr/lib/python2.7/site-packages/neutron_lib/callbacks/manager.py:167
2018-01-19 12:48:41.541 33 DEBUG networking_odl.common.client [-] Sending METHOD (post) URL (http://192.168.11.20:8087/restconf/operations/sal-remote:create-data-change-event-subscription) JSON ({
  "input": {
    "path": "/neutron:neutron/neutron:ports", 
    "sal-remote-augment:notification-output-type": "JSON", 
    "sal-remote-augment:datastore": "OPERATIONAL", 
    "sal-remote-augment:scope": "SUBTREE"
  }
}) request /usr/lib/python2.7/site-packages/networking_odl/common/client.py:89
2018-01-19 12:48:41.565 33 DEBUG networking_odl.common.client [-] Got response:
({"output":{"stream-name":"data-change-event-subscription/neutron:neutron/neutron:ports/datastore=OPERATIONAL/scope=SUBTREE"}}) _check_response /usr/lib/python2.7/site-packages/networking_odl/common/client.py:143
2018-01-19 12:48:41.568 33 DEBUG networking_odl.common.client [-] Sending METHOD (get) URL (http://192.168.11.20:8087/restconf/streams/stream/data-change-event-subscription/neutron:neutron/neutron:ports/datastore=OPERATIONAL/scope=SUBTREE?odl-leaf-nodes-only=true) JSON (None) request /usr/lib/python2.7/site-packages/networking_odl/common/client.py:89
2018-01-19 12:48:41.574 33 DEBUG networking_odl.common.websocket_client [-] websocket stream URL: ws://192.168.11.20:8185/data-change-event-subscription/neutron:neutron/neutron:ports/datastore=OPERATIONAL/scope=SUBTREE _subscribe_websocket /usr/lib/python2.7/site-packages/networking_odl/common/websocket_client.py:210
2018-01-19 12:48:41.576 33 ERROR networking_odl.common.websocket_client [-] webSocket bad status exception: WebSocketBadStatusException: Handshake status 500
2018-01-19 12:48:41.576 33 ERROR networking_odl.common.websocket_client Traceback (most recent call last):
