2018-01-19 12:52:07.333 7 INFO networking_odl.journal.periodic_task [req-bd85f1db-ae19-4fe3-b98a-47c7d5fa756e - - - - -] Starting maintenance periodic task.
2018-01-19 12:52:07.343 7 INFO networking_odl.journal.periodic_task [req-bd85f1db-ae19-4fe3-b98a-47c7d5fa756e - - - - -] Periodic maintenance task executed after periodic interval Skipping execution.
2018-01-19 12:52:08.248 35 DEBUG networking_odl.journal.journal [req-5bb693c8-34e9-42e6-b307-3c5a599ddf38 - - - - -] Start processing journal entries sync_pending_entries /usr/lib/python2.7/site-packages/networking_odl/journal/journal.py:212
2018-01-19 12:52:08.268 35 DEBUG networking_odl.journal.journal [req-5bb693c8-34e9-42e6-b307-3c5a599ddf38 - - - - -] No journal entries to process sync_pending_entries /usr/lib/python2.7/site-packages/networking_odl/journal/journal.py:216
2018-01-19 12:52:08.269 36 INFO networking_odl.journal.periodic_task [req-0b8e8ecf-dd60-42e2-8fa9-5f59204bf880 - - - - -] Starting hostconfig periodic task.
2018-01-19 12:52:08.279 36 INFO networking_odl.journal.periodic_task [req-0b8e8ecf-dd60-42e2-8fa9-5f59204bf880 - - - - -] Periodic hostconfig task executed after periodic interval Skipping execution.
2018-01-19 12:52:08.886 34 DEBUG networking_odl.common.client [-] Sending METHOD (post) URL (http://192.168.11.20:8087/restconf/operations/sal-remote:create-data-change-event-subscription) JSON ({
  "input": {
    "path": "/neutron:neutron/neutron:ports", 
    "sal-remote-augment:notification-output-type": "JSON", 
    "sal-remote-augment:datastore": "OPERATIONAL", 
    "sal-remote-augment:scope": "SUBTREE"
  }
}) request /usr/lib/python2.7/site-packages/networking_odl/common/client.py:89
2018-01-19 12:52:08.903 34 DEBUG networking_odl.common.client [-] Got response:
({"output":{"stream-name":"data-change-event-subscription/neutron:neutron/neutron:ports/datastore=OPERATIONAL/scope=SUBTREE"}}) _check_response /usr/lib/python2.7/site-packages/networking_odl/common/client.py:143
2018-01-19 12:52:08.904 34 DEBUG networking_odl.common.client [-] Sending METHOD (get) URL (http://192.168.11.20:8087/restconf/streams/stream/data-change-event-subscription/neutron:neutron/neutron:ports/datastore=OPERATIONAL/scope=SUBTREE?odl-leaf-nodes-only=true) JSON (None) request /usr/lib/python2.7/site-packages/networking_odl/common/client.py:89
2018-01-19 12:52:08.912 34 DEBUG networking_odl.common.websocket_client [-] websocket stream URL: ws://192.168.11.20:8185/data-change-event-subscription/neutron:neutron/neutron:ports/datastore=OPERATIONAL/scope=SUBTREE _subscribe_websocket /usr/lib/python2.7/site-packages/networking_odl/common/websocket_client.py:210
2018-01-19 12:52:08.919 34 ERROR networking_odl.common.websocket_client [-] webSocket bad status exception: WebSocketBadStatusException: Handshake status 500
2018-01-19 12:52:08.919 34 ERROR networking_odl.common.websocket_client Traceback (most recent call last):
2018-01-19 12:52:08.919 34 ERROR networking_odl.common.websocket_client   File "/usr/lib/python2.7/site-packages/networking_odl/common/websocket_client.py", line 238, in _socket_create_connection
2018-01-19 12:52:08.919 34 ERROR networking_odl.common.websocket_client     timeout=self.timeout)
2018-01-19 12:52:08.919 34 ERROR networking_odl.common.websocket_client   File "/usr/lib/python2.7/site-packages/websocket/_core.py", line 104, in create_connection
2018-01-19 12:52:08.919 34 ERROR networking_odl.common.websocket_client     websock.connect(url, **options)
2018-01-19 12:52:08.919 34 ERROR networking_odl.common.websocket_client   File "/usr/lib/python2.7/site-packages/websocket/_core.py", line 269, in connect
2018-01-19 12:52:08.919 34 ERROR networking_odl.common.websocket_client     self.handshake_response = handshake(self.sock, *addrs, **options)
2018-01-19 12:52:08.919 34 ERROR networking_odl.common.websocket_client   File "/usr/lib/python2.7/site-packages/websocket/_handshake.py", line 67, in handshake
2018-01-19 12:52:08.919 34 ERROR networking_odl.common.websocket_client     status, resp = _get_resp_headers(sock)
2018-01-19 12:52:08.919 34 ERROR networking_odl.common.websocket_client   File "/usr/lib/python2.7/site-packages/websocket/_handshake.py", line 123, in _get_resp_headers
2018-01-19 12:52:08.919 34 ERROR networking_odl.common.websocket_client     raise WebSocketBadStatusException("Handshake status %d", status)
2018-01-19 12:52:08.919 34 ERROR networking_odl.common.websocket_client WebSocketBadStatusException: Handshake status 500
2018-01-19 12:52:08.919 34 ERROR networking_odl.common.websocket_client 
2018-01-19 12:52:11.067 31 DEBUG neutron_lib.callbacks.manager [req-f7c3291d-65e9-40c7-a74a-c70bfbc2da76 - - - - -] Notify callbacks ['neutron.services.segments.db._update_segment_host_mapping_for_agent--9223372036849199845'] for agent, after_update _notify_loop /usr/lib/python2.7/site-packages/neutron_lib/callbacks/manager.py:167
2018-01-19 12:52:11.624 33 DEBUG neutron_lib.callbacks.manager [req-27cdd33a-9f36-4f12-bbba-4d71a5be9b48 - - - - -] Notify callbacks ['neutron.services.segments.db._update_segment_host_mapping_for_agent--9223372036849199845'] for agent, after_update _notify_loop /usr/lib/python2.7/site-packages/neutron_lib/callbacks/manager.py:167
2018-01-19 12:52:12.116 32 DEBUG neutron_lib.callbacks.manager [req-edccf2b8-c613-4fa1-88c5-70c6d46c49f9 - - - - -] Notify callbacks ['neutron.services.segments.db._update_segment_host_mapping_for_agent--9223372036849199845'] for agent, after_update _notify_loop /usr/lib/python2.7/site-packages/neutron_lib/callbacks/manager.py:167
2018-01-19 12:52:15.444 29 DEBUG neutron_lib.callbacks.manager [req-b7b23549-7e03-4758-ab7b-33147a9d2991 - - - - -] Notify callbacks ['neutron.services.segments.db._update_segment_host_mapping_for_agent--9223372036849199845'] for agent, after_update _notify_loop /usr/lib/python2.7/site-packages/neutron_lib/callbacks/manager.py:167
2018-01-19 12:52:15.912 28 DEBUG neutron_lib.callbacks.manager [req-7ec4d5a6-04d9-4430-999e-52726b00711c - - - - -] Notify callbacks ['neutron.services.segments.db._update_segment_host_mapping_for_agent--9223372036849199845'] for agent, after_update _notify_loop /usr/lib/python2.7/site-packages/neutron_lib/callbacks/manager.py:167
2018-01-19 12:52:16.284 30 DEBUG neutron_lib.callbacks.manager [req-5f7a02ef-b520-4ae3-8fcf-0e11e8af659d - - - - -] Notify callbacks ['neutron.services.segments.db._update_segment_host_mapping_for_agent--9223372036849199845'] for agent, after_update _notify_loop /usr/lib/python2.7/site-packages/neutron_lib/callbacks/manager.py:167
2018-01-19 12:52:18.258 35 DEBUG networking_odl.journal.journal [req-5bb693c8-34e9-42e6-b307-3c5a599ddf38 - - - - -] Start processing journal entries sync_pending_entries /usr/lib/python2.7/site-packages/networking_odl/journal/journal.py:212
2018-01-19 12:52:18.279 35 DEBUG networking_odl.journal.journal [req-5bb693c8-34e9-42e6-b307-3c5a599ddf38 - - - - -] No journal entries to process sync_pending_entries /usr/lib/python2.7/site-packages/networking_odl/journal/journal.py:216
2018-01-19 12:52:28.268 35 DEBUG networking_odl.journal.journal [req-5bb693c8-34e9-42e6-b307-3c5a599ddf38 - - - - -] Start processing journal entries sync_pending_entries /usr/lib/python2.7/site-packages/networking_odl/journal/journal.py:212
2018-01-19 12:52:28.291 35 DEBUG networking_odl.journal.journal [req-5bb693c8-34e9-42e6-b307-3c5a599ddf38 - - - - -] No journal entries to process sync_pending_entries /usr/lib/python2.7/site-packages/networking_odl/journal/journal.py:216
2018-01-19 12:52:29.007 37 DEBUG neutron.db.agents_db [req-31771abe-72f9-4c7a-8864-74864eb385e1 - - - - -] Agent healthcheck: found 11 active agents agent_health_check /usr/lib/python2.7/site-packages/neutron/db/agents_db.py:281
2018-01-19 12:52:37.335 7 INFO networking_odl.journal.periodic_task [req-bd85f1db-ae19-4fe3-b98a-47c7d5fa756e - - - - -] Starting maintenance periodic task.
2018-01-19 12:52:37.345 7 INFO networking_odl.journal.periodic_task [req-bd85f1db-ae19-4fe3-b98a-47c7d5fa756e - - - - -] Periodic maintenance task executed after periodic interval Skipping execution.
2018-01-19 12:52:38.278 35 DEBUG networking_odl.journal.journal [req-5bb693c8-34e9-42e6-b307-3c5a599ddf38 - - - - -] Start processing journal entries sync_pending_entries /usr/lib/python2.7/site-packages/networking_odl/journal/journal.py:212
2018-01-19 12:52:38.299 36 INFO networking_odl.journal.periodic_task [req-0b8e8ecf-dd60-42e2-8fa9-5f59204bf880 - - - - -] Starting hostconfig periodic task.
2018-01-19 12:52:38.301 35 DEBUG networking_odl.journal.journal [req-5bb693c8-34e9-42e6-b307-3c5a599ddf38 - - - - -] No journal entries to process sync_pending_entries /usr/lib/python2.7/site-packages/networking_odl/journal/journal.py:216
2018-01-19 12:52:38.317 36 INFO networking_odl.journal.periodic_task [req-0b8e8ecf-dd60-42e2-8fa9-5f59204bf880 - - - - -] Periodic hostconfig task executed after periodic interval Skipping execution.
2018-01-19 12:52:38.940 34 DEBUG networking_odl.common.client [-] Sending METHOD (post) URL (http://192.168.11.20:8087/restconf/operations/sal-remote:create-data-change-event-subscription) JSON ({
  "input": {
    "path": "/neutron:neutron/neutron:ports", 
    "sal-remote-augment:notification-output-type": "JSON", 
    "sal-remote-augment:datastore": "OPERATIONAL", 
    "sal-remote-augment:scope": "SUBTREE"
  }
}) request /usr/lib/python2.7/site-packages/networking_odl/common/client.py:89
2018-01-19 12:52:38.952 34 DEBUG networking_odl.common.client [-] Got response:
({"output":{"stream-name":"data-change-event-subscription/neutron:neutron/neutron:ports/datastore=OPERATIONAL/scope=SUBTREE"}}) _check_response /usr/lib/python2.7/site-packages/networking_odl/common/client.py:143
2018-01-19 12:52:38.952 34 DEBUG networking_odl.common.client [-] Sending METHOD (get) URL (http://192.168.11.20:8087/restconf/streams/stream/data-change-event-subscription/neutron:neutron/neutron:ports/datastore=OPERATIONAL/scope=SUBTREE?odl-leaf-nodes-only=true) JSON (None) request /usr/lib/python2.7/site-packages/networking_odl/common/client.py:89
2018-01-19 12:52:38.960 34 DEBUG networking_odl.common.websocket_client [-] websocket stream URL: ws://192.168.11.20:8185/data-change-event-subscription/neutron:neutron/neutron:ports/datastore=OPERATIONAL/scope=SUBTREE _subscribe_websocket /usr/lib/python2.7/site-packages/networking_odl/common/websocket_client.py:210
2018-01-19 12:52:38.964 34 ERROR networking_odl.common.websocket_client [-] webSocket bad status exception: WebSocketBadStatusException: Handshake status 500
2018-01-19 12:52:38.964 34 ERROR networking_odl.common.websocket_client Traceback (most recent call last):
2018-01-19 12:52:38.964 34 ERROR networking_odl.common.websocket_client   File "/usr/lib/python2.7/site-packages/networking_odl/common/websocket_client.py", line 238, in _socket_create_connection
2018-01-19 12:52:38.964 34 ERROR networking_odl.common.websocket_client     timeout=self.timeout)
2018-01-19 12:52:38.964 34 ERROR networking_odl.common.websocket_client   File "/usr/lib/python2.7/site-packages/websocket/_core.py", line 104, in create_connection
2018-01-19 12:52:38.964 34 ERROR networking_odl.common.websocket_client     websock.connect(url, **options)
2018-01-19 12:52:38.964 34 ERROR networking_odl.common.websocket_client   File "/usr/lib/python2.7/site-packages/websocket/_core.py", line 269, in connect
2018-01-19 12:52:38.964 34 ERROR networking_odl.common.websocket_client     self.handshake_response = handshake(self.sock, *addrs, **options)
2018-01-19 12:52:38.964 34 ERROR networking_odl.common.websocket_client   File "/usr/lib/python2.7/site-packages/websocket/_handshake.py", line 67, in handshake
2018-01-19 12:52:38.964 34 ERROR networking_odl.common.websocket_client     status, resp = _get_resp_headers(sock)
2018-01-19 12:52:38.964 34 ERROR networking_odl.common.websocket_client   File "/usr/lib/python2.7/site-packages/websocket/_handshake.py", line 123, in _get_resp_headers
2018-01-19 12:52:38.964 34 ERROR networking_odl.common.websocket_client     raise WebSocketBadStatusException("Handshake status %d", status)
2018-01-19 12:52:38.964 34 ERROR networking_odl.common.websocket_client WebSocketBadStatusException: Handshake status 500
2018-01-19 12:52:38.964 34 ERROR networking_odl.common.websocket_client 
2018-01-19 12:52:48.288 35 DEBUG networking_odl.journal.journal [req-5bb693c8-34e9-42e6-b307-3c5a599ddf38 - - - - -] Start processing journal entries sync_pending_entries /usr/lib/python2.7/site-packages/networking_odl/journal/journal.py:212
2018-01-19 12:52:48.312 35 DEBUG networking_odl.journal.journal [req-5bb693c8-34e9-42e6-b307-3c5a599ddf38 - - - - -] No journal entries to process sync_pending_entries /usr/lib/python2.7/site-packages/networking_odl/journal/journal.py:216
2018-01-19 12:52:58.298 35 DEBUG networking_odl.journal.journal [req-5bb693c8-34e9-42e6-b307-3c5a599ddf38 - - - - -] Start processing journal entries sync_pending_entries /usr/lib/python2.7/site-packages/networking_odl/journal/journal.py:212
2018-01-19 12:52:58.317 35 DEBUG networking_odl.journal.journal [req-5bb693c8-34e9-42e6-b307-3c5a599ddf38 - - - - -] No journal entries to process sync_pending_entries /usr/lib/python2.7/site-packages/networking_odl/journal/journal.py:216
2018-01-19 12:53:06.006 37 DEBUG neutron.db.agents_db [req-31771abe-72f9-4c7a-8864-74864eb385e1 - - - - -] Agent healthcheck: found 11 active agents agent_health_check /usr/lib/python2.7/site-packages/neutron/db/agents_db.py:281
2018-01-19 12:53:07.336 7 INFO networking_odl.journal.periodic_task [req-bd85f1db-ae19-4fe3-b98a-47c7d5fa756e - - - - -] Starting maintenance periodic task.
2018-01-19 12:53:07.455 7 INFO networking_odl.journal.periodic_task [req-bd85f1db-ae19-4fe3-b98a-47c7d5fa756e - - - - -] Periodic maintenance task executed after periodic interval Skipping execution.
2018-01-19 12:53:08.300 36 INFO networking_odl.journal.periodic_task [req-0b8e8ecf-dd60-42e2-8fa9-5f59204bf880 - - - - -] Starting hostconfig periodic task.
2018-01-19 12:53:08.308 35 DEBUG networking_odl.journal.journal [req-5bb693c8-34e9-42e6-b307-3c5a599ddf38 - - - - -] Start processing journal entries sync_pending_entries /usr/lib/python2.7/site-packages/networking_odl/journal/journal.py:212
2018-01-19 12:53:08.311 36 INFO networking_odl.journal.periodic_task [req-0b8e8ecf-dd60-42e2-8fa9-5f59204bf880 - - - - -] Periodic hostconfig task executed after periodic interval Skipping execution.
2018-01-19 12:53:08.327 35 DEBUG networking_odl.journal.journal [req-5bb693c8-34e9-42e6-b307-3c5a599ddf38 - - - - -] No journal entries to process sync_pending_entries /usr/lib/python2.7/site-packages/networking_odl/journal/journal.py:216
2018-01-19 12:53:08.966 34 DEBUG networking_odl.common.client [-] Sending METHOD (post) URL (http://192.168.11.20:8087/restconf/operations/sal-remote:create-data-change-event-subscription) JSON ({
  "input": {
    "path": "/neutron:neutron/neutron:ports", 
    "sal-remote-augment:notification-output-type": "JSON", 
    "sal-remote-augment:datastore": "OPERATIONAL", 
    "sal-remote-augment:scope": "SUBTREE"
  }
}) request /usr/lib/python2.7/site-packages/networking_odl/common/client.py:89
2018-01-19 12:53:08.980 34 DEBUG networking_odl.common.client [-] Got response:
({"output":{"stream-name":"data-change-event-subscription/neutron:neutron/neutron:ports/datastore=OPERATIONAL/scope=SUBTREE"}}) _check_response /usr/lib/python2.7/site-packages/networking_odl/common/client.py:143
2018-01-19 12:53:08.980 34 DEBUG networking_odl.common.client [-] Sending METHOD (get) URL (http://192.168.11.20:8087/restconf/streams/stream/data-change-event-subscription/neutron:neutron/neutron:ports/datastore=OPERATIONAL/scope=SUBTREE?odl-leaf-nodes-only=true) JSON (None) request /usr/lib/python2.7/site-packages/networking_odl/common/client.py:89
2018-01-19 12:53:08.987 34 DEBUG networking_odl.common.websocket_client [-] websocket stream URL: ws://192.168.11.20:8185/data-change-event-subscription/neutron:neutron/neutron:ports/datastore=OPERATIONAL/scope=SUBTREE _subscribe_websocket /usr/lib/python2.7/site-packages/networking_odl/common/websocket_client.py:210
2018-01-19 12:53:08.994 34 ERROR networking_odl.common.websocket_client [-] webSocket bad status exception: WebSocketBadStatusException: Handshake status 500
2018-01-19 12:53:08.994 34 ERROR networking_odl.common.websocket_client Traceback (most recent call last):
2018-01-19 12:53:08.994 34 ERROR networking_odl.common.websocket_client   File "/usr/lib/python2.7/site-packages/networking_odl/common/websocket_client.py", line 238, in _socket_create_connection
2018-01-19 12:53:08.994 34 ERROR networking_odl.common.websocket_client     timeout=self.timeout)
2018-01-19 12:53:08.994 34 ERROR networking_odl.common.websocket_client   File "/usr/lib/python2.7/site-packages/websocket/_core.py", line 104, in create_connection
2018-01-19 12:53:08.994 34 ERROR networking_odl.common.websocket_client     websock.connect(url, **options)
2018-01-19 12:53:08.994 34 ERROR networking_odl.common.websocket_client   File "/usr/lib/python2.7/site-packages/websocket/_core.py", line 269, in connect
2018-01-19 12:53:08.994 34 ERROR networking_odl.common.websocket_client     self.handshake_response = handshake(self.sock, *addrs, **options)
2018-01-19 12:53:08.994 34 ERROR networking_odl.common.websocket_client   File "/usr/lib/python2.7/site-packages/websocket/_handshake.py", line 67, in handshake
2018-01-19 12:53:08.994 34 ERROR networking_odl.common.websocket_client     status, resp = _get_resp_headers(sock)
2018-01-19 12:53:08.994 34 ERROR networking_odl.common.websocket_client   File "/usr/lib/python2.7/site-packages/websocket/_handshake.py", line 123, in _get_resp_headers
2018-01-19 12:53:08.994 34 ERROR networking_odl.common.websocket_client     raise WebSocketBadStatusException("Handshake status %d", status)
2018-01-19 12:53:08.994 34 ERROR networking_odl.common.websocket_client WebSocketBadStatusException: Handshake status 500
2018-01-19 12:53:08.994 34 ERROR networking_odl.common.websocket_client 
2018-01-19 12:53:18.317 35 DEBUG networking_odl.journal.journal [req-5bb693c8-34e9-42e6-b307-3c5a599ddf38 - - - - -] Start processing journal entries sync_pending_entries /usr/lib/python2.7/site-packages/networking_odl/journal/journal.py:212
2018-01-19 12:53:18.340 35 DEBUG networking_odl.journal.journal [req-5bb693c8-34e9-42e6-b307-3c5a599ddf38 - - - - -] No journal entries to process sync_pending_entries /usr/lib/python2.7/site-packages/networking_odl/journal/journal.py:216
2018-01-19 12:53:28.319 35 DEBUG networking_odl.journal.journal [req-5bb693c8-34e9-42e6-b307-3c5a599ddf38 - - - - -] Start processing journal entries sync_pending_entries /usr/lib/python2.7/site-packages/networking_odl/journal/journal.py:212
2018-01-19 12:53:28.341 35 DEBUG networking_odl.journal.journal [req-5bb693c8-34e9-42e6-b307-3c5a599ddf38 - - - - -] No journal entries to process sync_pending_entries /usr/lib/python2.7/site-packages/networking_odl/journal/journal.py:216
2018-01-19 12:53:37.336 7 INFO networking_odl.journal.periodic_task [req-bd85f1db-ae19-4fe3-b98a-47c7d5fa756e - - - - -] Starting maintenance periodic task.
2018-01-19 12:53:37.348 7 INFO networking_odl.journal.periodic_task [req-bd85f1db-ae19-4fe3-b98a-47c7d5fa756e - - - - -] Periodic maintenance task executed after periodic interval Skipping execution.
2018-01-19 12:53:38.326 36 INFO networking_odl.journal.periodic_task [req-0b8e8ecf-dd60-42e2-8fa9-5f59204bf880 - - - - -] Starting hostconfig periodic task.
2018-01-19 12:53:38.326 35 DEBUG networking_odl.journal.journal [req-5bb693c8-34e9-42e6-b307-3c5a599ddf38 - - - - -] Start processing journal entries sync_pending_entries /usr/lib/python2.7/site-packages/networking_odl/journal/journal.py:212
2018-01-19 12:53:38.339 36 INFO networking_odl.journal.periodic_task [req-0b8e8ecf-dd60-42e2-8fa9-5f59204bf880 - - - - -] Periodic hostconfig task executed after periodic interval Skipping execution.
2018-01-19 12:53:38.353 35 DEBUG networking_odl.journal.journal [req-5bb693c8-34e9-42e6-b307-3c5a599ddf38 - - - - -] No journal entries to process sync_pending_entries /usr/lib/python2.7/site-packages/networking_odl/journal/journal.py:216
2018-01-19 12:53:39.003 34 DEBUG networking_odl.common.client [-] Sending METHOD (post) URL (http://192.168.11.20:8087/restconf/operations/sal-remote:create-data-change-event-subscription) JSON ({
  "input": {
    "path": "/neutron:neutron/neutron:ports", 
    "sal-remote-augment:notification-output-type": "JSON", 
    "sal-remote-augment:datastore": "OPERATIONAL", 
    "sal-remote-augment:scope": "SUBTREE"
  }
}) request /usr/lib/python2.7/site-packages/networking_odl/common/client.py:89
2018-01-19 12:53:39.018 34 DEBUG networking_odl.common.client [-] Got response:
({"output":{"stream-name":"data-change-event-subscription/neutron:neutron/neutron:ports/datastore=OPERATIONAL/scope=SUBTREE"}}) _check_response /usr/lib/python2.7/site-packages/networking_odl/common/client.py:143
2018-01-19 12:53:39.019 34 DEBUG networking_odl.common.client [-] Sending METHOD (get) URL (http://192.168.11.20:8087/restconf/streams/stream/data-change-event-subscription/neutron:neutron/neutron:ports/datastore=OPERATIONAL/scope=SUBTREE?odl-leaf-nodes-only=true) JSON (None) request /usr/lib/python2.7/site-packages/networking_odl/common/client.py:89
2018-01-19 12:53:39.036 34 DEBUG networking_odl.common.websocket_client [-] websocket stream URL: ws://192.168.11.20:8185/data-change-event-subscription/neutron:neutron/neutron:ports/datastore=OPERATIONAL/scope=SUBTREE _subscribe_websocket /usr/lib/python2.7/site-packages/networking_odl/common/websocket_client.py:210
2018-01-19 12:53:39.042 34 ERROR networking_odl.common.websocket_client [-] webSocket bad status exception: WebSocketBadStatusException: Handshake status 500
2018-01-19 12:53:39.042 34 ERROR networking_odl.common.websocket_client Traceback (most recent call last):
2018-01-19 12:53:39.042 34 ERROR networking_odl.common.websocket_client   File "/usr/lib/python2.7/site-packages/networking_odl/common/websocket_client.py", line 238, in _socket_create_connection
2018-01-19 12:53:39.042 34 ERROR networking_odl.common.websocket_client     timeout=self.timeout)
2018-01-19 12:53:39.042 34 ERROR networking_odl.common.websocket_client   File "/usr/lib/python2.7/site-packages/websocket/_core.py", line 104, in create_connection
2018-01-19 12:53:39.042 34 ERROR networking_odl.common.websocket_client     websock.connect(url, **options)
2018-01-19 12:53:39.042 34 ERROR networking_odl.common.websocket_client   File "/usr/lib/python2.7/site-packages/websocket/_core.py", line 269, in connect
2018-01-19 12:53:39.042 34 ERROR networking_odl.common.websocket_client     self.handshake_response = handshake(self.sock, *addrs, **options)
2018-01-19 12:53:39.042 34 ERROR networking_odl.common.websocket_client   File "/usr/lib/python2.7/site-packages/websocket/_handshake.py", line 67, in handshake
2018-01-19 12:53:39.042 34 ERROR networking_odl.common.websocket_client     status, resp = _get_resp_headers(sock)
2018-01-19 12:53:39.042 34 ERROR networking_odl.common.websocket_client   File "/usr/lib/python2.7/site-packages/websocket/_handshake.py", line 123, in _get_resp_headers
2018-01-19 12:53:39.042 34 ERROR networking_odl.common.websocket_client     raise WebSocketBadStatusException("Handshake status %d", status)
2018-01-19 12:53:39.042 34 ERROR networking_odl.common.websocket_client WebSocketBadStatusException: Handshake status 500
2018-01-19 12:53:39.042 34 ERROR networking_odl.common.websocket_client 
2018-01-19 12:53:41.052 31 DEBUG neutron_lib.callbacks.manager [req-1678490a-0823-4afa-a43e-59f45a07af98 - - - - -] Notify callbacks ['neutron.services.segments.db._update_segment_host_mapping_for_agent--9223372036849199845'] for agent, after_update _notify_loop /usr/lib/python2.7/site-packages/neutron_lib/callbacks/manager.py:167
2018-01-19 12:53:41.619 33 DEBUG neutron_lib.callbacks.manager [req-3ccd9dcb-81c2-4d01-b5c3-f19c908e44a9 - - - - -] Notify callbacks ['neutron.services.segments.db._update_segment_host_mapping_for_agent--9223372036849199845'] for agent, after_update _notify_loop /usr/lib/python2.7/site-packages/neutron_lib/callbacks/manager.py:167
2018-01-19 12:53:42.093 32 DEBUG neutron_lib.callbacks.manager [req-6aaad757-7e8c-42aa-8f72-e0f5641f98a1 - - - - -] Notify callbacks ['neutron.services.segments.db._update_segment_host_mapping_for_agent--9223372036849199845'] for agent, after_update _notify_loop /usr/lib/python2.7/site-packages/neutron_lib/callbacks/manager.py:167
2018-01-19 12:53:43.003 37 DEBUG neutron.db.agents_db [req-31771abe-72f9-4c7a-8864-74864eb385e1 - - - - -] Agent healthcheck: found 11 active agents agent_health_check /usr/lib/python2.7/site-packages/neutron/db/agents_db.py:281
2018-01-19 12:53:45.438 29 DEBUG neutron_lib.callbacks.manager [req-b7b23549-7e03-4758-ab7b-33147a9d2991 - - - - -] Notify callbacks ['neutron.services.segments.db._update_segment_host_mapping_for_agent--9223372036849199845'] for agent, after_update _notify_loop /usr/lib/python2.7/site-packages/neutron_lib/callbacks/manager.py:167
2018-01-19 12:53:45.918 28 DEBUG neutron_lib.callbacks.manager [req-7ec4d5a6-04d9-4430-999e-52726b00711c - - - - -] Notify callbacks ['neutron.services.segments.db._update_segment_host_mapping_for_agent--9223372036849199845'] for agent, after_update _notify_loop /usr/lib/python2.7/site-packages/neutron_lib/callbacks/manager.py:167
2018-01-19 12:53:46.289 30 DEBUG neutron_lib.callbacks.manager [req-5f7a02ef-b520-4ae3-8fcf-0e11e8af659d - - - - -] Notify callbacks ['neutron.services.segments.db._update_segment_host_mapping_for_agent--9223372036849199845'] for agent, after_update _notify_loop /usr/lib/python2.7/site-packages/neutron_lib/callbacks/manager.py:167
2018-01-19 12:53:48.336 35 DEBUG networking_odl.journal.journal [req-5bb693c8-34e9-42e6-b307-3c5a599ddf38 - - - - -] Start processing journal entries sync_pending_entries /usr/lib/python2.7/site-packages/networking_odl/journal/journal.py:212
2018-01-19 12:53:48.353 35 DEBUG networking_odl.journal.journal [req-5bb693c8-34e9-42e6-b307-3c5a599ddf38 - - - - -] No journal entries to process sync_pending_entries /usr/lib/python2.7/site-packages/networking_odl/journal/journal.py:216
2018-01-19 12:53:58.345 35 DEBUG networking_odl.journal.journal [req-5bb693c8-34e9-42e6-b307-3c5a599ddf38 - - - - -] Start processing journal entries sync_pending_entries /usr/lib/python2.7/site-packages/networking_odl/journal/journal.py:212
2018-01-19 12:53:58.365 35 DEBUG networking_odl.journal.journal [req-5bb693c8-34e9-42e6-b307-3c5a599ddf38 - - - - -] No journal entries to process sync_pending_entries /usr/lib/python2.7/site-packages/networking_odl/journal/journal.py:216
2018-01-19 12:54:07.340 7 INFO networking_odl.journal.periodic_task [req-bd85f1db-ae19-4fe3-b98a-47c7d5fa756e - - - - -] Starting maintenance periodic task.
2018-01-19 12:54:07.350 7 INFO networking_odl.journal.periodic_task [req-bd85f1db-ae19-4fe3-b98a-47c7d5fa756e - - - - -] Periodic maintenance task executed after periodic interval Skipping execution.
2018-01-19 12:54:08.355 35 DEBUG networking_odl.journal.journal [req-5bb693c8-34e9-42e6-b307-3c5a599ddf38 - - - - -] Start processing journal entries sync_pending_entries /usr/lib/python2.7/site-packages/networking_odl/journal/journal.py:212
2018-01-19 12:54:08.359 36 INFO networking_odl.journal.periodic_task [req-0b8e8ecf-dd60-42e2-8fa9-5f59204bf880 - - - - -] Starting hostconfig periodic task.
2018-01-19 12:54:08.369 36 INFO networking_odl.journal.periodic_task [req-0b8e8ecf-dd60-42e2-8fa9-5f59204bf880 - - - - -] Periodic hostconfig task executed after periodic interval Skipping execution.
2018-01-19 12:54:08.380 35 DEBUG networking_odl.journal.journal [req-5bb693c8-34e9-42e6-b307-3c5a599ddf38 - - - - -] No journal entries to process sync_pending_entries /usr/lib/python2.7/site-packages/networking_odl/journal/journal.py:216
2018-01-19 12:54:09.047 34 DEBUG networking_odl.common.client [-] Sending METHOD (post) URL (http://192.168.11.20:8087/restconf/operations/sal-remote:create-data-change-event-subscription) JSON ({
  "input": {
    "path": "/neutron:neutron/neutron:ports", 
    "sal-remote-augment:notification-output-type": "JSON", 
    "sal-remote-augment:datastore": "OPERATIONAL", 
    "sal-remote-augment:scope": "SUBTREE"
  }
}) request /usr/lib/python2.7/site-packages/networking_odl/common/client.py:89
2018-01-19 12:54:09.063 34 DEBUG networking_odl.common.client [-] Got response:
({"output":{"stream-name":"data-change-event-subscription/neutron:neutron/neutron:ports/datastore=OPERATIONAL/scope=SUBTREE"}}) _check_response /usr/lib/python2.7/site-packages/networking_odl/common/client.py:143
2018-01-19 12:54:09.064 34 DEBUG networking_odl.common.client [-] Sending METHOD (get) URL (http://192.168.11.20:8087/restconf/streams/stream/data-change-event-subscription/neutron:neutron/neutron:ports/datastore=OPERATIONAL/scope=SUBTREE?odl-leaf-nodes-only=true) JSON (None) request /usr/lib/python2.7/site-packages/networking_odl/common/client.py:89
2018-01-19 12:54:09.072 34 DEBUG networking_odl.common.websocket_client [-] websocket stream URL: ws://192.168.11.20:8185/data-change-event-subscription/neutron:neutron/neutron:ports/datastore=OPERATIONAL/scope=SUBTREE _subscribe_websocket /usr/lib/python2.7/site-packages/networking_odl/common/websocket_client.py:210
2018-01-19 12:54:09.078 34 ERROR networking_odl.common.websocket_client [-] webSocket bad status exception: WebSocketBadStatusException: Handshake status 500
2018-01-19 12:54:09.078 34 ERROR networking_odl.common.websocket_client Traceback (most recent call last):
2018-01-19 12:54:09.078 34 ERROR networking_odl.common.websocket_client   File "/usr/lib/python2.7/site-packages/networking_odl/common/websocket_client.py", line 238, in _socket_create_connection
2018-01-19 12:54:09.078 34 ERROR networking_odl.common.websocket_client     timeout=self.timeout)
2018-01-19 12:54:09.078 34 ERROR networking_odl.common.websocket_client   File "/usr/lib/python2.7/site-packages/websocket/_core.py", line 104, in create_connection
2018-01-19 12:54:09.078 34 ERROR networking_odl.common.websocket_client     websock.connect(url, **options)
2018-01-19 12:54:09.078 34 ERROR networking_odl.common.websocket_client   File "/usr/lib/python2.7/site-packages/websocket/_core.py", line 269, in connect
2018-01-19 12:54:09.078 34 ERROR networking_odl.common.websocket_client     self.handshake_response = handshake(self.sock, *addrs, **options)
2018-01-19 12:54:09.078 34 ERROR networking_odl.common.websocket_client   File "/usr/lib/python2.7/site-packages/websocket/_handshake.py", line 67, in handshake
2018-01-19 12:54:09.078 34 ERROR networking_odl.common.websocket_client     status, resp = _get_resp_headers(sock)
2018-01-19 12:54:09.078 34 ERROR networking_odl.common.websocket_client   File "/usr/lib/python2.7/site-packages/websocket/_handshake.py", line 123, in _get_resp_headers
2018-01-19 12:54:09.078 34 ERROR networking_odl.common.websocket_client     raise WebSocketBadStatusException("Handshake status %d", status)
2018-01-19 12:54:09.078 34 ERROR networking_odl.common.websocket_client WebSocketBadStatusException: Handshake status 500
2018-01-19 12:54:09.078 34 ERROR networking_odl.common.websocket_client 
2018-01-19 12:54:18.365 35 DEBUG networking_odl.journal.journal [req-5bb693c8-34e9-42e6-b307-3c5a599ddf38 - - - - -] Start processing journal entries sync_pending_entries /usr/lib/python2.7/site-packages/networking_odl/journal/journal.py:212
2018-01-19 12:54:18.390 35 DEBUG networking_odl.journal.journal [req-5bb693c8-34e9-42e6-b307-3c5a599ddf38 - - - - -] No journal entries to process sync_pending_entries /usr/lib/python2.7/site-packages/networking_odl/journal/journal.py:216
2018-01-19 12:54:20.005 37 DEBUG neutron.db.agents_db [req-31771abe-72f9-4c7a-8864-74864eb385e1 - - - - -] Agent healthcheck: found 11 active agents agent_health_check /usr/lib/python2.7/site-packages/neutron/db/agents_db.py:281
2018-01-19 12:54:28.375 35 DEBUG networking_odl.journal.journal [req-5bb693c8-34e9-42e6-b307-3c5a599ddf38 - - - - -] Start processing journal entries sync_pending_entries /usr/lib/python2.7/site-packages/networking_odl/journal/journal.py:212
2018-01-19 12:54:28.389 35 DEBUG networking_odl.journal.journal [req-5bb693c8-34e9-42e6-b307-3c5a599ddf38 - - - - -] No journal entries to process sync_pending_entries /usr/lib/python2.7/site-packages/networking_odl/journal/journal.py:216
2018-01-19 12:54:37.341 7 INFO networking_odl.journal.periodic_task [req-bd85f1db-ae19-4fe3-b98a-47c7d5fa756e - - - - -] Starting maintenance periodic task.
2018-01-19 12:54:37.353 7 INFO networking_odl.journal.periodic_task [req-bd85f1db-ae19-4fe3-b98a-47c7d5fa756e - - - - -] Periodic maintenance task executed after periodic interval Skipping execution.
2018-01-19 12:54:38.379 35 DEBUG networking_odl.journal.journal [req-5bb693c8-34e9-42e6-b307-3c5a599ddf38 - - - - -] Start processing journal entries sync_pending_entries /usr/lib/python2.7/site-packages/networking_odl/journal/journal.py:212
2018-01-19 12:54:38.389 36 INFO networking_odl.journal.periodic_task [req-0b8e8ecf-dd60-42e2-8fa9-5f59204bf880 - - - - -] Starting hostconfig periodic task.
2018-01-19 12:54:38.395 35 DEBUG networking_odl.journal.journal [req-5bb693c8-34e9-42e6-b307-3c5a599ddf38 - - - - -] No journal entries to process sync_pending_entries /usr/lib/python2.7/site-packages/networking_odl/journal/journal.py:216
2018-01-19 12:54:38.398 36 INFO networking_odl.journal.periodic_task [req-0b8e8ecf-dd60-42e2-8fa9-5f59204bf880 - - - - -] Periodic hostconfig task executed after periodic interval Skipping execution.
2018-01-19 12:54:39.098 34 DEBUG networking_odl.common.client [-] Sending METHOD (post) URL (http://192.168.11.20:8087/restconf/operations/sal-remote:create-data-change-event-subscription) JSON ({
  "input": {
    "path": "/neutron:neutron/neutron:ports", 
    "sal-remote-augment:notification-output-type": "JSON", 
    "sal-remote-augment:datastore": "OPERATIONAL", 
    "sal-remote-augment:scope": "SUBTREE"
  }
}) request /usr/lib/python2.7/site-packages/networking_odl/common/client.py:89
2018-01-19 12:54:39.115 34 DEBUG networking_odl.common.client [-] Got response:
({"output":{"stream-name":"data-change-event-subscription/neutron:neutron/neutron:ports/datastore=OPERATIONAL/scope=SUBTREE"}}) _check_response /usr/lib/python2.7/site-packages/networking_odl/common/client.py:143
2018-01-19 12:54:39.116 34 DEBUG networking_odl.common.client [-] Sending METHOD (get) URL (http://192.168.11.20:8087/restconf/streams/stream/data-change-event-subscription/neutron:neutron/neutron:ports/datastore=OPERATIONAL/scope=SUBTREE?odl-leaf-nodes-only=true) JSON (None) request /usr/lib/python2.7/site-packages/networking_odl/common/client.py:89
2018-01-19 12:54:39.142 34 DEBUG networking_odl.common.websocket_client [-] websocket stream URL: ws://192.168.11.20:8185/data-change-event-subscription/neutron:neutron/neutron:ports/datastore=OPERATIONAL/scope=SUBTREE _subscribe_websocket /usr/lib/python2.7/site-packages/networking_odl/common/websocket_client.py:210
2018-01-19 12:54:39.148 34 ERROR networking_odl.common.websocket_client [-] webSocket bad status exception: WebSocketBadStatusException: Handshake status 500
2018-01-19 12:54:39.148 34 ERROR networking_odl.common.websocket_client Traceback (most recent call last):
2018-01-19 12:54:39.148 34 ERROR networking_odl.common.websocket_client   File "/usr/lib/python2.7/site-packages/networking_odl/common/websocket_client.py", line 238, in _socket_create_connection
2018-01-19 12:54:39.148 34 ERROR networking_odl.common.websocket_client     timeout=self.timeout)
2018-01-19 12:54:39.148 34 ERROR networking_odl.common.websocket_client   File "/usr/lib/python2.7/site-packages/websocket/_core.py", line 104, in create_connection
2018-01-19 12:54:39.148 34 ERROR networking_odl.common.websocket_client     websock.connect(url, **options)
2018-01-19 12:54:39.148 34 ERROR networking_odl.common.websocket_client   File "/usr/lib/python2.7/site-packages/websocket/_core.py", line 269, in connect
2018-01-19 12:54:39.148 34 ERROR networking_odl.common.websocket_client     self.handshake_response = handshake(self.sock, *addrs, **options)
2018-01-19 12:54:39.148 34 ERROR networking_odl.common.websocket_client   File "/usr/lib/python2.7/site-packages/websocket/_handshake.py", line 67, in handshake
2018-01-19 12:54:39.148 34 ERROR networking_odl.common.websocket_client     status, resp = _get_resp_headers(sock)
2018-01-19 12:54:39.148 34 ERROR networking_odl.common.websocket_client   File "/usr/lib/python2.7/site-packages/websocket/_handshake.py", line 123, in _get_resp_headers
2018-01-19 12:54:39.148 34 ERROR networking_odl.common.websocket_client     raise WebSocketBadStatusException("Handshake status %d", status)
2018-01-19 12:54:39.148 34 ERROR networking_odl.common.websocket_client WebSocketBadStatusException: Handshake status 500
2018-01-19 12:54:39.148 34 ERROR networking_odl.common.websocket_client 
2018-01-19 12:54:48.389 35 DEBUG networking_odl.journal.journal [req-5bb693c8-34e9-42e6-b307-3c5a599ddf38 - - - - -] Start processing journal entries sync_pending_entries /usr/lib/python2.7/site-packages/networking_odl/journal/journal.py:212
2018-01-19 12:54:48.406 35 DEBUG networking_odl.journal.journal [req-5bb693c8-34e9-42e6-b307-3c5a599ddf38 - - - - -] No journal entries to process sync_pending_entries /usr/lib/python2.7/site-packages/networking_odl/journal/journal.py:216
2018-01-19 12:54:57.008 37 DEBUG neutron.db.agents_db [req-31771abe-72f9-4c7a-8864-74864eb385e1 - - - - -] Agent healthcheck: found 11 active agents agent_health_check /usr/lib/python2.7/site-packages/neutron/db/agents_db.py:281
2018-01-19 12:54:58.390 35 DEBUG networking_odl.journal.journal [req-5bb693c8-34e9-42e6-b307-3c5a599ddf38 - - - - -] Start processing journal entries sync_pending_entries /usr/lib/python2.7/site-packages/networking_odl/journal/journal.py:212
2018-01-19 12:54:58.405 35 DEBUG networking_odl.journal.journal [req-5bb693c8-34e9-42e6-b307-3c5a599ddf38 - - - - -] No journal entries to process sync_pending_entries /usr/lib/python2.7/site-packages/networking_odl/journal/journal.py:216
2018-01-19 12:55:07.338 7 INFO networking_odl.journal.periodic_task [req-bd85f1db-ae19-4fe3-b98a-47c7d5fa756e - - - - -] Starting maintenance periodic task.
2018-01-19 12:55:07.350 7 INFO networking_odl.journal.periodic_task [req-bd85f1db-ae19-4fe3-b98a-47c7d5fa756e - - - - -] Periodic maintenance task executed after periodic interval Skipping execution.
2018-01-19 12:55:08.400 35 DEBUG networking_odl.journal.journal [req-5bb693c8-34e9-42e6-b307-3c5a599ddf38 - - - - -] Start processing journal entries sync_pending_entries /usr/lib/python2.7/site-packages/networking_odl/journal/journal.py:212
2018-01-19 12:55:08.417 36 INFO networking_odl.journal.periodic_task [req-0b8e8ecf-dd60-42e2-8fa9-5f59204bf880 - - - - -] Starting hostconfig periodic task.
2018-01-19 12:55:08.420 35 DEBUG networking_odl.journal.journal [req-5bb693c8-34e9-42e6-b307-3c5a599ddf38 - - - - -] No journal entries to process sync_pending_entries /usr/lib/python2.7/site-packages/networking_odl/journal/journal.py:216
2018-01-19 12:55:08.426 36 INFO networking_odl.journal.periodic_task [req-0b8e8ecf-dd60-42e2-8fa9-5f59204bf880 - - - - -] Periodic hostconfig task executed after periodic interval Skipping execution.
2018-01-19 12:55:09.168 34 DEBUG networking_odl.common.client [-] Sending METHOD (post) URL (http://192.168.11.20:8087/restconf/operations/sal-remote:create-data-change-event-subscription) JSON ({
  "input": {
    "path": "/neutron:neutron/neutron:ports", 
    "sal-remote-augment:notification-output-type": "JSON", 
    "sal-remote-augment:datastore": "OPERATIONAL", 
    "sal-remote-augment:scope": "SUBTREE"
  }
}) request /usr/lib/python2.7/site-packages/networking_odl/common/client.py:89
2018-01-19 12:55:09.185 34 DEBUG networking_odl.common.client [-] Got response:
({"output":{"stream-name":"data-change-event-subscription/neutron:neutron/neutron:ports/datastore=OPERATIONAL/scope=SUBTREE"}}) _check_response /usr/lib/python2.7/site-packages/networking_odl/common/client.py:143
2018-01-19 12:55:09.186 34 DEBUG networking_odl.common.client [-] Sending METHOD (get) URL (http://192.168.11.20:8087/restconf/streams/stream/data-change-event-subscription/neutron:neutron/neutron:ports/datastore=OPERATIONAL/scope=SUBTREE?odl-leaf-nodes-only=true) JSON (None) request /usr/lib/python2.7/site-packages/networking_odl/common/client.py:89
2018-01-19 12:55:09.194 34 DEBUG networking_odl.common.websocket_client [-] websocket stream URL: ws://192.168.11.20:8185/data-change-event-subscription/neutron:neutron/neutron:ports/datastore=OPERATIONAL/scope=SUBTREE _subscribe_websocket /usr/lib/python2.7/site-packages/networking_odl/common/websocket_client.py:210
2018-01-19 12:55:09.198 34 ERROR networking_odl.common.websocket_client [-] webSocket bad status exception: WebSocketBadStatusException: Handshake status 500
2018-01-19 12:55:09.198 34 ERROR networking_odl.common.websocket_client Traceback (most recent call last):
2018-01-19 12:55:09.198 34 ERROR networking_odl.common.websocket_client   File "/usr/lib/python2.7/site-packages/networking_odl/common/websocket_client.py", line 238, in _socket_create_connection
2018-01-19 12:55:09.198 34 ERROR networking_odl.common.websocket_client     timeout=self.timeout)
2018-01-19 12:55:09.198 34 ERROR networking_odl.common.websocket_client   File "/usr/lib/python2.7/site-packages/websocket/_core.py", line 104, in create_connection
2018-01-19 12:55:09.198 34 ERROR networking_odl.common.websocket_client     websock.connect(url, **options)
2018-01-19 12:55:09.198 34 ERROR networking_odl.common.websocket_client   File "/usr/lib/python2.7/site-packages/websocket/_core.py", line 269, in connect
2018-01-19 12:55:09.198 34 ERROR networking_odl.common.websocket_client     self.handshake_response = handshake(self.sock, *addrs, **options)
2018-01-19 12:55:09.198 34 ERROR networking_odl.common.websocket_client   File "/usr/lib/python2.7/site-packages/websocket/_handshake.py", line 67, in handshake
2018-01-19 12:55:09.198 34 ERROR networking_odl.common.websocket_client     status, resp = _get_resp_headers(sock)
2018-01-19 12:55:09.198 34 ERROR networking_odl.common.websocket_client   File "/usr/lib/python2.7/site-packages/websocket/_handshake.py", line 123, in _get_resp_headers
2018-01-19 12:55:09.198 34 ERROR networking_odl.common.websocket_client     raise WebSocketBadStatusException("Handshake status %d", status)
2018-01-19 12:55:09.198 34 ERROR networking_odl.common.websocket_client WebSocketBadStatusException: Handshake status 500
2018-01-19 12:55:09.198 34 ERROR networking_odl.common.websocket_client 
2018-01-19 12:55:11.037 31 DEBUG neutron_lib.callbacks.manager [req-9ddd26a6-b083-441b-8e1b-a1c7f73a7aa4 - - - - -] Notify callbacks ['neutron.services.segments.db._update_segment_host_mapping_for_agent--9223372036849199845'] for agent, after_update _notify_loop /usr/lib/python2.7/site-packages/neutron_lib/callbacks/manager.py:167
2018-01-19 12:55:11.610 33 DEBUG neutron_lib.callbacks.manager [req-82a38653-f683-44b8-ba7f-af2dbdc40353 - - - - -] Notify callbacks ['neutron.services.segments.db._update_segment_host_mapping_for_agent--9223372036849199845'] for agent, after_update _notify_loop /usr/lib/python2.7/site-packages/neutron_lib/callbacks/manager.py:167
2018-01-19 12:55:12.102 32 DEBUG neutron_lib.callbacks.manager [req-ec7cc52e-abc4-4817-8196-06b6772ff881 - - - - -] Notify callbacks ['neutron.services.segments.db._update_segment_host_mapping_for_agent--9223372036849199845'] for agent, after_update _notify_loop /usr/lib/python2.7/site-packages/neutron_lib/callbacks/manager.py:167
2018-01-19 12:55:15.447 29 DEBUG neutron_lib.callbacks.manager [req-b7b23549-7e03-4758-ab7b-33147a9d2991 - - - - -] Notify callbacks ['neutron.services.segments.db._update_segment_host_mapping_for_agent--9223372036849199845'] for agent, after_update _notify_loop /usr/lib/python2.7/site-packages/neutron_lib/callbacks/manager.py:167
2018-01-19 12:55:15.945 28 DEBUG neutron_lib.callbacks.manager [req-7ec4d5a6-04d9-4430-999e-52726b00711c - - - - -] Notify callbacks ['neutron.services.segments.db._update_segment_host_mapping_for_agent--9223372036849199845'] for agent, after_update _notify_loop /usr/lib/python2.7/site-packages/neutron_lib/callbacks/manager.py:167
2018-01-19 12:55:16.299 30 DEBUG neutron_lib.callbacks.manager [req-5f7a02ef-b520-4ae3-8fcf-0e11e8af659d - - - - -] Notify callbacks ['neutron.services.segments.db._update_segment_host_mapping_for_agent--9223372036849199845'] for agent, after_update _notify_loop /usr/lib/python2.7/site-packages/neutron_lib/callbacks/manager.py:167
2018-01-19 12:55:18.409 35 DEBUG networking_odl.journal.journal [req-5bb693c8-34e9-42e6-b307-3c5a599ddf38 - - - - -] Start processing journal entries sync_pending_entries /usr/lib/python2.7/site-packages/networking_odl/journal/journal.py:212
2018-01-19 12:55:18.427 35 DEBUG networking_odl.journal.journal [req-5bb693c8-34e9-42e6-b307-3c5a599ddf38 - - - - -] No journal entries to process sync_pending_entries /usr/lib/python2.7/site-packages/networking_odl/journal/journal.py:216
2018-01-19 12:55:28.418 35 DEBUG networking_odl.journal.journal [req-5bb693c8-34e9-42e6-b307-3c5a599ddf38 - - - - -] Start processing journal entries sync_pending_entries /usr/lib/python2.7/site-packages/networking_odl/journal/journal.py:212
2018-01-19 12:55:28.433 35 DEBUG networking_odl.journal.journal [req-5bb693c8-34e9-42e6-b307-3c5a599ddf38 - - - - -] No journal entries to process sync_pending_entries /usr/lib/python2.7/site-packages/networking_odl/journal/journal.py:216
2018-01-19 12:55:34.016 37 DEBUG neutron.db.agents_db [req-31771abe-72f9-4c7a-8864-74864eb385e1 - - - - -] Agent healthcheck: found 11 active agents agent_health_check /usr/lib/python2.7/site-packages/neutron/db/agents_db.py:281
2018-01-19 12:55:37.341 7 INFO networking_odl.journal.periodic_task [req-bd85f1db-ae19-4fe3-b98a-47c7d5fa756e - - - - -] Starting maintenance periodic task.
2018-01-19 12:55:37.351 7 INFO networking_odl.journal.periodic_task [req-bd85f1db-ae19-4fe3-b98a-47c7d5fa756e - - - - -] Periodic maintenance task executed after periodic interval Skipping execution.
2018-01-19 12:55:38.420 36 INFO networking_odl.journal.periodic_task [req-0b8e8ecf-dd60-42e2-8fa9-5f59204bf880 - - - - -] Starting hostconfig periodic task.
2018-01-19 12:55:38.428 35 DEBUG networking_odl.journal.journal [req-5bb693c8-34e9-42e6-b307-3c5a599ddf38 - - - - -] Start processing journal entries sync_pending_entries /usr/lib/python2.7/site-packages/networking_odl/journal/journal.py:212
2018-01-19 12:55:38.430 36 INFO networking_odl.journal.periodic_task [req-0b8e8ecf-dd60-42e2-8fa9-5f59204bf880 - - - - -] Periodic hostconfig task executed after periodic interval Skipping execution.
2018-01-19 12:55:38.444 35 DEBUG networking_odl.journal.journal [req-5bb693c8-34e9-42e6-b307-3c5a599ddf38 - - - - -] No journal entries to process sync_pending_entries /usr/lib/python2.7/site-packages/networking_odl/journal/journal.py:216
2018-01-19 12:55:39.219 34 DEBUG networking_odl.common.client [-] Sending METHOD (post) URL (http://192.168.11.20:8087/restconf/operations/sal-remote:create-data-change-event-subscription) JSON ({
  "input": {
    "path": "/neutron:neutron/neutron:ports", 
    "sal-remote-augment:notification-output-type": "JSON", 
    "sal-remote-augment:datastore": "OPERATIONAL", 
    "sal-remote-augment:scope": "SUBTREE"
  }
}) request /usr/lib/python2.7/site-packages/networking_odl/common/client.py:89
2018-01-19 12:55:39.231 34 DEBUG networking_odl.common.client [-] Got response:
({"output":{"stream-name":"data-change-event-subscription/neutron:neutron/neutron:ports/datastore=OPERATIONAL/scope=SUBTREE"}}) _check_response /usr/lib/python2.7/site-packages/networking_odl/common/client.py:143
2018-01-19 12:55:39.231 34 DEBUG networking_odl.common.client [-] Sending METHOD (get) URL (http://192.168.11.20:8087/restconf/streams/stream/data-change-event-subscription/neutron:neutron/neutron:ports/datastore=OPERATIONAL/scope=SUBTREE?odl-leaf-nodes-only=true) JSON (None) request /usr/lib/python2.7/site-packages/networking_odl/common/client.py:89
2018-01-19 12:55:39.242 34 DEBUG networking_odl.common.websocket_client [-] websocket stream URL: ws://192.168.11.20:8185/data-change-event-subscription/neutron:neutron/neutron:ports/datastore=OPERATIONAL/scope=SUBTREE _subscribe_websocket /usr/lib/python2.7/site-packages/networking_odl/common/websocket_client.py:210
2018-01-19 12:55:39.249 34 ERROR networking_odl.common.websocket_client [-] webSocket bad status exception: WebSocketBadStatusException: Handshake status 500
2018-01-19 12:55:39.249 34 ERROR networking_odl.common.websocket_client Traceback (most recent call last):
2018-01-19 12:55:39.249 34 ERROR networking_odl.common.websocket_client   File "/usr/lib/python2.7/site-packages/networking_odl/common/websocket_client.py", line 238, in _socket_create_connection
2018-01-19 12:55:39.249 34 ERROR networking_odl.common.websocket_client     timeout=self.timeout)
2018-01-19 12:55:39.249 34 ERROR networking_odl.common.websocket_client   File "/usr/lib/python2.7/site-packages/websocket/_core.py", line 104, in create_connection
2018-01-19 12:55:39.249 34 ERROR networking_odl.common.websocket_client     websock.connect(url, **options)
2018-01-19 12:55:39.249 34 ERROR networking_odl.common.websocket_client   File "/usr/lib/python2.7/site-packages/websocket/_core.py", line 269, in connect
2018-01-19 12:55:39.249 34 ERROR networking_odl.common.websocket_client     self.handshake_response = handshake(self.sock, *addrs, **options)
