      "name" : "tenant_subnet",
      "network_id" : "c73a515b-396d-4d09-a766-dfd7c5abb103",
      "ip_version" : 4,
      "cidr" : "192.168.13.0/24",
      "gateway_ip" : "192.168.13.1",
      "dns_nameservers" : [ ],
      "allocation_pools" : [ {
         "start" : "192.168.13.10",
         "end" : "192.168.13.200"
      } ],
      "host_routes" : [ ],
      "enable_dhcp" : true,
      "ipv6_address_mode" : null,
      "ipv6_ra_mode" : null
   }
}) _check_response /usr/lib/python2.7/site-packages/networking_odl/common/client.py:143
2018-01-19 12:50:24.000 26 DEBUG neutron_lib.callbacks.manager [req-2eb57b25-011b-4057-8696-db2d1c2d58ea - - - - -] Notify callbacks [] for subnet, before_complete _notify_loop /usr/lib/python2.7/site-packages/neutron_lib/callbacks/manager.py:167
2018-01-19 12:50:24.015 26 INFO neutron.wsgi [req-afdc2d53-a0e0-4639-a1e9-51e8d878a03e 77bb33d65a5a47a986e87b8871e48683 41b3b94238dd4786b4eab03e982c1c07 - default default] 192.168.11.1,192.168.11.10 "POST /v2.0/subnets HTTP/1.1" status: 201  len: 808 time: 0.8348410
2018-01-19 12:50:24.053 26 DEBUG networking_odl.journal.journal [req-2eb57b25-011b-4057-8696-db2d1c2d58ea - - - - -] Finished processing journal entries sync_pending_entries /usr/lib/python2.7/site-packages/networking_odl/journal/journal.py:225
2018-01-19 12:50:28.155 35 DEBUG networking_odl.journal.journal [req-5bb693c8-34e9-42e6-b307-3c5a599ddf38 - - - - -] Start processing journal entries sync_pending_entries /usr/lib/python2.7/site-packages/networking_odl/journal/journal.py:212
2018-01-19 12:50:28.178 35 DEBUG networking_odl.journal.journal [req-5bb693c8-34e9-42e6-b307-3c5a599ddf38 - - - - -] No journal entries to process sync_pending_entries /usr/lib/python2.7/site-packages/networking_odl/journal/journal.py:216
2018-01-19 12:50:32.890 24 DEBUG neutron.wsgi [-] (24) accepted ('192.168.11.10', 31368) server /usr/lib/python2.7/site-packages/eventlet/wsgi.py:883
2018-01-19 12:50:32.896 24 WARNING keystonemiddleware.auth_token [-] A valid token was submitted as a service token, but it was not a valid service token. This is incorrect but backwards compatible behaviour. This will be removed in future releases.
2018-01-19 12:50:32.992 24 INFO neutron.wsgi [req-20cc300e-d3d1-4e03-948a-47eed84ea73e 77bb33d65a5a47a986e87b8871e48683 41b3b94238dd4786b4eab03e982c1c07 - default default] 192.168.11.12,192.168.11.10 "GET /v2.0/ports?fields=id&tenant_id=41b3b94238dd4786b4eab03e982c1c07 HTTP/1.1" status: 200  len: 231 time: 0.1009982
2018-01-19 12:50:36.287 24 DEBUG neutron.wsgi [-] (24) accepted ('192.168.11.10', 31636) server /usr/lib/python2.7/site-packages/eventlet/wsgi.py:883
2018-01-19 12:50:36.557 24 DEBUG neutron.pecan_wsgi.hooks.policy_enforcement [req-507f4057-30b5-4561-80ee-3e8c14276d8c 77bb33d65a5a47a986e87b8871e48683 41b3b94238dd4786b4eab03e982c1c07 - default default] Attributes excluded by policy engine: [u'vlan_transparent'] _exclude_attributes_by_policy /usr/lib/python2.7/site-packages/neutron/pecan_wsgi/hooks/policy_enforcement.py:256
2018-01-19 12:50:36.559 24 INFO neutron.wsgi [req-507f4057-30b5-4561-80ee-3e8c14276d8c 77bb33d65a5a47a986e87b8871e48683 41b3b94238dd4786b4eab03e982c1c07 - default default] 192.168.11.13,192.168.11.10 "GET /v2.0/networks?id=c73a515b-396d-4d09-a766-dfd7c5abb103 HTTP/1.1" status: 200  len: 841 time: 0.2711160
2018-01-19 12:50:37.338 7 INFO networking_odl.journal.periodic_task [req-bd85f1db-ae19-4fe3-b98a-47c7d5fa756e - - - - -] Starting maintenance periodic task.
2018-01-19 12:50:37.345 7 INFO networking_odl.journal.periodic_task [req-bd85f1db-ae19-4fe3-b98a-47c7d5fa756e - - - - -] Periodic maintenance task executed after periodic interval Skipping execution.
2018-01-19 12:50:37.998 37 DEBUG neutron.db.agents_db [req-31771abe-72f9-4c7a-8864-74864eb385e1 - - - - -] Agent healthcheck: found 11 active agents agent_health_check /usr/lib/python2.7/site-packages/neutron/db/agents_db.py:281
2018-01-19 12:50:38.165 35 DEBUG networking_odl.journal.journal [req-5bb693c8-34e9-42e6-b307-3c5a599ddf38 - - - - -] Start processing journal entries sync_pending_entries /usr/lib/python2.7/site-packages/networking_odl/journal/journal.py:212
2018-01-19 12:50:38.180 36 INFO networking_odl.journal.periodic_task [req-0b8e8ecf-dd60-42e2-8fa9-5f59204bf880 - - - - -] Starting hostconfig periodic task.
2018-01-19 12:50:38.188 36 INFO networking_odl.journal.periodic_task [req-0b8e8ecf-dd60-42e2-8fa9-5f59204bf880 - - - - -] Periodic hostconfig task executed after periodic interval Skipping execution.
2018-01-19 12:50:38.224 35 INFO networking_odl.journal.journal [req-5bb693c8-34e9-42e6-b307-3c5a599ddf38 - - - - -] Processing - create port 8175ffb7-1625-4088-9df1-3ec23d227e02
2018-01-19 12:50:38.225 35 DEBUG networking_odl.common.client [req-5bb693c8-34e9-42e6-b307-3c5a599ddf38 - - - - -] Sending METHOD (post) URL (http://192.168.11.20:8087/controller/nb/v2/neutron/ports) JSON ({
  "port": {
    "port_security_enabled": true, 
    "binding:host_id": "", 
    "name": "", 
    "allowed_address_pairs": [], 
    "admin_state_up": true, 
    "network_id": "c73a515b-396d-4d09-a766-dfd7c5abb103", 
    "tenant_id": "41b3b94238dd4786b4eab03e982c1c07", 
    "binding:vif_details": {}, 
    "binding:vnic_type": "normal", 
    "binding:vif_type": "unbound", 
    "device_owner": "", 
    "mac_address": "fa:16:3e:57:70:b9", 
    "binding:profile": {}, 
    "project_id": "41b3b94238dd4786b4eab03e982c1c07", 
    "fixed_ips": [
      {
        "subnet_id": "2fc6ede5-e234-497d-bab9-1e78b0251938", 
        "ip_address": "192.168.13.17"
      }
    ], 
    "id": "8175ffb7-1625-4088-9df1-3ec23d227e02", 
    "security_groups": [
      {
        "id": "4ae14d65-fde9-4fd0-8cbf-9b1b234c77ec"
      }
    ], 
    "device_id": "a286d2a0-8dbb-404b-9332-0cc647a784e2"
  }
}) request /usr/lib/python2.7/site-packages/networking_odl/common/client.py:89
2018-01-19 12:50:38.328 26 DEBUG neutron.wsgi [-] (26) accepted ('192.168.11.10', 31770) server /usr/lib/python2.7/site-packages/eventlet/wsgi.py:883
2018-01-19 12:50:38.342 26 DEBUG neutron.wsgi [req-a39388c2-585a-4290-842e-72558945f326 77bb33d65a5a47a986e87b8871e48683 41b3b94238dd4786b4eab03e982c1c07 - default default] http://192.168.11.20:9696/v2.0/extensions returned with HTTP 200 __call__ /usr/lib/python2.7/site-packages/neutron/wsgi.py:715
2018-01-19 12:50:38.345 26 INFO neutron.wsgi [req-a39388c2-585a-4290-842e-72558945f326 77bb33d65a5a47a986e87b8871e48683 41b3b94238dd4786b4eab03e982c1c07 - default default] 192.168.11.13,192.168.11.10 "GET /v2.0/extensions HTTP/1.1" status: 200  len: 7712 time: 0.0161898
2018-01-19 12:50:38.361 35 DEBUG networking_odl.common.client [req-5bb693c8-34e9-42e6-b307-3c5a599ddf38 - - - - -] Got response:
({
   "port" : {
      "id" : "8175ffb7-1625-4088-9df1-3ec23d227e02",
      "tenant_id" : "41b3b94238dd4786b4eab03e982c1c07",
      "project_id" : "41b3b94238dd4786b4eab03e982c1c07",
      "name" : "",
      "admin_state_up" : true,
      "status" : "ACTIVE",
      "network_id" : "c73a515b-396d-4d09-a766-dfd7c5abb103",
      "mac_address" : "fa:16:3e:57:70:b9",
      "fixed_ips" : [ {
         "ip_address" : "192.168.13.17",
         "subnet_id" : "2fc6ede5-e234-497d-bab9-1e78b0251938"
      } ],
      "device_id" : "a286d2a0-8dbb-404b-9332-0cc647a784e2",
      "device_owner" : "",
      "security_groups" : [ {
         "id" : "4ae14d65-fde9-4fd0-8cbf-9b1b234c77ec"
      } ],
      "allowed_address_pairs" : [ ],
      "binding:host_id" : "",
      "binding:vnic_type" : "normal",
      "binding:vif_type" : "unbound",
      "Map" : {
      },
      "port_security_enabled" : true
   }
}) _check_response /usr/lib/python2.7/site-packages/networking_odl/common/client.py:143
2018-01-19 12:50:38.361 35 DEBUG neutron_lib.callbacks.manager [req-5bb693c8-34e9-42e6-b307-3c5a599ddf38 - - - - -] Notify callbacks [] for port, before_complete _notify_loop /usr/lib/python2.7/site-packages/neutron_lib/callbacks/manager.py:167
2018-01-19 12:50:38.407 35 DEBUG networking_odl.journal.journal [req-5bb693c8-34e9-42e6-b307-3c5a599ddf38 - - - - -] Finished processing journal entries sync_pending_entries /usr/lib/python2.7/site-packages/networking_odl/journal/journal.py:225
2018-01-19 12:50:38.753 34 DEBUG networking_odl.common.client [-] Sending METHOD (post) URL (http://192.168.11.20:8087/restconf/operations/sal-remote:create-data-change-event-subscription) JSON ({
  "input": {
    "path": "/neutron:neutron/neutron:ports", 
    "sal-remote-augment:notification-output-type": "JSON", 
    "sal-remote-augment:datastore": "OPERATIONAL", 
    "sal-remote-augment:scope": "SUBTREE"
  }
}) request /usr/lib/python2.7/site-packages/networking_odl/common/client.py:89
2018-01-19 12:50:38.762 34 DEBUG networking_odl.common.client [-] Got response:
({"output":{"stream-name":"data-change-event-subscription/neutron:neutron/neutron:ports/datastore=OPERATIONAL/scope=SUBTREE"}}) _check_response /usr/lib/python2.7/site-packages/networking_odl/common/client.py:143
2018-01-19 12:50:38.762 34 DEBUG networking_odl.common.client [-] Sending METHOD (get) URL (http://192.168.11.20:8087/restconf/streams/stream/data-change-event-subscription/neutron:neutron/neutron:ports/datastore=OPERATIONAL/scope=SUBTREE?odl-leaf-nodes-only=true) JSON (None) request /usr/lib/python2.7/site-packages/networking_odl/common/client.py:89
2018-01-19 12:50:38.768 34 DEBUG networking_odl.common.websocket_client [-] websocket stream URL: ws://192.168.11.20:8185/data-change-event-subscription/neutron:neutron/neutron:ports/datastore=OPERATIONAL/scope=SUBTREE _subscribe_websocket /usr/lib/python2.7/site-packages/networking_odl/common/websocket_client.py:210
2018-01-19 12:50:38.772 34 ERROR networking_odl.common.websocket_client [-] webSocket bad status exception: WebSocketBadStatusException: Handshake status 500
2018-01-19 12:50:38.772 34 ERROR networking_odl.common.websocket_client Traceback (most recent call last):
2018-01-19 12:50:38.772 34 ERROR networking_odl.common.websocket_client   File "/usr/lib/python2.7/site-packages/networking_odl/common/websocket_client.py", line 238, in _socket_create_connection
2018-01-19 12:50:38.772 34 ERROR networking_odl.common.websocket_client     timeout=self.timeout)
2018-01-19 12:50:38.772 34 ERROR networking_odl.common.websocket_client   File "/usr/lib/python2.7/site-packages/websocket/_core.py", line 104, in create_connection
2018-01-19 12:50:38.772 34 ERROR networking_odl.common.websocket_client     websock.connect(url, **options)
2018-01-19 12:50:38.772 34 ERROR networking_odl.common.websocket_client   File "/usr/lib/python2.7/site-packages/websocket/_core.py", line 269, in connect
2018-01-19 12:50:38.772 34 ERROR networking_odl.common.websocket_client     self.handshake_response = handshake(self.sock, *addrs, **options)
2018-01-19 12:50:38.772 34 ERROR networking_odl.common.websocket_client   File "/usr/lib/python2.7/site-packages/websocket/_handshake.py", line 67, in handshake
2018-01-19 12:50:38.772 34 ERROR networking_odl.common.websocket_client     status, resp = _get_resp_headers(sock)
2018-01-19 12:50:38.772 34 ERROR networking_odl.common.websocket_client   File "/usr/lib/python2.7/site-packages/websocket/_handshake.py", line 123, in _get_resp_headers
2018-01-19 12:50:38.772 34 ERROR networking_odl.common.websocket_client     raise WebSocketBadStatusException("Handshake status %d", status)
2018-01-19 12:50:38.772 34 ERROR networking_odl.common.websocket_client WebSocketBadStatusException: Handshake status 500
2018-01-19 12:50:38.772 34 ERROR networking_odl.common.websocket_client 
2018-01-19 12:50:39.825 24 DEBUG neutron.wsgi [-] (24) accepted ('192.168.11.10', 31884) server /usr/lib/python2.7/site-packages/eventlet/wsgi.py:883
2018-01-19 12:50:39.912 24 INFO neutron.wsgi [req-ebf41927-5821-4ef8-aabb-4f201d671afe 77bb33d65a5a47a986e87b8871e48683 41b3b94238dd4786b4eab03e982c1c07 - default default] 192.168.11.14,192.168.11.10 "GET /v2.0/security-groups?id=4ae14d65-fde9-4fd0-8cbf-9b1b234c77ec HTTP/1.1" status: 200  len: 3621 time: 0.0854759
2018-01-19 12:50:41.055 31 DEBUG neutron_lib.callbacks.manager [req-f93ed3d3-3b03-4fac-9fd9-7c4ba04854cc - - - - -] Notify callbacks ['neutron.services.segments.db._update_segment_host_mapping_for_agent--9223372036849199845'] for agent, after_update _notify_loop /usr/lib/python2.7/site-packages/neutron_lib/callbacks/manager.py:167
2018-01-19 12:50:41.289 26 DEBUG neutron.wsgi [-] (26) accepted ('192.168.11.10', 31982) server /usr/lib/python2.7/site-packages/eventlet/wsgi.py:883
2018-01-19 12:50:41.370 26 DEBUG neutron.pecan_wsgi.hooks.policy_enforcement [req-9cc5eb25-516a-4625-b343-375161317d91 368d3ee3756949bf8f4253ff791944f7 0c6cac41332f46408b68babb2f3282a4 - default default] Attributes excluded by policy engine: [u'shared'] _exclude_attributes_by_policy /usr/lib/python2.7/site-packages/neutron/pecan_wsgi/hooks/policy_enforcement.py:256
2018-01-19 12:50:41.372 26 INFO neutron.wsgi [req-9cc5eb25-516a-4625-b343-375161317d91 368d3ee3756949bf8f4253ff791944f7 0c6cac41332f46408b68babb2f3282a4 - default default] 192.168.11.13,192.168.11.10 "GET /v2.0/subnets?id=2fc6ede5-e234-497d-bab9-1e78b0251938 HTTP/1.1" status: 200  len: 803 time: 0.0810351
2018-01-19 12:50:41.641 33 DEBUG neutron_lib.callbacks.manager [req-cdb8aff2-9f55-46eb-9bee-a5f3f1a1a6da - - - - -] Notify callbacks ['neutron.services.segments.db._update_segment_host_mapping_for_agent--9223372036849199845'] for agent, after_update _notify_loop /usr/lib/python2.7/site-packages/neutron_lib/callbacks/manager.py:167
2018-01-19 12:50:41.843 24 DEBUG neutron.wsgi [-] (24) accepted ('192.168.11.10', 32052) server /usr/lib/python2.7/site-packages/eventlet/wsgi.py:883
2018-01-19 12:50:41.978 24 DEBUG neutron.pecan_wsgi.hooks.policy_enforcement [req-6ac97a7c-f8af-4063-9960-208730b09c72 368d3ee3756949bf8f4253ff791944f7 0c6cac41332f46408b68babb2f3282a4 - default default] Attributes excluded by policy engine: [u'vlan_transparent'] _exclude_attributes_by_policy /usr/lib/python2.7/site-packages/neutron/pecan_wsgi/hooks/policy_enforcement.py:256
2018-01-19 12:50:41.980 24 INFO neutron.wsgi [req-6ac97a7c-f8af-4063-9960-208730b09c72 368d3ee3756949bf8f4253ff791944f7 0c6cac41332f46408b68babb2f3282a4 - default default] 192.168.11.13,192.168.11.10 "GET /v2.0/networks?id=c73a515b-396d-4d09-a766-dfd7c5abb103 HTTP/1.1" status: 200  len: 841 time: 0.1357970
2018-01-19 12:50:42.031 24 DEBUG neutron.wsgi [-] (24) accepted ('192.168.11.10', 32076) server /usr/lib/python2.7/site-packages/eventlet/wsgi.py:883
2018-01-19 12:50:42.095 32 DEBUG neutron_lib.callbacks.manager [req-197df596-1b81-4b11-957e-0f5de50e89e2 - - - - -] Notify callbacks ['neutron.services.segments.db._update_segment_host_mapping_for_agent--9223372036849199845'] for agent, after_update _notify_loop /usr/lib/python2.7/site-packages/neutron_lib/callbacks/manager.py:167
2018-01-19 12:50:42.114 24 INFO neutron.wsgi [req-102c4196-2ef8-4876-9dcf-bad5091eb2af 77bb33d65a5a47a986e87b8871e48683 41b3b94238dd4786b4eab03e982c1c07 - default default] 192.168.11.20,192.168.11.10 "GET /v2.0/security-groups?id=4ae14d65-fde9-4fd0-8cbf-9b1b234c77ec HTTP/1.1" status: 200  len: 3621 time: 0.0818920
2018-01-19 12:50:44.100 26 DEBUG neutron.wsgi [-] (26) accepted ('192.168.11.10', 32200) server /usr/lib/python2.7/site-packages/eventlet/wsgi.py:883
2018-01-19 12:50:44.170 26 WARNING keystonemiddleware.auth_token [-] A valid token was submitted as a service token, but it was not a valid service token. This is incorrect but backwards compatible behaviour. This will be removed in future releases.
2018-01-19 12:50:44.256 26 INFO neutron.wsgi [req-d7d4e38c-1ffd-4ddd-8847-ba05a0fc4c3b 77bb33d65a5a47a986e87b8871e48683 41b3b94238dd4786b4eab03e982c1c07 - default default] 192.168.11.14,192.168.11.10 "GET /v2.0/ports?device_id=a286d2a0-8dbb-404b-9332-0cc647a784e2 HTTP/1.1" status: 200  len: 1032 time: 0.1543241
2018-01-19 12:50:45.447 29 DEBUG neutron_lib.callbacks.manager [req-b7b23549-7e03-4758-ab7b-33147a9d2991 - - - - -] Notify callbacks ['neutron.services.segments.db._update_segment_host_mapping_for_agent--9223372036849199845'] for agent, after_update _notify_loop /usr/lib/python2.7/site-packages/neutron_lib/callbacks/manager.py:167
2018-01-19 12:50:45.917 28 DEBUG neutron_lib.callbacks.manager [req-7ec4d5a6-04d9-4430-999e-52726b00711c - - - - -] Notify callbacks ['neutron.services.segments.db._update_segment_host_mapping_for_agent--9223372036849199845'] for agent, after_update _notify_loop /usr/lib/python2.7/site-packages/neutron_lib/callbacks/manager.py:167
2018-01-19 12:50:46.284 30 DEBUG neutron_lib.callbacks.manager [req-5f7a02ef-b520-4ae3-8fcf-0e11e8af659d - - - - -] Notify callbacks ['neutron.services.segments.db._update_segment_host_mapping_for_agent--9223372036849199845'] for agent, after_update _notify_loop /usr/lib/python2.7/site-packages/neutron_lib/callbacks/manager.py:167
2018-01-19 12:50:46.510 26 DEBUG neutron.wsgi [-] (26) accepted ('192.168.11.10', 32372) server /usr/lib/python2.7/site-packages/eventlet/wsgi.py:883
2018-01-19 12:50:46.590 26 DEBUG neutron.quota.resource [req-aa1fb666-7d3e-4768-8425-4ef5dce72199 77bb33d65a5a47a986e87b8871e48683 41b3b94238dd4786b4eab03e982c1c07 - default default] Synchronizing usage tracker for tenant:41b3b94238dd4786b4eab03e982c1c07 on resource:security_group resync /usr/lib/python2.7/site-packages/neutron/quota/resource.py:245
2018-01-19 12:50:46.639 26 DEBUG neutron.quota.resource [req-aa1fb666-7d3e-4768-8425-4ef5dce72199 77bb33d65a5a47a986e87b8871e48683 41b3b94238dd4786b4eab03e982c1c07 - default default] Unset dirty status for tenant:41b3b94238dd4786b4eab03e982c1c07 on resource:security_group _resync /usr/lib/python2.7/site-packages/neutron/quota/resource.py:237
2018-01-19 12:50:46.641 26 INFO neutron.wsgi [req-aa1fb666-7d3e-4768-8425-4ef5dce72199 77bb33d65a5a47a986e87b8871e48683 41b3b94238dd4786b4eab03e982c1c07 - default default] 192.168.11.20,192.168.11.10 "GET /v2.0/security-groups?id=4ae14d65-fde9-4fd0-8cbf-9b1b234c77ec HTTP/1.1" status: 200  len: 3621 time: 0.1290240
2018-01-19 12:50:48.175 35 DEBUG networking_odl.journal.journal [req-5bb693c8-34e9-42e6-b307-3c5a599ddf38 - - - - -] Start processing journal entries sync_pending_entries /usr/lib/python2.7/site-packages/networking_odl/journal/journal.py:212
2018-01-19 12:50:48.197 35 DEBUG networking_odl.journal.journal [req-5bb693c8-34e9-42e6-b307-3c5a599ddf38 - - - - -] No journal entries to process sync_pending_entries /usr/lib/python2.7/site-packages/networking_odl/journal/journal.py:216
2018-01-19 12:50:50.762 27 DEBUG neutron.wsgi [-] (27) accepted ('192.168.11.10', 32616) server /usr/lib/python2.7/site-packages/eventlet/wsgi.py:883
2018-01-19 12:50:50.773 27 WARNING keystonemiddleware.auth_token [-] A valid token was submitted as a service token, but it was not a valid service token. This is incorrect but backwards compatible behaviour. This will be removed in future releases.
2018-01-19 12:50:50.777 27 DEBUG oslo_policy._cache_handler [req-47d908ed-019c-4ca3-9e23-7f804ce8d611 77bb33d65a5a47a986e87b8871e48683 41b3b94238dd4786b4eab03e982c1c07 - default default] Reloading cached file /etc/neutron/policy.json read_cached_file /usr/lib/python2.7/site-packages/oslo_policy/_cache_handler.py:40
2018-01-19 12:50:50.796 27 DEBUG oslo_policy.policy [req-47d908ed-019c-4ca3-9e23-7f804ce8d611 77bb33d65a5a47a986e87b8871e48683 41b3b94238dd4786b4eab03e982c1c07 - default default] Reloaded policy file: /etc/neutron/policy.json _load_policy_file /usr/lib/python2.7/site-packages/oslo_policy/policy.py:681
2018-01-19 12:50:50.796 27 DEBUG oslo_policy._cache_handler [req-47d908ed-019c-4ca3-9e23-7f804ce8d611 77bb33d65a5a47a986e87b8871e48683 41b3b94238dd4786b4eab03e982c1c07 - default default] Reloading cached file /etc/neutron/policy.d/bgpvpn.conf read_cached_file /usr/lib/python2.7/site-packages/oslo_policy/_cache_handler.py:40
2018-01-19 12:50:50.800 27 DEBUG oslo_policy.policy [req-47d908ed-019c-4ca3-9e23-7f804ce8d611 77bb33d65a5a47a986e87b8871e48683 41b3b94238dd4786b4eab03e982c1c07 - default default] Reloaded policy file: /etc/neutron/policy.d/bgpvpn.conf _load_policy_file /usr/lib/python2.7/site-packages/oslo_policy/policy.py:681
2018-01-19 12:50:51.096 27 DEBUG oslo_policy._cache_handler [req-47d908ed-019c-4ca3-9e23-7f804ce8d611 77bb33d65a5a47a986e87b8871e48683 41b3b94238dd4786b4eab03e982c1c07 - default default] Reloading cached file /etc/neutron/policy.json read_cached_file /usr/lib/python2.7/site-packages/oslo_policy/_cache_handler.py:40
2018-01-19 12:50:51.117 27 DEBUG oslo_policy.policy [req-47d908ed-019c-4ca3-9e23-7f804ce8d611 77bb33d65a5a47a986e87b8871e48683 41b3b94238dd4786b4eab03e982c1c07 - default default] Reloaded policy file: /etc/neutron/policy.json _load_policy_file /usr/lib/python2.7/site-packages/oslo_policy/policy.py:681
2018-01-19 12:50:51.118 27 DEBUG oslo_policy._cache_handler [req-47d908ed-019c-4ca3-9e23-7f804ce8d611 77bb33d65a5a47a986e87b8871e48683 41b3b94238dd4786b4eab03e982c1c07 - default default] Reloading cached file /etc/neutron/policy.d/bgpvpn.conf read_cached_file /usr/lib/python2.7/site-packages/oslo_policy/_cache_handler.py:40
2018-01-19 12:50:51.122 27 DEBUG oslo_policy.policy [req-47d908ed-019c-4ca3-9e23-7f804ce8d611 77bb33d65a5a47a986e87b8871e48683 41b3b94238dd4786b4eab03e982c1c07 - default default] Reloaded policy file: /etc/neutron/policy.d/bgpvpn.conf _load_policy_file /usr/lib/python2.7/site-packages/oslo_policy/policy.py:681
2018-01-19 12:50:51.130 27 INFO neutron.wsgi [req-47d908ed-019c-4ca3-9e23-7f804ce8d611 77bb33d65a5a47a986e87b8871e48683 41b3b94238dd4786b4eab03e982c1c07 - default default] 192.168.11.14,192.168.11.10 "GET /v2.0/ports?device_id=a286d2a0-8dbb-404b-9332-0cc647a784e2 HTTP/1.1" status: 200  len: 1032 time: 0.3663189
2018-01-19 12:50:52.420 24 DEBUG neutron.wsgi [-] (24) accepted ('192.168.11.10', 32722) server /usr/lib/python2.7/site-packages/eventlet/wsgi.py:883
2018-01-19 12:50:52.509 24 INFO neutron.wsgi [req-c43698c3-0836-4143-80ca-ccab57fcec20 77bb33d65a5a47a986e87b8871e48683 41b3b94238dd4786b4eab03e982c1c07 - default default] 192.168.11.20,192.168.11.10 "GET /v2.0/security-groups?id=4ae14d65-fde9-4fd0-8cbf-9b1b234c77ec HTTP/1.1" status: 200  len: 3621 time: 0.0869670
2018-01-19 12:50:54.978 27 DEBUG neutron.wsgi [-] (27) accepted ('192.168.11.10', 32852) server /usr/lib/python2.7/site-packages/eventlet/wsgi.py:883
2018-01-19 12:50:55.059 27 INFO neutron.wsgi [req-2e2f0538-ed61-4dfe-876b-166a9cd6e2f4 77bb33d65a5a47a986e87b8871e48683 41b3b94238dd4786b4eab03e982c1c07 - default default] 192.168.11.14,192.168.11.10 "GET /v2.0/ports?device_id=a286d2a0-8dbb-404b-9332-0cc647a784e2 HTTP/1.1" status: 200  len: 1032 time: 0.0802300
2018-01-19 12:50:56.332 24 DEBUG neutron.wsgi [-] (24) accepted ('192.168.11.10', 32952) server /usr/lib/python2.7/site-packages/eventlet/wsgi.py:883
2018-01-19 12:50:56.421 24 INFO neutron.wsgi [req-9c2f3f0f-3112-4701-b5de-43951d174823 77bb33d65a5a47a986e87b8871e48683 41b3b94238dd4786b4eab03e982c1c07 - default default] 192.168.11.20,192.168.11.10 "GET /v2.0/security-groups?id=4ae14d65-fde9-4fd0-8cbf-9b1b234c77ec HTTP/1.1" status: 200  len: 3621 time: 0.0874510
2018-01-19 12:50:58.185 35 DEBUG networking_odl.journal.journal [req-5bb693c8-34e9-42e6-b307-3c5a599ddf38 - - - - -] Start processing journal entries sync_pending_entries /usr/lib/python2.7/site-packages/networking_odl/journal/journal.py:212
2018-01-19 12:50:58.208 35 DEBUG networking_odl.journal.journal [req-5bb693c8-34e9-42e6-b307-3c5a599ddf38 - - - - -] No journal entries to process sync_pending_entries /usr/lib/python2.7/site-packages/networking_odl/journal/journal.py:216
2018-01-19 12:50:58.918 24 DEBUG neutron.wsgi [-] (24) accepted ('192.168.11.10', 33086) server /usr/lib/python2.7/site-packages/eventlet/wsgi.py:883
2018-01-19 12:50:59.006 24 INFO neutron.wsgi [req-64ab3f64-3cd7-4c86-8039-38199c4ba064 77bb33d65a5a47a986e87b8871e48683 41b3b94238dd4786b4eab03e982c1c07 - default default] 192.168.11.14,192.168.11.10 "GET /v2.0/ports?device_id=a286d2a0-8dbb-404b-9332-0cc647a784e2 HTTP/1.1" status: 200  len: 1032 time: 0.0878282
2018-01-19 12:51:00.324 24 DEBUG neutron.wsgi [-] (24) accepted ('192.168.11.10', 33180) server /usr/lib/python2.7/site-packages/eventlet/wsgi.py:883
2018-01-19 12:51:00.404 24 INFO neutron.wsgi [req-60d1a673-1653-465e-a020-d4639d38d2c0 77bb33d65a5a47a986e87b8871e48683 41b3b94238dd4786b4eab03e982c1c07 - default default] 192.168.11.20,192.168.11.10 "GET /v2.0/security-groups?id=4ae14d65-fde9-4fd0-8cbf-9b1b234c77ec HTTP/1.1" status: 200  len: 3621 time: 0.0785940
2018-01-19 12:51:03.530 26 DEBUG neutron.wsgi [-] (26) accepted ('192.168.11.10', 33366) server /usr/lib/python2.7/site-packages/eventlet/wsgi.py:883
2018-01-19 12:51:03.609 26 INFO neutron.wsgi [req-c61c8eed-fa78-49db-8fa6-f223143c70e6 77bb33d65a5a47a986e87b8871e48683 41b3b94238dd4786b4eab03e982c1c07 - default default] 192.168.11.14,192.168.11.10 "GET /v2.0/ports?device_id=a286d2a0-8dbb-404b-9332-0cc647a784e2 HTTP/1.1" status: 200  len: 1032 time: 0.0775599
2018-01-19 12:51:04.909 24 DEBUG neutron.wsgi [-] (24) accepted ('192.168.11.10', 33442) server /usr/lib/python2.7/site-packages/eventlet/wsgi.py:883
2018-01-19 12:51:05.015 24 INFO neutron.wsgi [req-9aeef44b-2fcd-400b-b264-5c74bfcb49bf 77bb33d65a5a47a986e87b8871e48683 41b3b94238dd4786b4eab03e982c1c07 - default default] 192.168.11.20,192.168.11.10 "GET /v2.0/security-groups?id=4ae14d65-fde9-4fd0-8cbf-9b1b234c77ec HTTP/1.1" status: 200  len: 3621 time: 0.1048658
2018-01-19 12:51:07.336 7 INFO networking_odl.journal.periodic_task [req-bd85f1db-ae19-4fe3-b98a-47c7d5fa756e - - - - -] Starting maintenance periodic task.
2018-01-19 12:51:07.347 7 INFO networking_odl.journal.periodic_task [req-bd85f1db-ae19-4fe3-b98a-47c7d5fa756e - - - - -] Periodic maintenance task executed after periodic interval Skipping execution.
2018-01-19 12:51:07.483 24 DEBUG neutron.wsgi [-] (24) accepted ('192.168.11.10', 33592) server /usr/lib/python2.7/site-packages/eventlet/wsgi.py:883
2018-01-19 12:51:07.553 24 INFO neutron.wsgi [req-9ef2e377-263d-4fe5-a1ad-90bed074fe25 77bb33d65a5a47a986e87b8871e48683 41b3b94238dd4786b4eab03e982c1c07 - default default] 192.168.11.14,192.168.11.10 "GET /v2.0/ports?device_id=a286d2a0-8dbb-404b-9332-0cc647a784e2 HTTP/1.1" status: 200  len: 1032 time: 0.0684490
2018-01-19 12:51:08.195 35 DEBUG networking_odl.journal.journal [req-5bb693c8-34e9-42e6-b307-3c5a599ddf38 - - - - -] Start processing journal entries sync_pending_entries /usr/lib/python2.7/site-packages/networking_odl/journal/journal.py:212
2018-01-19 12:51:08.213 35 DEBUG networking_odl.journal.journal [req-5bb693c8-34e9-42e6-b307-3c5a599ddf38 - - - - -] No journal entries to process sync_pending_entries /usr/lib/python2.7/site-packages/networking_odl/journal/journal.py:216
2018-01-19 12:51:08.213 36 INFO networking_odl.journal.periodic_task [req-0b8e8ecf-dd60-42e2-8fa9-5f59204bf880 - - - - -] Starting hostconfig periodic task.
2018-01-19 12:51:08.220 36 INFO networking_odl.journal.periodic_task [req-0b8e8ecf-dd60-42e2-8fa9-5f59204bf880 - - - - -] Periodic hostconfig task executed after periodic interval Skipping execution.
2018-01-19 12:51:08.792 34 DEBUG networking_odl.common.client [-] Sending METHOD (post) URL (http://192.168.11.20:8087/restconf/operations/sal-remote:create-data-change-event-subscription) JSON ({
  "input": {
    "path": "/neutron:neutron/neutron:ports", 
    "sal-remote-augment:notification-output-type": "JSON", 
    "sal-remote-augment:datastore": "OPERATIONAL", 
    "sal-remote-augment:scope": "SUBTREE"
  }
}) request /usr/lib/python2.7/site-packages/networking_odl/common/client.py:89
2018-01-19 12:51:08.806 34 DEBUG networking_odl.common.client [-] Got response:
({"output":{"stream-name":"data-change-event-subscription/neutron:neutron/neutron:ports/datastore=OPERATIONAL/scope=SUBTREE"}}) _check_response /usr/lib/python2.7/site-packages/networking_odl/common/client.py:143
2018-01-19 12:51:08.807 34 DEBUG networking_odl.common.client [-] Sending METHOD (get) URL (http://192.168.11.20:8087/restconf/streams/stream/data-change-event-subscription/neutron:neutron/neutron:ports/datastore=OPERATIONAL/scope=SUBTREE?odl-leaf-nodes-only=true) JSON (None) request /usr/lib/python2.7/site-packages/networking_odl/common/client.py:89
2018-01-19 12:51:08.816 34 DEBUG networking_odl.common.websocket_client [-] websocket stream URL: ws://192.168.11.20:8185/data-change-event-subscription/neutron:neutron/neutron:ports/datastore=OPERATIONAL/scope=SUBTREE _subscribe_websocket /usr/lib/python2.7/site-packages/networking_odl/common/websocket_client.py:210
2018-01-19 12:51:08.822 34 ERROR networking_odl.common.websocket_client [-] webSocket bad status exception: WebSocketBadStatusException: Handshake status 500
2018-01-19 12:51:08.822 34 ERROR networking_odl.common.websocket_client Traceback (most recent call last):
2018-01-19 12:51:08.822 34 ERROR networking_odl.common.websocket_client   File "/usr/lib/python2.7/site-packages/networking_odl/common/websocket_client.py", line 238, in _socket_create_connection
2018-01-19 12:51:08.822 34 ERROR networking_odl.common.websocket_client     timeout=self.timeout)
2018-01-19 12:51:08.822 34 ERROR networking_odl.common.websocket_client   File "/usr/lib/python2.7/site-packages/websocket/_core.py", line 104, in create_connection
2018-01-19 12:51:08.822 34 ERROR networking_odl.common.websocket_client     websock.connect(url, **options)
2018-01-19 12:51:08.822 34 ERROR networking_odl.common.websocket_client   File "/usr/lib/python2.7/site-packages/websocket/_core.py", line 269, in connect
2018-01-19 12:51:08.822 34 ERROR networking_odl.common.websocket_client     self.handshake_response = handshake(self.sock, *addrs, **options)
2018-01-19 12:51:08.822 34 ERROR networking_odl.common.websocket_client   File "/usr/lib/python2.7/site-packages/websocket/_handshake.py", line 67, in handshake
2018-01-19 12:51:08.822 34 ERROR networking_odl.common.websocket_client     status, resp = _get_resp_headers(sock)
2018-01-19 12:51:08.822 34 ERROR networking_odl.common.websocket_client   File "/usr/lib/python2.7/site-packages/websocket/_handshake.py", line 123, in _get_resp_headers
2018-01-19 12:51:08.822 34 ERROR networking_odl.common.websocket_client     raise WebSocketBadStatusException("Handshake status %d", status)
2018-01-19 12:51:08.822 34 ERROR networking_odl.common.websocket_client WebSocketBadStatusException: Handshake status 500
2018-01-19 12:51:08.822 34 ERROR networking_odl.common.websocket_client 
2018-01-19 12:51:08.860 26 DEBUG neutron.wsgi [-] (26) accepted ('192.168.11.10', 33678) server /usr/lib/python2.7/site-packages/eventlet/wsgi.py:883
2018-01-19 12:51:08.961 26 INFO neutron.wsgi [req-cd13692f-59b5-4ec9-aea6-c9505ed4973b 77bb33d65a5a47a986e87b8871e48683 41b3b94238dd4786b4eab03e982c1c07 - default default] 192.168.11.20,192.168.11.10 "GET /v2.0/security-groups?id=4ae14d65-fde9-4fd0-8cbf-9b1b234c77ec HTTP/1.1" status: 200  len: 3621 time: 0.0998170
2018-01-19 12:51:11.401 26 DEBUG neutron.wsgi [-] (26) accepted ('192.168.11.10', 33842) server /usr/lib/python2.7/site-packages/eventlet/wsgi.py:883
2018-01-19 12:51:11.477 26 INFO neutron.wsgi [req-e26d5e50-d626-432f-8e7e-f5f47e0dd918 77bb33d65a5a47a986e87b8871e48683 41b3b94238dd4786b4eab03e982c1c07 - default default] 192.168.11.14,192.168.11.10 "GET /v2.0/ports?device_id=a286d2a0-8dbb-404b-9332-0cc647a784e2 HTTP/1.1" status: 200  len: 1032 time: 0.0747759
2018-01-19 12:51:12.786 26 DEBUG neutron.wsgi [-] (26) accepted ('192.168.11.10', 33934) server /usr/lib/python2.7/site-packages/eventlet/wsgi.py:883
2018-01-19 12:51:12.990 26 INFO neutron.wsgi [req-bc2abee1-eab3-44c7-865d-51f04382d501 77bb33d65a5a47a986e87b8871e48683 41b3b94238dd4786b4eab03e982c1c07 - default default] 192.168.11.20,192.168.11.10 "GET /v2.0/security-groups?id=4ae14d65-fde9-4fd0-8cbf-9b1b234c77ec HTTP/1.1" status: 200  len: 3621 time: 0.2030900
2018-01-19 12:51:15.006 37 DEBUG neutron.db.agents_db [req-31771abe-72f9-4c7a-8864-74864eb385e1 - - - - -] Agent healthcheck: found 11 active agents agent_health_check /usr/lib/python2.7/site-packages/neutron/db/agents_db.py:281
2018-01-19 12:51:15.452 24 DEBUG neutron.wsgi [-] (24) accepted ('192.168.11.10', 34082) server /usr/lib/python2.7/site-packages/eventlet/wsgi.py:883
2018-01-19 12:51:15.534 24 INFO neutron.wsgi [req-3651dcda-d358-449a-8508-7aebff4d692c 77bb33d65a5a47a986e87b8871e48683 41b3b94238dd4786b4eab03e982c1c07 - default default] 192.168.11.14,192.168.11.10 "GET /v2.0/ports?device_id=a286d2a0-8dbb-404b-9332-0cc647a784e2 HTTP/1.1" status: 200  len: 1032 time: 0.0808601
2018-01-19 12:51:16.816 26 DEBUG neutron.wsgi [-] (26) accepted ('192.168.11.10', 34166) server /usr/lib/python2.7/site-packages/eventlet/wsgi.py:883
2018-01-19 12:51:16.908 26 INFO neutron.wsgi [req-e74be139-0dfd-4076-935c-bbb93a66314e 77bb33d65a5a47a986e87b8871e48683 41b3b94238dd4786b4eab03e982c1c07 - default default] 192.168.11.20,192.168.11.10 "GET /v2.0/security-groups?id=4ae14d65-fde9-4fd0-8cbf-9b1b234c77ec HTTP/1.1" status: 200  len: 3621 time: 0.0897770
2018-01-19 12:51:18.205 35 DEBUG networking_odl.journal.journal [req-5bb693c8-34e9-42e6-b307-3c5a599ddf38 - - - - -] Start processing journal entries sync_pending_entries /usr/lib/python2.7/site-packages/networking_odl/journal/journal.py:212
2018-01-19 12:51:18.226 35 DEBUG networking_odl.journal.journal [req-5bb693c8-34e9-42e6-b307-3c5a599ddf38 - - - - -] No journal entries to process sync_pending_entries /usr/lib/python2.7/site-packages/networking_odl/journal/journal.py:216
2018-01-19 12:51:21.250 26 DEBUG neutron.wsgi [-] (26) accepted ('192.168.11.10', 34422) server /usr/lib/python2.7/site-packages/eventlet/wsgi.py:883
2018-01-19 12:51:21.382 26 INFO neutron.wsgi [req-559eeaed-3775-46b5-8cfc-af806885f6fb 77bb33d65a5a47a986e87b8871e48683 41b3b94238dd4786b4eab03e982c1c07 - default default] 192.168.11.14,192.168.11.10 "GET /v2.0/ports?device_id=a286d2a0-8dbb-404b-9332-0cc647a784e2 HTTP/1.1" status: 200  len: 1032 time: 0.1301141
2018-01-19 12:51:22.681 27 DEBUG neutron.wsgi [-] (27) accepted ('192.168.11.10', 34516) server /usr/lib/python2.7/site-packages/eventlet/wsgi.py:883
2018-01-19 12:51:22.775 27 INFO neutron.wsgi [req-9ac48fa9-fbfa-4254-92c8-a2051a692c9d 77bb33d65a5a47a986e87b8871e48683 41b3b94238dd4786b4eab03e982c1c07 - default default] 192.168.11.20,192.168.11.10 "GET /v2.0/security-groups?id=4ae14d65-fde9-4fd0-8cbf-9b1b234c77ec HTTP/1.1" status: 200  len: 3621 time: 0.0917208
2018-01-19 12:51:25.228 24 DEBUG neutron.wsgi [-] (24) accepted ('192.168.11.10', 34654) server /usr/lib/python2.7/site-packages/eventlet/wsgi.py:883
2018-01-19 12:51:25.311 24 INFO neutron.wsgi [req-6a120d61-128b-47f5-beeb-4acd3323f2d5 77bb33d65a5a47a986e87b8871e48683 41b3b94238dd4786b4eab03e982c1c07 - default default] 192.168.11.14,192.168.11.10 "GET /v2.0/ports?device_id=a286d2a0-8dbb-404b-9332-0cc647a784e2 HTTP/1.1" status: 200  len: 1032 time: 0.0817089
2018-01-19 12:51:26.591 24 DEBUG neutron.wsgi [-] (24) accepted ('192.168.11.10', 34750) server /usr/lib/python2.7/site-packages/eventlet/wsgi.py:883
2018-01-19 12:51:26.666 24 INFO neutron.wsgi [req-4c651c2e-a7bd-4a5a-b342-1b57f247e8e7 77bb33d65a5a47a986e87b8871e48683 41b3b94238dd4786b4eab03e982c1c07 - default default] 192.168.11.20,192.168.11.10 "GET /v2.0/security-groups?id=4ae14d65-fde9-4fd0-8cbf-9b1b234c77ec HTTP/1.1" status: 200  len: 3621 time: 0.0730250
2018-01-19 12:51:28.214 35 DEBUG networking_odl.journal.journal [req-5bb693c8-34e9-42e6-b307-3c5a599ddf38 - - - - -] Start processing journal entries sync_pending_entries /usr/lib/python2.7/site-packages/networking_odl/journal/journal.py:212
2018-01-19 12:51:28.232 35 DEBUG networking_odl.journal.journal [req-5bb693c8-34e9-42e6-b307-3c5a599ddf38 - - - - -] No journal entries to process sync_pending_entries /usr/lib/python2.7/site-packages/networking_odl/journal/journal.py:216
2018-01-19 12:51:29.054 26 DEBUG neutron.wsgi [-] (26) accepted ('192.168.11.10', 34874) server /usr/lib/python2.7/site-packages/eventlet/wsgi.py:883
2018-01-19 12:51:29.133 26 INFO neutron.wsgi [req-f649898d-c948-42b7-bd2e-1c8c73a3b818 77bb33d65a5a47a986e87b8871e48683 41b3b94238dd4786b4eab03e982c1c07 - default default] 192.168.11.14,192.168.11.10 "GET /v2.0/ports?device_id=a286d2a0-8dbb-404b-9332-0cc647a784e2 HTTP/1.1" status: 200  len: 1032 time: 0.0774879
2018-01-19 12:51:30.445 24 DEBUG neutron.wsgi [-] (24) accepted ('192.168.11.10', 34974) server /usr/lib/python2.7/site-packages/eventlet/wsgi.py:883
2018-01-19 12:51:30.534 24 INFO neutron.wsgi [req-89d21d64-71fe-4c11-b8b0-c0008e94cb83 77bb33d65a5a47a986e87b8871e48683 41b3b94238dd4786b4eab03e982c1c07 - default default] 192.168.11.20,192.168.11.10 "GET /v2.0/security-groups?id=4ae14d65-fde9-4fd0-8cbf-9b1b234c77ec HTTP/1.1" status: 200  len: 3621 time: 0.0877879
2018-01-19 12:51:32.949 26 DEBUG neutron.wsgi [-] (26) accepted ('192.168.11.10', 35116) server /usr/lib/python2.7/site-packages/eventlet/wsgi.py:883
2018-01-19 12:51:33.025 26 INFO neutron.wsgi [req-1cc94330-6fb9-445a-8b81-aafa219a7f3d 77bb33d65a5a47a986e87b8871e48683 41b3b94238dd4786b4eab03e982c1c07 - default default] 192.168.11.14,192.168.11.10 "GET /v2.0/ports?device_id=a286d2a0-8dbb-404b-9332-0cc647a784e2 HTTP/1.1" status: 200  len: 1032 time: 0.0756471
2018-01-19 12:51:34.306 24 DEBUG neutron.wsgi [-] (24) accepted ('192.168.11.10', 35210) server /usr/lib/python2.7/site-packages/eventlet/wsgi.py:883
2018-01-19 12:51:34.382 24 INFO neutron.wsgi [req-b06c753b-3921-4f6e-bea2-57a0332d0849 77bb33d65a5a47a986e87b8871e48683 41b3b94238dd4786b4eab03e982c1c07 - default default] 192.168.11.20,192.168.11.10 "GET /v2.0/security-groups?id=4ae14d65-fde9-4fd0-8cbf-9b1b234c77ec HTTP/1.1" status: 200  len: 3621 time: 0.0744588
2018-01-19 12:51:36.934 26 DEBUG neutron.wsgi [-] (26) accepted ('192.168.11.10', 35346) server /usr/lib/python2.7/site-packages/eventlet/wsgi.py:883
2018-01-19 12:51:37.006 26 INFO neutron.wsgi [req-d029c93c-786b-4c48-ac3b-e403816b394b 77bb33d65a5a47a986e87b8871e48683 41b3b94238dd4786b4eab03e982c1c07 - default default] 192.168.11.14,192.168.11.10 "GET /v2.0/ports?device_id=a286d2a0-8dbb-404b-9332-0cc647a784e2 HTTP/1.1" status: 200  len: 1032 time: 0.0714881
2018-01-19 12:51:37.334 7 INFO networking_odl.journal.periodic_task [req-bd85f1db-ae19-4fe3-b98a-47c7d5fa756e - - - - -] Starting maintenance periodic task.
2018-01-19 12:51:37.342 7 INFO networking_odl.journal.periodic_task [req-bd85f1db-ae19-4fe3-b98a-47c7d5fa756e - - - - -] Periodic maintenance task executed after periodic interval Skipping execution.
2018-01-19 12:51:38.224 35 DEBUG networking_odl.journal.journal [req-5bb693c8-34e9-42e6-b307-3c5a599ddf38 - - - - -] Start processing journal entries sync_pending_entries /usr/lib/python2.7/site-packages/networking_odl/journal/journal.py:212
2018-01-19 12:51:38.240 36 INFO networking_odl.journal.periodic_task [req-0b8e8ecf-dd60-42e2-8fa9-5f59204bf880 - - - - -] Starting hostconfig periodic task.
2018-01-19 12:51:38.248 35 DEBUG networking_odl.journal.journal [req-5bb693c8-34e9-42e6-b307-3c5a599ddf38 - - - - -] No journal entries to process sync_pending_entries /usr/lib/python2.7/site-packages/networking_odl/journal/journal.py:216
2018-01-19 12:51:38.249 36 INFO networking_odl.journal.periodic_task [req-0b8e8ecf-dd60-42e2-8fa9-5f59204bf880 - - - - -] Periodic hostconfig task executed after periodic interval Skipping execution.
2018-01-19 12:51:38.281 24 DEBUG neutron.wsgi [-] (24) accepted ('192.168.11.10', 35438) server /usr/lib/python2.7/site-packages/eventlet/wsgi.py:883
2018-01-19 12:51:38.356 24 INFO neutron.wsgi [req-95f9bf17-ed53-4bf2-8fbd-3bd4d604304d 77bb33d65a5a47a986e87b8871e48683 41b3b94238dd4786b4eab03e982c1c07 - default default] 192.168.11.20,192.168.11.10 "GET /v2.0/security-groups?id=4ae14d65-fde9-4fd0-8cbf-9b1b234c77ec HTTP/1.1" status: 200  len: 3621 time: 0.0747750
2018-01-19 12:51:38.840 34 DEBUG networking_odl.common.client [-] Sending METHOD (post) URL (http://192.168.11.20:8087/restconf/operations/sal-remote:create-data-change-event-subscription) JSON ({
  "input": {
    "path": "/neutron:neutron/neutron:ports", 
    "sal-remote-augment:notification-output-type": "JSON", 
    "sal-remote-augment:datastore": "OPERATIONAL", 
    "sal-remote-augment:scope": "SUBTREE"
  }
}) request /usr/lib/python2.7/site-packages/networking_odl/common/client.py:89
2018-01-19 12:51:38.853 34 DEBUG networking_odl.common.client [-] Got response:
({"output":{"stream-name":"data-change-event-subscription/neutron:neutron/neutron:ports/datastore=OPERATIONAL/scope=SUBTREE"}}) _check_response /usr/lib/python2.7/site-packages/networking_odl/common/client.py:143
2018-01-19 12:51:38.853 34 DEBUG networking_odl.common.client [-] Sending METHOD (get) URL (http://192.168.11.20:8087/restconf/streams/stream/data-change-event-subscription/neutron:neutron/neutron:ports/datastore=OPERATIONAL/scope=SUBTREE?odl-leaf-nodes-only=true) JSON (None) request /usr/lib/python2.7/site-packages/networking_odl/common/client.py:89
2018-01-19 12:51:38.860 34 DEBUG networking_odl.common.websocket_client [-] websocket stream URL: ws://192.168.11.20:8185/data-change-event-subscription/neutron:neutron/neutron:ports/datastore=OPERATIONAL/scope=SUBTREE _subscribe_websocket /usr/lib/python2.7/site-packages/networking_odl/common/websocket_client.py:210
2018-01-19 12:51:38.866 34 ERROR networking_odl.common.websocket_client [-] webSocket bad status exception: WebSocketBadStatusException: Handshake status 500
2018-01-19 12:51:38.866 34 ERROR networking_odl.common.websocket_client Traceback (most recent call last):
2018-01-19 12:51:38.866 34 ERROR networking_odl.common.websocket_client   File "/usr/lib/python2.7/site-packages/networking_odl/common/websocket_client.py", line 238, in _socket_create_connection
2018-01-19 12:51:38.866 34 ERROR networking_odl.common.websocket_client     timeout=self.timeout)
2018-01-19 12:51:38.866 34 ERROR networking_odl.common.websocket_client   File "/usr/lib/python2.7/site-packages/websocket/_core.py", line 104, in create_connection
2018-01-19 12:51:38.866 34 ERROR networking_odl.common.websocket_client     websock.connect(url, **options)
2018-01-19 12:51:38.866 34 ERROR networking_odl.common.websocket_client   File "/usr/lib/python2.7/site-packages/websocket/_core.py", line 269, in connect
2018-01-19 12:51:38.866 34 ERROR networking_odl.common.websocket_client     self.handshake_response = handshake(self.sock, *addrs, **options)
2018-01-19 12:51:38.866 34 ERROR networking_odl.common.websocket_client   File "/usr/lib/python2.7/site-packages/websocket/_handshake.py", line 67, in handshake
2018-01-19 12:51:38.866 34 ERROR networking_odl.common.websocket_client     status, resp = _get_resp_headers(sock)
2018-01-19 12:51:38.866 34 ERROR networking_odl.common.websocket_client   File "/usr/lib/python2.7/site-packages/websocket/_handshake.py", line 123, in _get_resp_headers
2018-01-19 12:51:38.866 34 ERROR networking_odl.common.websocket_client     raise WebSocketBadStatusException("Handshake status %d", status)
2018-01-19 12:51:38.866 34 ERROR networking_odl.common.websocket_client WebSocketBadStatusException: Handshake status 500
2018-01-19 12:51:38.866 34 ERROR networking_odl.common.websocket_client 
2018-01-19 12:51:40.770 24 DEBUG neutron.wsgi [-] (24) accepted ('192.168.11.10', 35586) server /usr/lib/python2.7/site-packages/eventlet/wsgi.py:883
2018-01-19 12:51:40.842 24 INFO neutron.wsgi [req-7991aec6-60d4-4af3-af9f-5ecdafa84dcc 77bb33d65a5a47a986e87b8871e48683 41b3b94238dd4786b4eab03e982c1c07 - default default] 192.168.11.14,192.168.11.10 "GET /v2.0/ports?device_id=a286d2a0-8dbb-404b-9332-0cc647a784e2 HTTP/1.1" status: 200  len: 1032 time: 0.0708811
2018-01-19 12:51:42.120 24 DEBUG neutron.wsgi [-] (24) accepted ('192.168.11.10', 35680) server /usr/lib/python2.7/site-packages/eventlet/wsgi.py:883
2018-01-19 12:51:42.197 24 INFO neutron.wsgi [req-f36ce608-baf4-4004-b784-85926923c302 77bb33d65a5a47a986e87b8871e48683 41b3b94238dd4786b4eab03e982c1c07 - default default] 192.168.11.20,192.168.11.10 "GET /v2.0/security-groups?id=4ae14d65-fde9-4fd0-8cbf-9b1b234c77ec HTTP/1.1" status: 200  len: 3621 time: 0.0751710
2018-01-19 12:51:44.644 24 DEBUG neutron.wsgi [-] (24) accepted ('192.168.11.10', 35824) server /usr/lib/python2.7/site-packages/eventlet/wsgi.py:883
2018-01-19 12:51:44.720 24 INFO neutron.wsgi [req-428dd2f6-4221-4183-9f18-526581f63677 77bb33d65a5a47a986e87b8871e48683 41b3b94238dd4786b4eab03e982c1c07 - default default] 192.168.11.14,192.168.11.10 "GET /v2.0/ports?device_id=a286d2a0-8dbb-404b-9332-0cc647a784e2 HTTP/1.1" status: 200  len: 1032 time: 0.0751002
2018-01-19 12:51:46.147 24 DEBUG neutron.wsgi [-] (24) accepted ('192.168.11.10', 35928) server /usr/lib/python2.7/site-packages/eventlet/wsgi.py:883
2018-01-19 12:51:46.217 24 INFO neutron.wsgi [req-a2b312dc-535c-48d5-99f5-2b72bed210a7 77bb33d65a5a47a986e87b8871e48683 41b3b94238dd4786b4eab03e982c1c07 - default default] 192.168.11.20,192.168.11.10 "GET /v2.0/security-groups?id=4ae14d65-fde9-4fd0-8cbf-9b1b234c77ec HTTP/1.1" status: 200  len: 3621 time: 0.0687780
2018-01-19 12:51:48.228 35 DEBUG networking_odl.journal.journal [req-5bb693c8-34e9-42e6-b307-3c5a599ddf38 - - - - -] Start processing journal entries sync_pending_entries /usr/lib/python2.7/site-packages/networking_odl/journal/journal.py:212
2018-01-19 12:51:48.246 35 DEBUG networking_odl.journal.journal [req-5bb693c8-34e9-42e6-b307-3c5a599ddf38 - - - - -] No journal entries to process sync_pending_entries /usr/lib/python2.7/site-packages/networking_odl/journal/journal.py:216
2018-01-19 12:51:48.617 27 DEBUG neutron.wsgi [-] (27) accepted ('192.168.11.10', 36072) server /usr/lib/python2.7/site-packages/eventlet/wsgi.py:883
2018-01-19 12:51:48.803 27 INFO neutron.wsgi [req-4f154db4-8741-43f7-8ab5-4da109cb8ecb 77bb33d65a5a47a986e87b8871e48683 41b3b94238dd4786b4eab03e982c1c07 - default default] 192.168.11.14,192.168.11.10 "GET /v2.0/ports?device_id=a286d2a0-8dbb-404b-9332-0cc647a784e2 HTTP/1.1" status: 200  len: 1032 time: 0.1846130
2018-01-19 12:51:50.105 24 DEBUG neutron.wsgi [-] (24) accepted ('192.168.11.10', 36160) server /usr/lib/python2.7/site-packages/eventlet/wsgi.py:883
2018-01-19 12:51:50.200 24 INFO neutron.wsgi [req-a529cdbf-0dd3-413c-9710-66c058604eee 77bb33d65a5a47a986e87b8871e48683 41b3b94238dd4786b4eab03e982c1c07 - default default] 192.168.11.20,192.168.11.10 "GET /v2.0/security-groups?id=4ae14d65-fde9-4fd0-8cbf-9b1b234c77ec HTTP/1.1" status: 200  len: 3621 time: 0.0938210
2018-01-19 12:51:51.998 37 DEBUG neutron.db.agents_db [req-31771abe-72f9-4c7a-8864-74864eb385e1 - - - - -] Agent healthcheck: found 11 active agents agent_health_check /usr/lib/python2.7/site-packages/neutron/db/agents_db.py:281
2018-01-19 12:51:52.769 24 DEBUG neutron.wsgi [-] (24) accepted ('192.168.11.10', 36310) server /usr/lib/python2.7/site-packages/eventlet/wsgi.py:883
2018-01-19 12:51:52.836 24 INFO neutron.wsgi [req-f59342ff-592b-41e7-b3d9-5dc5b9b25fac 77bb33d65a5a47a986e87b8871e48683 41b3b94238dd4786b4eab03e982c1c07 - default default] 192.168.11.14,192.168.11.10 "GET /v2.0/ports?device_id=a286d2a0-8dbb-404b-9332-0cc647a784e2 HTTP/1.1" status: 200  len: 1032 time: 0.0658798
2018-01-19 12:51:54.145 24 DEBUG neutron.wsgi [-] (24) accepted ('192.168.11.10', 36394) server /usr/lib/python2.7/site-packages/eventlet/wsgi.py:883
2018-01-19 12:51:54.249 24 INFO neutron.wsgi [req-92249375-cbfd-4620-a533-b520a5ccd67e 77bb33d65a5a47a986e87b8871e48683 41b3b94238dd4786b4eab03e982c1c07 - default default] 192.168.11.20,192.168.11.10 "GET /v2.0/security-groups?id=4ae14d65-fde9-4fd0-8cbf-9b1b234c77ec HTTP/1.1" status: 200  len: 3621 time: 0.1016738
2018-01-19 12:51:57.664 26 DEBUG neutron.wsgi [-] (26) accepted ('192.168.11.10', 36600) server /usr/lib/python2.7/site-packages/eventlet/wsgi.py:883
2018-01-19 12:51:57.746 26 INFO neutron.wsgi [req-358bbda2-2488-4afa-aee0-9ba49d1cfc62 77bb33d65a5a47a986e87b8871e48683 41b3b94238dd4786b4eab03e982c1c07 - default default] 192.168.11.14,192.168.11.10 "GET /v2.0/ports?device_id=a286d2a0-8dbb-404b-9332-0cc647a784e2 HTTP/1.1" status: 200  len: 1032 time: 0.0807328
2018-01-19 12:51:58.238 35 DEBUG networking_odl.journal.journal [req-5bb693c8-34e9-42e6-b307-3c5a599ddf38 - - - - -] Start processing journal entries sync_pending_entries /usr/lib/python2.7/site-packages/networking_odl/journal/journal.py:212
2018-01-19 12:51:58.258 35 DEBUG networking_odl.journal.journal [req-5bb693c8-34e9-42e6-b307-3c5a599ddf38 - - - - -] No journal entries to process sync_pending_entries /usr/lib/python2.7/site-packages/networking_odl/journal/journal.py:216
2018-01-19 12:51:59.355 24 DEBUG neutron.wsgi [-] (24) accepted ('192.168.11.10', 36700) server /usr/lib/python2.7/site-packages/eventlet/wsgi.py:883
2018-01-19 12:51:59.429 24 INFO neutron.wsgi [req-9724ea75-1582-4e79-a801-41009d508032 77bb33d65a5a47a986e87b8871e48683 41b3b94238dd4786b4eab03e982c1c07 - default default] 192.168.11.20,192.168.11.10 "GET /v2.0/security-groups?id=4ae14d65-fde9-4fd0-8cbf-9b1b234c77ec HTTP/1.1" status: 200  len: 3621 time: 0.0723710
2018-01-19 12:52:01.859 26 DEBUG neutron.wsgi [-] (26) accepted ('192.168.11.10', 36846) server /usr/lib/python2.7/site-packages/eventlet/wsgi.py:883
2018-01-19 12:52:01.939 26 INFO neutron.wsgi [req-81542f87-35ac-452e-b079-2ff85842ae34 77bb33d65a5a47a986e87b8871e48683 41b3b94238dd4786b4eab03e982c1c07 - default default] 192.168.11.14,192.168.11.10 "GET /v2.0/ports?device_id=a286d2a0-8dbb-404b-9332-0cc647a784e2 HTTP/1.1" status: 200  len: 1032 time: 0.0785291
2018-01-19 12:52:03.243 24 DEBUG neutron.wsgi [-] (24) accepted ('192.168.11.10', 36924) server /usr/lib/python2.7/site-packages/eventlet/wsgi.py:883
2018-01-19 12:52:03.328 24 INFO neutron.wsgi [req-287871f6-2939-4ca4-84e3-13e5fffa21e5 77bb33d65a5a47a986e87b8871e48683 41b3b94238dd4786b4eab03e982c1c07 - default default] 192.168.11.20,192.168.11.10 "GET /v2.0/security-groups?id=4ae14d65-fde9-4fd0-8cbf-9b1b234c77ec HTTP/1.1" status: 200  len: 3621 time: 0.0828688
